Archive member included to satisfy reference by file (symbol)

c:/st/stm32cubeide_1.4.0/stm32cubeide/plugins/com.st.stm32cube.ide.mcu.externaltools.gnu-tools-for-stm32.7-2018-q2-update.win32_1.4.0.202007081208/tools/bin/../lib/gcc/arm-none-eabi/7.3.1/../../../../arm-none-eabi/lib/thumb/v7-m\libc_nano.a(lib_a-errno.o)
                              Src/syscalls.o (__errno)
c:/st/stm32cubeide_1.4.0/stm32cubeide/plugins/com.st.stm32cube.ide.mcu.externaltools.gnu-tools-for-stm32.7-2018-q2-update.win32_1.4.0.202007081208/tools/bin/../lib/gcc/arm-none-eabi/7.3.1/../../../../arm-none-eabi/lib/thumb/v7-m\libc_nano.a(lib_a-exit.o)
                              c:/st/stm32cubeide_1.4.0/stm32cubeide/plugins/com.st.stm32cube.ide.mcu.externaltools.gnu-tools-for-stm32.7-2018-q2-update.win32_1.4.0.202007081208/tools/bin/../lib/gcc/arm-none-eabi/7.3.1/../../../../arm-none-eabi/lib/thumb/v7-m/crt0.o (exit)
c:/st/stm32cubeide_1.4.0/stm32cubeide/plugins/com.st.stm32cube.ide.mcu.externaltools.gnu-tools-for-stm32.7-2018-q2-update.win32_1.4.0.202007081208/tools/bin/../lib/gcc/arm-none-eabi/7.3.1/../../../../arm-none-eabi/lib/thumb/v7-m\libc_nano.a(lib_a-impure.o)
                              c:/st/stm32cubeide_1.4.0/stm32cubeide/plugins/com.st.stm32cube.ide.mcu.externaltools.gnu-tools-for-stm32.7-2018-q2-update.win32_1.4.0.202007081208/tools/bin/../lib/gcc/arm-none-eabi/7.3.1/../../../../arm-none-eabi/lib/thumb/v7-m\libc_nano.a(lib_a-exit.o) (_global_impure_ptr)
c:/st/stm32cubeide_1.4.0/stm32cubeide/plugins/com.st.stm32cube.ide.mcu.externaltools.gnu-tools-for-stm32.7-2018-q2-update.win32_1.4.0.202007081208/tools/bin/../lib/gcc/arm-none-eabi/7.3.1/../../../../arm-none-eabi/lib/thumb/v7-m\libc_nano.a(lib_a-init.o)
                              c:/st/stm32cubeide_1.4.0/stm32cubeide/plugins/com.st.stm32cube.ide.mcu.externaltools.gnu-tools-for-stm32.7-2018-q2-update.win32_1.4.0.202007081208/tools/bin/../lib/gcc/arm-none-eabi/7.3.1/../../../../arm-none-eabi/lib/thumb/v7-m/crt0.o (__libc_init_array)
c:/st/stm32cubeide_1.4.0/stm32cubeide/plugins/com.st.stm32cube.ide.mcu.externaltools.gnu-tools-for-stm32.7-2018-q2-update.win32_1.4.0.202007081208/tools/bin/../lib/gcc/arm-none-eabi/7.3.1/../../../../arm-none-eabi/lib/thumb/v7-m\libc_nano.a(lib_a-memset.o)
                              c:/st/stm32cubeide_1.4.0/stm32cubeide/plugins/com.st.stm32cube.ide.mcu.externaltools.gnu-tools-for-stm32.7-2018-q2-update.win32_1.4.0.202007081208/tools/bin/../lib/gcc/arm-none-eabi/7.3.1/../../../../arm-none-eabi/lib/thumb/v7-m/crt0.o (memset)

Discarded input sections

 .text          0x0000000000000000        0x0 c:/st/stm32cubeide_1.4.0/stm32cubeide/plugins/com.st.stm32cube.ide.mcu.externaltools.gnu-tools-for-stm32.7-2018-q2-update.win32_1.4.0.202007081208/tools/bin/../lib/gcc/arm-none-eabi/7.3.1/thumb/v7-m/crti.o
 .data          0x0000000000000000        0x0 c:/st/stm32cubeide_1.4.0/stm32cubeide/plugins/com.st.stm32cube.ide.mcu.externaltools.gnu-tools-for-stm32.7-2018-q2-update.win32_1.4.0.202007081208/tools/bin/../lib/gcc/arm-none-eabi/7.3.1/thumb/v7-m/crti.o
 .bss           0x0000000000000000        0x0 c:/st/stm32cubeide_1.4.0/stm32cubeide/plugins/com.st.stm32cube.ide.mcu.externaltools.gnu-tools-for-stm32.7-2018-q2-update.win32_1.4.0.202007081208/tools/bin/../lib/gcc/arm-none-eabi/7.3.1/thumb/v7-m/crti.o
 .data          0x0000000000000000        0x4 c:/st/stm32cubeide_1.4.0/stm32cubeide/plugins/com.st.stm32cube.ide.mcu.externaltools.gnu-tools-for-stm32.7-2018-q2-update.win32_1.4.0.202007081208/tools/bin/../lib/gcc/arm-none-eabi/7.3.1/thumb/v7-m/crtbegin.o
 .text          0x0000000000000000       0x74 c:/st/stm32cubeide_1.4.0/stm32cubeide/plugins/com.st.stm32cube.ide.mcu.externaltools.gnu-tools-for-stm32.7-2018-q2-update.win32_1.4.0.202007081208/tools/bin/../lib/gcc/arm-none-eabi/7.3.1/../../../../arm-none-eabi/lib/thumb/v7-m/crt0.o
 .data          0x0000000000000000        0x0 c:/st/stm32cubeide_1.4.0/stm32cubeide/plugins/com.st.stm32cube.ide.mcu.externaltools.gnu-tools-for-stm32.7-2018-q2-update.win32_1.4.0.202007081208/tools/bin/../lib/gcc/arm-none-eabi/7.3.1/../../../../arm-none-eabi/lib/thumb/v7-m/crt0.o
 .bss           0x0000000000000000        0x0 c:/st/stm32cubeide_1.4.0/stm32cubeide/plugins/com.st.stm32cube.ide.mcu.externaltools.gnu-tools-for-stm32.7-2018-q2-update.win32_1.4.0.202007081208/tools/bin/../lib/gcc/arm-none-eabi/7.3.1/../../../../arm-none-eabi/lib/thumb/v7-m/crt0.o
 .ARM.extab     0x0000000000000000        0x0 c:/st/stm32cubeide_1.4.0/stm32cubeide/plugins/com.st.stm32cube.ide.mcu.externaltools.gnu-tools-for-stm32.7-2018-q2-update.win32_1.4.0.202007081208/tools/bin/../lib/gcc/arm-none-eabi/7.3.1/../../../../arm-none-eabi/lib/thumb/v7-m/crt0.o
 .ARM.exidx     0x0000000000000000        0x8 c:/st/stm32cubeide_1.4.0/stm32cubeide/plugins/com.st.stm32cube.ide.mcu.externaltools.gnu-tools-for-stm32.7-2018-q2-update.win32_1.4.0.202007081208/tools/bin/../lib/gcc/arm-none-eabi/7.3.1/../../../../arm-none-eabi/lib/thumb/v7-m/crt0.o
 .ARM.attributes
                0x0000000000000000       0x1b c:/st/stm32cubeide_1.4.0/stm32cubeide/plugins/com.st.stm32cube.ide.mcu.externaltools.gnu-tools-for-stm32.7-2018-q2-update.win32_1.4.0.202007081208/tools/bin/../lib/gcc/arm-none-eabi/7.3.1/../../../../arm-none-eabi/lib/thumb/v7-m/crt0.o
 .group         0x0000000000000000        0xc HAL/Keypad.o
 .group         0x0000000000000000        0xc HAL/Keypad.o
 .group         0x0000000000000000        0xc HAL/Keypad.o
 .group         0x0000000000000000        0xc HAL/Keypad.o
 .group         0x0000000000000000        0xc HAL/Keypad.o
 .group         0x0000000000000000        0xc HAL/Keypad.o
 .group         0x0000000000000000        0xc HAL/Keypad.o
 .group         0x0000000000000000        0xc HAL/Keypad.o
 .group         0x0000000000000000        0xc HAL/Keypad.o
 .group         0x0000000000000000        0xc HAL/Keypad.o
 .group         0x0000000000000000        0xc HAL/Keypad.o
 .group         0x0000000000000000        0xc HAL/Keypad.o
 .group         0x0000000000000000        0xc HAL/Keypad.o
 .group         0x0000000000000000        0xc HAL/Keypad.o
 .group         0x0000000000000000        0xc HAL/Keypad.o
 .group         0x0000000000000000        0xc HAL/Keypad.o
 .group         0x0000000000000000        0xc HAL/Keypad.o
 .group         0x0000000000000000        0xc HAL/Keypad.o
 .group         0x0000000000000000        0xc HAL/Keypad.o
 .group         0x0000000000000000        0xc HAL/Keypad.o
 .group         0x0000000000000000        0xc HAL/Keypad.o
 .group         0x0000000000000000        0xc HAL/Keypad.o
 .group         0x0000000000000000        0xc HAL/Keypad.o
 .group         0x0000000000000000        0xc HAL/Keypad.o
 .group         0x0000000000000000        0xc HAL/Keypad.o
 .text          0x0000000000000000        0x0 HAL/Keypad.o
 .data          0x0000000000000000        0x0 HAL/Keypad.o
 .bss           0x0000000000000000        0x0 HAL/Keypad.o
 .group         0x0000000000000000        0xc HAL/LCD.o
 .group         0x0000000000000000        0xc HAL/LCD.o
 .group         0x0000000000000000        0xc HAL/LCD.o
 .group         0x0000000000000000        0xc HAL/LCD.o
 .group         0x0000000000000000        0xc HAL/LCD.o
 .group         0x0000000000000000        0xc HAL/LCD.o
 .group         0x0000000000000000        0xc HAL/LCD.o
 .group         0x0000000000000000        0xc HAL/LCD.o
 .group         0x0000000000000000        0xc HAL/LCD.o
 .group         0x0000000000000000        0xc HAL/LCD.o
 .group         0x0000000000000000        0xc HAL/LCD.o
 .group         0x0000000000000000        0xc HAL/LCD.o
 .group         0x0000000000000000        0xc HAL/LCD.o
 .group         0x0000000000000000        0xc HAL/LCD.o
 .group         0x0000000000000000        0xc HAL/LCD.o
 .group         0x0000000000000000        0xc HAL/LCD.o
 .group         0x0000000000000000        0xc HAL/LCD.o
 .group         0x0000000000000000        0xc HAL/LCD.o
 .group         0x0000000000000000        0xc HAL/LCD.o
 .group         0x0000000000000000        0xc HAL/LCD.o
 .group         0x0000000000000000        0xc HAL/LCD.o
 .group         0x0000000000000000        0xc HAL/LCD.o
 .group         0x0000000000000000        0xc HAL/LCD.o
 .group         0x0000000000000000        0xc HAL/LCD.o
 .group         0x0000000000000000        0xc HAL/LCD.o
 .text          0x0000000000000000        0x0 HAL/LCD.o
 .data          0x0000000000000000        0x0 HAL/LCD.o
 .bss           0x0000000000000000        0x0 HAL/LCD.o
 .text.LCD_isbusy
                0x0000000000000000       0x9c HAL/LCD.o
 .debug_macro   0x0000000000000000      0xa60 HAL/LCD.o
 .debug_macro   0x0000000000000000       0x18 HAL/LCD.o
 .debug_macro   0x0000000000000000       0x22 HAL/LCD.o
 .debug_macro   0x0000000000000000       0x40 HAL/LCD.o
 .debug_macro   0x0000000000000000       0x94 HAL/LCD.o
 .debug_macro   0x0000000000000000       0x3c HAL/LCD.o
 .debug_macro   0x0000000000000000       0x34 HAL/LCD.o
 .debug_macro   0x0000000000000000       0x16 HAL/LCD.o
 .debug_macro   0x0000000000000000      0x10e HAL/LCD.o
 .debug_macro   0x0000000000000000       0x8d HAL/LCD.o
 .debug_macro   0x0000000000000000       0x57 HAL/LCD.o
 .debug_macro   0x0000000000000000       0x52 HAL/LCD.o
 .debug_macro   0x0000000000000000       0x1f HAL/LCD.o
 .debug_macro   0x0000000000000000       0x43 HAL/LCD.o
 .debug_macro   0x0000000000000000       0x20 HAL/LCD.o
 .debug_macro   0x0000000000000000      0x1a3 HAL/LCD.o
 .debug_macro   0x0000000000000000      0x330 HAL/LCD.o
 .debug_macro   0x0000000000000000       0x16 HAL/LCD.o
 .debug_macro   0x0000000000000000       0x29 HAL/LCD.o
 .debug_macro   0x0000000000000000       0xef HAL/LCD.o
 .debug_macro   0x0000000000000000       0x6a HAL/LCD.o
 .debug_macro   0x0000000000000000      0x1df HAL/LCD.o
 .debug_macro   0x0000000000000000       0xaa HAL/LCD.o
 .debug_macro   0x0000000000000000       0xca HAL/LCD.o
 .group         0x0000000000000000        0xc STM32_F103C6_Driver/STM32F103C6_GPIO_Driver.o
 .group         0x0000000000000000        0xc STM32_F103C6_Driver/STM32F103C6_GPIO_Driver.o
 .group         0x0000000000000000        0xc STM32_F103C6_Driver/STM32F103C6_GPIO_Driver.o
 .group         0x0000000000000000        0xc STM32_F103C6_Driver/STM32F103C6_GPIO_Driver.o
 .group         0x0000000000000000        0xc STM32_F103C6_Driver/STM32F103C6_GPIO_Driver.o
 .group         0x0000000000000000        0xc STM32_F103C6_Driver/STM32F103C6_GPIO_Driver.o
 .group         0x0000000000000000        0xc STM32_F103C6_Driver/STM32F103C6_GPIO_Driver.o
 .group         0x0000000000000000        0xc STM32_F103C6_Driver/STM32F103C6_GPIO_Driver.o
 .group         0x0000000000000000        0xc STM32_F103C6_Driver/STM32F103C6_GPIO_Driver.o
 .group         0x0000000000000000        0xc STM32_F103C6_Driver/STM32F103C6_GPIO_Driver.o
 .group         0x0000000000000000        0xc STM32_F103C6_Driver/STM32F103C6_GPIO_Driver.o
 .group         0x0000000000000000        0xc STM32_F103C6_Driver/STM32F103C6_GPIO_Driver.o
 .group         0x0000000000000000        0xc STM32_F103C6_Driver/STM32F103C6_GPIO_Driver.o
 .group         0x0000000000000000        0xc STM32_F103C6_Driver/STM32F103C6_GPIO_Driver.o
 .group         0x0000000000000000        0xc STM32_F103C6_Driver/STM32F103C6_GPIO_Driver.o
 .group         0x0000000000000000        0xc STM32_F103C6_Driver/STM32F103C6_GPIO_Driver.o
 .group         0x0000000000000000        0xc STM32_F103C6_Driver/STM32F103C6_GPIO_Driver.o
 .group         0x0000000000000000        0xc STM32_F103C6_Driver/STM32F103C6_GPIO_Driver.o
 .group         0x0000000000000000        0xc STM32_F103C6_Driver/STM32F103C6_GPIO_Driver.o
 .group         0x0000000000000000        0xc STM32_F103C6_Driver/STM32F103C6_GPIO_Driver.o
 .group         0x0000000000000000        0xc STM32_F103C6_Driver/STM32F103C6_GPIO_Driver.o
 .group         0x0000000000000000        0xc STM32_F103C6_Driver/STM32F103C6_GPIO_Driver.o
 .group         0x0000000000000000        0xc STM32_F103C6_Driver/STM32F103C6_GPIO_Driver.o
 .group         0x0000000000000000        0xc STM32_F103C6_Driver/STM32F103C6_GPIO_Driver.o
 .text          0x0000000000000000        0x0 STM32_F103C6_Driver/STM32F103C6_GPIO_Driver.o
 .data          0x0000000000000000        0x0 STM32_F103C6_Driver/STM32F103C6_GPIO_Driver.o
 .bss           0x0000000000000000        0x0 STM32_F103C6_Driver/STM32F103C6_GPIO_Driver.o
 .text.MCAL_GPIO_ReInit
                0x0000000000000000       0xcc STM32_F103C6_Driver/STM32F103C6_GPIO_Driver.o
 .text.MCAL_GPIO_ReadPORT
                0x0000000000000000       0x16 STM32_F103C6_Driver/STM32F103C6_GPIO_Driver.o
 .text.MCAL_GPIO_TogglePin
                0x0000000000000000       0x22 STM32_F103C6_Driver/STM32F103C6_GPIO_Driver.o
 .text.MCAL_GPIO_LockPin
                0x0000000000000000       0x4a STM32_F103C6_Driver/STM32F103C6_GPIO_Driver.o
 .text.MCAL_GPIO_EXTI_IRQConfig
                0x0000000000000000        0xc STM32_F103C6_Driver/STM32F103C6_GPIO_Driver.o
 .text.MCAL_GPIO_EXTI_IRQHandling
                0x0000000000000000        0xc STM32_F103C6_Driver/STM32F103C6_GPIO_Driver.o
 .debug_macro   0x0000000000000000      0xa60 STM32_F103C6_Driver/STM32F103C6_GPIO_Driver.o
 .debug_macro   0x0000000000000000       0x18 STM32_F103C6_Driver/STM32F103C6_GPIO_Driver.o
 .debug_macro   0x0000000000000000       0x22 STM32_F103C6_Driver/STM32F103C6_GPIO_Driver.o
 .debug_macro   0x0000000000000000       0x40 STM32_F103C6_Driver/STM32F103C6_GPIO_Driver.o
 .debug_macro   0x0000000000000000       0x94 STM32_F103C6_Driver/STM32F103C6_GPIO_Driver.o
 .debug_macro   0x0000000000000000       0x3c STM32_F103C6_Driver/STM32F103C6_GPIO_Driver.o
 .debug_macro   0x0000000000000000       0x34 STM32_F103C6_Driver/STM32F103C6_GPIO_Driver.o
 .debug_macro   0x0000000000000000       0x16 STM32_F103C6_Driver/STM32F103C6_GPIO_Driver.o
 .debug_macro   0x0000000000000000      0x10e STM32_F103C6_Driver/STM32F103C6_GPIO_Driver.o
 .debug_macro   0x0000000000000000       0x8d STM32_F103C6_Driver/STM32F103C6_GPIO_Driver.o
 .debug_macro   0x0000000000000000       0x57 STM32_F103C6_Driver/STM32F103C6_GPIO_Driver.o
 .debug_macro   0x0000000000000000       0x52 STM32_F103C6_Driver/STM32F103C6_GPIO_Driver.o
 .debug_macro   0x0000000000000000       0x1f STM32_F103C6_Driver/STM32F103C6_GPIO_Driver.o
 .debug_macro   0x0000000000000000       0x43 STM32_F103C6_Driver/STM32F103C6_GPIO_Driver.o
 .debug_macro   0x0000000000000000       0x20 STM32_F103C6_Driver/STM32F103C6_GPIO_Driver.o
 .debug_macro   0x0000000000000000      0x1a3 STM32_F103C6_Driver/STM32F103C6_GPIO_Driver.o
 .debug_macro   0x0000000000000000      0x330 STM32_F103C6_Driver/STM32F103C6_GPIO_Driver.o
 .debug_macro   0x0000000000000000       0x16 STM32_F103C6_Driver/STM32F103C6_GPIO_Driver.o
 .debug_macro   0x0000000000000000       0x29 STM32_F103C6_Driver/STM32F103C6_GPIO_Driver.o
 .debug_macro   0x0000000000000000       0xef STM32_F103C6_Driver/STM32F103C6_GPIO_Driver.o
 .debug_macro   0x0000000000000000       0x6a STM32_F103C6_Driver/STM32F103C6_GPIO_Driver.o
 .debug_macro   0x0000000000000000      0x1df STM32_F103C6_Driver/STM32F103C6_GPIO_Driver.o
 .debug_macro   0x0000000000000000       0xaa STM32_F103C6_Driver/STM32F103C6_GPIO_Driver.o
 .debug_macro   0x0000000000000000       0xca STM32_F103C6_Driver/STM32F103C6_GPIO_Driver.o
 .group         0x0000000000000000        0xc Src/main.o
 .group         0x0000000000000000        0xc Src/main.o
 .group         0x0000000000000000        0xc Src/main.o
 .group         0x0000000000000000        0xc Src/main.o
 .group         0x0000000000000000        0xc Src/main.o
 .group         0x0000000000000000        0xc Src/main.o
 .group         0x0000000000000000        0xc Src/main.o
 .group         0x0000000000000000        0xc Src/main.o
 .group         0x0000000000000000        0xc Src/main.o
 .group         0x0000000000000000        0xc Src/main.o
 .group         0x0000000000000000        0xc Src/main.o
 .group         0x0000000000000000        0xc Src/main.o
 .group         0x0000000000000000        0xc Src/main.o
 .group         0x0000000000000000        0xc Src/main.o
 .group         0x0000000000000000        0xc Src/main.o
 .group         0x0000000000000000        0xc Src/main.o
 .group         0x0000000000000000        0xc Src/main.o
 .group         0x0000000000000000        0xc Src/main.o
 .group         0x0000000000000000        0xc Src/main.o
 .group         0x0000000000000000        0xc Src/main.o
 .group         0x0000000000000000        0xc Src/main.o
 .group         0x0000000000000000        0xc Src/main.o
 .group         0x0000000000000000        0xc Src/main.o
 .group         0x0000000000000000        0xc Src/main.o
 .group         0x0000000000000000        0xc Src/main.o
 .group         0x0000000000000000        0xc Src/main.o
 .text          0x0000000000000000        0x0 Src/main.o
 .data          0x0000000000000000        0x0 Src/main.o
 .bss           0x0000000000000000        0x0 Src/main.o
 .debug_macro   0x0000000000000000      0xa60 Src/main.o
 .debug_macro   0x0000000000000000       0x18 Src/main.o
 .debug_macro   0x0000000000000000       0x22 Src/main.o
 .debug_macro   0x0000000000000000       0x40 Src/main.o
 .debug_macro   0x0000000000000000       0x94 Src/main.o
 .debug_macro   0x0000000000000000       0x3c Src/main.o
 .debug_macro   0x0000000000000000       0x34 Src/main.o
 .debug_macro   0x0000000000000000       0x16 Src/main.o
 .debug_macro   0x0000000000000000      0x10e Src/main.o
 .debug_macro   0x0000000000000000       0x8d Src/main.o
 .debug_macro   0x0000000000000000       0x57 Src/main.o
 .debug_macro   0x0000000000000000       0x52 Src/main.o
 .debug_macro   0x0000000000000000       0x1f Src/main.o
 .debug_macro   0x0000000000000000       0x43 Src/main.o
 .debug_macro   0x0000000000000000       0x20 Src/main.o
 .debug_macro   0x0000000000000000      0x1a3 Src/main.o
 .debug_macro   0x0000000000000000      0x330 Src/main.o
 .debug_macro   0x0000000000000000       0x16 Src/main.o
 .debug_macro   0x0000000000000000       0x29 Src/main.o
 .debug_macro   0x0000000000000000       0xef Src/main.o
 .debug_macro   0x0000000000000000       0x6a Src/main.o
 .debug_macro   0x0000000000000000      0x1df Src/main.o
 .debug_macro   0x0000000000000000       0xaa Src/main.o
 .debug_macro   0x0000000000000000       0xca Src/main.o
 .group         0x0000000000000000        0xc Src/syscalls.o
 .group         0x0000000000000000        0xc Src/syscalls.o
 .group         0x0000000000000000        0xc Src/syscalls.o
 .group         0x0000000000000000        0xc Src/syscalls.o
 .group         0x0000000000000000        0xc Src/syscalls.o
 .group         0x0000000000000000        0xc Src/syscalls.o
 .group         0x0000000000000000        0xc Src/syscalls.o
 .group         0x0000000000000000        0xc Src/syscalls.o
 .group         0x0000000000000000        0xc Src/syscalls.o
 .group         0x0000000000000000        0xc Src/syscalls.o
 .group         0x0000000000000000        0xc Src/syscalls.o
 .group         0x0000000000000000        0xc Src/syscalls.o
 .group         0x0000000000000000        0xc Src/syscalls.o
 .group         0x0000000000000000        0xc Src/syscalls.o
 .group         0x0000000000000000        0xc Src/syscalls.o
 .group         0x0000000000000000        0xc Src/syscalls.o
 .group         0x0000000000000000        0xc Src/syscalls.o
 .group         0x0000000000000000        0xc Src/syscalls.o
 .group         0x0000000000000000        0xc Src/syscalls.o
 .group         0x0000000000000000        0xc Src/syscalls.o
 .group         0x0000000000000000        0xc Src/syscalls.o
 .group         0x0000000000000000        0xc Src/syscalls.o
 .group         0x0000000000000000        0xc Src/syscalls.o
 .group         0x0000000000000000        0xc Src/syscalls.o
 .group         0x0000000000000000        0xc Src/syscalls.o
 .group         0x0000000000000000        0xc Src/syscalls.o
 .group         0x0000000000000000        0xc Src/syscalls.o
 .group         0x0000000000000000        0xc Src/syscalls.o
 .group         0x0000000000000000        0xc Src/syscalls.o
 .group         0x0000000000000000        0xc Src/syscalls.o
 .group         0x0000000000000000        0xc Src/syscalls.o
 .group         0x0000000000000000        0xc Src/syscalls.o
 .group         0x0000000000000000        0xc Src/syscalls.o
 .group         0x0000000000000000        0xc Src/syscalls.o
 .group         0x0000000000000000        0xc Src/syscalls.o
 .group         0x0000000000000000        0xc Src/syscalls.o
 .group         0x0000000000000000        0xc Src/syscalls.o
 .group         0x0000000000000000        0xc Src/syscalls.o
 .group         0x0000000000000000        0xc Src/syscalls.o
 .group         0x0000000000000000        0xc Src/syscalls.o
 .group         0x0000000000000000        0xc Src/syscalls.o
 .group         0x0000000000000000        0xc Src/syscalls.o
 .group         0x0000000000000000        0xc Src/syscalls.o
 .group         0x0000000000000000        0xc Src/syscalls.o
 .text          0x0000000000000000        0x0 Src/syscalls.o
 .data          0x0000000000000000        0x0 Src/syscalls.o
 .bss           0x0000000000000000        0x0 Src/syscalls.o
 .bss.__env     0x0000000000000000        0x4 Src/syscalls.o
 .data.environ  0x0000000000000000        0x4 Src/syscalls.o
 .text.initialise_monitor_handles
                0x0000000000000000        0xc Src/syscalls.o
 .text._getpid  0x0000000000000000        0xe Src/syscalls.o
 .text._kill    0x0000000000000000       0x20 Src/syscalls.o
 .text._exit    0x0000000000000000       0x14 Src/syscalls.o
 .text._read    0x0000000000000000       0x3a Src/syscalls.o
 .text._write   0x0000000000000000       0x38 Src/syscalls.o
 .text._close   0x0000000000000000       0x16 Src/syscalls.o
 .text._fstat   0x0000000000000000       0x1e Src/syscalls.o
 .text._isatty  0x0000000000000000       0x14 Src/syscalls.o
 .text._lseek   0x0000000000000000       0x18 Src/syscalls.o
 .text._open    0x0000000000000000       0x1a Src/syscalls.o
 .text._wait    0x0000000000000000       0x1e Src/syscalls.o
 .text._unlink  0x0000000000000000       0x1e Src/syscalls.o
 .text._times   0x0000000000000000       0x16 Src/syscalls.o
 .text._stat    0x0000000000000000       0x1e Src/syscalls.o
 .text._link    0x0000000000000000       0x20 Src/syscalls.o
 .text._fork    0x0000000000000000       0x16 Src/syscalls.o
 .text._execve  0x0000000000000000       0x22 Src/syscalls.o
 .debug_info    0x0000000000000000     0x1038 Src/syscalls.o
 .debug_abbrev  0x0000000000000000      0x254 Src/syscalls.o
 .debug_loc     0x0000000000000000      0x5b8 Src/syscalls.o
 .debug_aranges
                0x0000000000000000       0xa8 Src/syscalls.o
 .debug_ranges  0x0000000000000000       0x98 Src/syscalls.o
 .debug_macro   0x0000000000000000      0x243 Src/syscalls.o
 .debug_macro   0x0000000000000000      0xa60 Src/syscalls.o
 .debug_macro   0x0000000000000000       0x22 Src/syscalls.o
 .debug_macro   0x0000000000000000       0x40 Src/syscalls.o
 .debug_macro   0x0000000000000000       0x18 Src/syscalls.o
 .debug_macro   0x0000000000000000       0x94 Src/syscalls.o
 .debug_macro   0x0000000000000000       0x3c Src/syscalls.o
 .debug_macro   0x0000000000000000       0x34 Src/syscalls.o
 .debug_macro   0x0000000000000000       0x57 Src/syscalls.o
 .debug_macro   0x0000000000000000      0x174 Src/syscalls.o
 .debug_macro   0x0000000000000000      0x330 Src/syscalls.o
 .debug_macro   0x0000000000000000       0x52 Src/syscalls.o
 .debug_macro   0x0000000000000000       0x1f Src/syscalls.o
 .debug_macro   0x0000000000000000       0x43 Src/syscalls.o
 .debug_macro   0x0000000000000000       0x20 Src/syscalls.o
 .debug_macro   0x0000000000000000      0x1a3 Src/syscalls.o
 .debug_macro   0x0000000000000000       0x10 Src/syscalls.o
 .debug_macro   0x0000000000000000       0x35 Src/syscalls.o
 .debug_macro   0x0000000000000000       0x10 Src/syscalls.o
 .debug_macro   0x0000000000000000       0x10 Src/syscalls.o
 .debug_macro   0x0000000000000000       0x10 Src/syscalls.o
 .debug_macro   0x0000000000000000       0x6a Src/syscalls.o
 .debug_macro   0x0000000000000000       0x1c Src/syscalls.o
 .debug_macro   0x0000000000000000       0x52 Src/syscalls.o
 .debug_macro   0x0000000000000000       0x40 Src/syscalls.o
 .debug_macro   0x0000000000000000       0x10 Src/syscalls.o
 .debug_macro   0x0000000000000000       0x40 Src/syscalls.o
 .debug_macro   0x0000000000000000       0xd7 Src/syscalls.o
 .debug_macro   0x0000000000000000       0x1c Src/syscalls.o
 .debug_macro   0x0000000000000000       0x3d Src/syscalls.o
 .debug_macro   0x0000000000000000       0x35 Src/syscalls.o
 .debug_macro   0x0000000000000000      0x122 Src/syscalls.o
 .debug_macro   0x0000000000000000       0x16 Src/syscalls.o
 .debug_macro   0x0000000000000000       0x16 Src/syscalls.o
 .debug_macro   0x0000000000000000       0x29 Src/syscalls.o
 .debug_macro   0x0000000000000000       0x10 Src/syscalls.o
 .debug_macro   0x0000000000000000      0x241 Src/syscalls.o
 .debug_macro   0x0000000000000000       0x1c Src/syscalls.o
 .debug_macro   0x0000000000000000       0x10 Src/syscalls.o
 .debug_macro   0x0000000000000000       0x10 Src/syscalls.o
 .debug_macro   0x0000000000000000       0x16 Src/syscalls.o
 .debug_macro   0x0000000000000000      0x145 Src/syscalls.o
 .debug_macro   0x0000000000000000      0x189 Src/syscalls.o
 .debug_macro   0x0000000000000000       0x16 Src/syscalls.o
 .debug_macro   0x0000000000000000       0x88 Src/syscalls.o
 .debug_line    0x0000000000000000      0x739 Src/syscalls.o
 .debug_str     0x0000000000000000     0x889f Src/syscalls.o
 .comment       0x0000000000000000       0x7c Src/syscalls.o
 .debug_frame   0x0000000000000000      0x2ac Src/syscalls.o
 .ARM.attributes
                0x0000000000000000       0x33 Src/syscalls.o
 .group         0x0000000000000000        0xc Src/sysmem.o
 .group         0x0000000000000000        0xc Src/sysmem.o
 .group         0x0000000000000000        0xc Src/sysmem.o
 .group         0x0000000000000000        0xc Src/sysmem.o
 .group         0x0000000000000000        0xc Src/sysmem.o
 .group         0x0000000000000000        0xc Src/sysmem.o
 .group         0x0000000000000000        0xc Src/sysmem.o
 .group         0x0000000000000000        0xc Src/sysmem.o
 .group         0x0000000000000000        0xc Src/sysmem.o
 .group         0x0000000000000000        0xc Src/sysmem.o
 .group         0x0000000000000000        0xc Src/sysmem.o
 .group         0x0000000000000000        0xc Src/sysmem.o
 .group         0x0000000000000000        0xc Src/sysmem.o
 .group         0x0000000000000000        0xc Src/sysmem.o
 .group         0x0000000000000000        0xc Src/sysmem.o
 .group         0x0000000000000000        0xc Src/sysmem.o
 .group         0x0000000000000000        0xc Src/sysmem.o
 .group         0x0000000000000000        0xc Src/sysmem.o
 .group         0x0000000000000000        0xc Src/sysmem.o
 .text          0x0000000000000000        0x0 Src/sysmem.o
 .data          0x0000000000000000        0x0 Src/sysmem.o
 .bss           0x0000000000000000        0x0 Src/sysmem.o
 .bss.__sbrk_heap_end
                0x0000000000000000        0x4 Src/sysmem.o
 .text._sbrk    0x0000000000000000       0x6c Src/sysmem.o
 .debug_info    0x0000000000000000      0xa7c Src/sysmem.o
 .debug_abbrev  0x0000000000000000      0x18e Src/sysmem.o
 .debug_loc     0x0000000000000000       0x50 Src/sysmem.o
 .debug_aranges
                0x0000000000000000       0x20 Src/sysmem.o
 .debug_ranges  0x0000000000000000       0x10 Src/sysmem.o
 .debug_macro   0x0000000000000000       0xee Src/sysmem.o
 .debug_macro   0x0000000000000000      0xa60 Src/sysmem.o
 .debug_macro   0x0000000000000000       0x10 Src/sysmem.o
 .debug_macro   0x0000000000000000       0x22 Src/sysmem.o
 .debug_macro   0x0000000000000000       0x40 Src/sysmem.o
 .debug_macro   0x0000000000000000       0x18 Src/sysmem.o
 .debug_macro   0x0000000000000000       0x94 Src/sysmem.o
 .debug_macro   0x0000000000000000       0x3c Src/sysmem.o
 .debug_macro   0x0000000000000000       0x34 Src/sysmem.o
 .debug_macro   0x0000000000000000      0x174 Src/sysmem.o
 .debug_macro   0x0000000000000000       0x57 Src/sysmem.o
 .debug_macro   0x0000000000000000       0x52 Src/sysmem.o
 .debug_macro   0x0000000000000000       0x1f Src/sysmem.o
 .debug_macro   0x0000000000000000       0x43 Src/sysmem.o
 .debug_macro   0x0000000000000000       0x20 Src/sysmem.o
 .debug_macro   0x0000000000000000      0x1a3 Src/sysmem.o
 .debug_macro   0x0000000000000000      0x23b Src/sysmem.o
 .debug_macro   0x0000000000000000       0xef Src/sysmem.o
 .debug_macro   0x0000000000000000       0x6a Src/sysmem.o
 .debug_macro   0x0000000000000000      0x1df Src/sysmem.o
 .debug_line    0x0000000000000000      0x4c2 Src/sysmem.o
 .debug_str     0x0000000000000000     0x5f6d Src/sysmem.o
 .comment       0x0000000000000000       0x7c Src/sysmem.o
 .debug_frame   0x0000000000000000       0x34 Src/sysmem.o
 .ARM.attributes
                0x0000000000000000       0x33 Src/sysmem.o
 .text          0x0000000000000000       0x14 Startup/startup_stm32f103c6tx.o
 .data          0x0000000000000000        0x0 Startup/startup_stm32f103c6tx.o
 .bss           0x0000000000000000        0x0 Startup/startup_stm32f103c6tx.o
 .text          0x0000000000000000        0x0 c:/st/stm32cubeide_1.4.0/stm32cubeide/plugins/com.st.stm32cube.ide.mcu.externaltools.gnu-tools-for-stm32.7-2018-q2-update.win32_1.4.0.202007081208/tools/bin/../lib/gcc/arm-none-eabi/7.3.1/../../../../arm-none-eabi/lib/thumb/v7-m\libc_nano.a(lib_a-errno.o)
 .data          0x0000000000000000        0x0 c:/st/stm32cubeide_1.4.0/stm32cubeide/plugins/com.st.stm32cube.ide.mcu.externaltools.gnu-tools-for-stm32.7-2018-q2-update.win32_1.4.0.202007081208/tools/bin/../lib/gcc/arm-none-eabi/7.3.1/../../../../arm-none-eabi/lib/thumb/v7-m\libc_nano.a(lib_a-errno.o)
 .bss           0x0000000000000000        0x0 c:/st/stm32cubeide_1.4.0/stm32cubeide/plugins/com.st.stm32cube.ide.mcu.externaltools.gnu-tools-for-stm32.7-2018-q2-update.win32_1.4.0.202007081208/tools/bin/../lib/gcc/arm-none-eabi/7.3.1/../../../../arm-none-eabi/lib/thumb/v7-m\libc_nano.a(lib_a-errno.o)
 .text.__errno  0x0000000000000000        0xc c:/st/stm32cubeide_1.4.0/stm32cubeide/plugins/com.st.stm32cube.ide.mcu.externaltools.gnu-tools-for-stm32.7-2018-q2-update.win32_1.4.0.202007081208/tools/bin/../lib/gcc/arm-none-eabi/7.3.1/../../../../arm-none-eabi/lib/thumb/v7-m\libc_nano.a(lib_a-errno.o)
 .debug_frame   0x0000000000000000       0x20 c:/st/stm32cubeide_1.4.0/stm32cubeide/plugins/com.st.stm32cube.ide.mcu.externaltools.gnu-tools-for-stm32.7-2018-q2-update.win32_1.4.0.202007081208/tools/bin/../lib/gcc/arm-none-eabi/7.3.1/../../../../arm-none-eabi/lib/thumb/v7-m\libc_nano.a(lib_a-errno.o)
 .ARM.attributes
                0x0000000000000000       0x2d c:/st/stm32cubeide_1.4.0/stm32cubeide/plugins/com.st.stm32cube.ide.mcu.externaltools.gnu-tools-for-stm32.7-2018-q2-update.win32_1.4.0.202007081208/tools/bin/../lib/gcc/arm-none-eabi/7.3.1/../../../../arm-none-eabi/lib/thumb/v7-m\libc_nano.a(lib_a-errno.o)
 .text          0x0000000000000000        0x0 c:/st/stm32cubeide_1.4.0/stm32cubeide/plugins/com.st.stm32cube.ide.mcu.externaltools.gnu-tools-for-stm32.7-2018-q2-update.win32_1.4.0.202007081208/tools/bin/../lib/gcc/arm-none-eabi/7.3.1/../../../../arm-none-eabi/lib/thumb/v7-m\libc_nano.a(lib_a-exit.o)
 .data          0x0000000000000000        0x0 c:/st/stm32cubeide_1.4.0/stm32cubeide/plugins/com.st.stm32cube.ide.mcu.externaltools.gnu-tools-for-stm32.7-2018-q2-update.win32_1.4.0.202007081208/tools/bin/../lib/gcc/arm-none-eabi/7.3.1/../../../../arm-none-eabi/lib/thumb/v7-m\libc_nano.a(lib_a-exit.o)
 .bss           0x0000000000000000        0x0 c:/st/stm32cubeide_1.4.0/stm32cubeide/plugins/com.st.stm32cube.ide.mcu.externaltools.gnu-tools-for-stm32.7-2018-q2-update.win32_1.4.0.202007081208/tools/bin/../lib/gcc/arm-none-eabi/7.3.1/../../../../arm-none-eabi/lib/thumb/v7-m\libc_nano.a(lib_a-exit.o)
 .text.exit     0x0000000000000000       0x28 c:/st/stm32cubeide_1.4.0/stm32cubeide/plugins/com.st.stm32cube.ide.mcu.externaltools.gnu-tools-for-stm32.7-2018-q2-update.win32_1.4.0.202007081208/tools/bin/../lib/gcc/arm-none-eabi/7.3.1/../../../../arm-none-eabi/lib/thumb/v7-m\libc_nano.a(lib_a-exit.o)
 .debug_frame   0x0000000000000000       0x28 c:/st/stm32cubeide_1.4.0/stm32cubeide/plugins/com.st.stm32cube.ide.mcu.externaltools.gnu-tools-for-stm32.7-2018-q2-update.win32_1.4.0.202007081208/tools/bin/../lib/gcc/arm-none-eabi/7.3.1/../../../../arm-none-eabi/lib/thumb/v7-m\libc_nano.a(lib_a-exit.o)
 .ARM.attributes
                0x0000000000000000       0x2d c:/st/stm32cubeide_1.4.0/stm32cubeide/plugins/com.st.stm32cube.ide.mcu.externaltools.gnu-tools-for-stm32.7-2018-q2-update.win32_1.4.0.202007081208/tools/bin/../lib/gcc/arm-none-eabi/7.3.1/../../../../arm-none-eabi/lib/thumb/v7-m\libc_nano.a(lib_a-exit.o)
 .text          0x0000000000000000        0x0 c:/st/stm32cubeide_1.4.0/stm32cubeide/plugins/com.st.stm32cube.ide.mcu.externaltools.gnu-tools-for-stm32.7-2018-q2-update.win32_1.4.0.202007081208/tools/bin/../lib/gcc/arm-none-eabi/7.3.1/../../../../arm-none-eabi/lib/thumb/v7-m\libc_nano.a(lib_a-impure.o)
 .data          0x0000000000000000        0x0 c:/st/stm32cubeide_1.4.0/stm32cubeide/plugins/com.st.stm32cube.ide.mcu.externaltools.gnu-tools-for-stm32.7-2018-q2-update.win32_1.4.0.202007081208/tools/bin/../lib/gcc/arm-none-eabi/7.3.1/../../../../arm-none-eabi/lib/thumb/v7-m\libc_nano.a(lib_a-impure.o)
 .bss           0x0000000000000000        0x0 c:/st/stm32cubeide_1.4.0/stm32cubeide/plugins/com.st.stm32cube.ide.mcu.externaltools.gnu-tools-for-stm32.7-2018-q2-update.win32_1.4.0.202007081208/tools/bin/../lib/gcc/arm-none-eabi/7.3.1/../../../../arm-none-eabi/lib/thumb/v7-m\libc_nano.a(lib_a-impure.o)
 .data._impure_ptr
                0x0000000000000000        0x4 c:/st/stm32cubeide_1.4.0/stm32cubeide/plugins/com.st.stm32cube.ide.mcu.externaltools.gnu-tools-for-stm32.7-2018-q2-update.win32_1.4.0.202007081208/tools/bin/../lib/gcc/arm-none-eabi/7.3.1/../../../../arm-none-eabi/lib/thumb/v7-m\libc_nano.a(lib_a-impure.o)
 .data.impure_data
                0x0000000000000000       0x60 c:/st/stm32cubeide_1.4.0/stm32cubeide/plugins/com.st.stm32cube.ide.mcu.externaltools.gnu-tools-for-stm32.7-2018-q2-update.win32_1.4.0.202007081208/tools/bin/../lib/gcc/arm-none-eabi/7.3.1/../../../../arm-none-eabi/lib/thumb/v7-m\libc_nano.a(lib_a-impure.o)
 .rodata._global_impure_ptr
                0x0000000000000000        0x4 c:/st/stm32cubeide_1.4.0/stm32cubeide/plugins/com.st.stm32cube.ide.mcu.externaltools.gnu-tools-for-stm32.7-2018-q2-update.win32_1.4.0.202007081208/tools/bin/../lib/gcc/arm-none-eabi/7.3.1/../../../../arm-none-eabi/lib/thumb/v7-m\libc_nano.a(lib_a-impure.o)
 .ARM.attributes
                0x0000000000000000       0x2d c:/st/stm32cubeide_1.4.0/stm32cubeide/plugins/com.st.stm32cube.ide.mcu.externaltools.gnu-tools-for-stm32.7-2018-q2-update.win32_1.4.0.202007081208/tools/bin/../lib/gcc/arm-none-eabi/7.3.1/../../../../arm-none-eabi/lib/thumb/v7-m\libc_nano.a(lib_a-impure.o)
 .text          0x0000000000000000        0x0 c:/st/stm32cubeide_1.4.0/stm32cubeide/plugins/com.st.stm32cube.ide.mcu.externaltools.gnu-tools-for-stm32.7-2018-q2-update.win32_1.4.0.202007081208/tools/bin/../lib/gcc/arm-none-eabi/7.3.1/../../../../arm-none-eabi/lib/thumb/v7-m\libc_nano.a(lib_a-init.o)
 .data          0x0000000000000000        0x0 c:/st/stm32cubeide_1.4.0/stm32cubeide/plugins/com.st.stm32cube.ide.mcu.externaltools.gnu-tools-for-stm32.7-2018-q2-update.win32_1.4.0.202007081208/tools/bin/../lib/gcc/arm-none-eabi/7.3.1/../../../../arm-none-eabi/lib/thumb/v7-m\libc_nano.a(lib_a-init.o)
 .bss           0x0000000000000000        0x0 c:/st/stm32cubeide_1.4.0/stm32cubeide/plugins/com.st.stm32cube.ide.mcu.externaltools.gnu-tools-for-stm32.7-2018-q2-update.win32_1.4.0.202007081208/tools/bin/../lib/gcc/arm-none-eabi/7.3.1/../../../../arm-none-eabi/lib/thumb/v7-m\libc_nano.a(lib_a-init.o)
 .text          0x0000000000000000        0x0 c:/st/stm32cubeide_1.4.0/stm32cubeide/plugins/com.st.stm32cube.ide.mcu.externaltools.gnu-tools-for-stm32.7-2018-q2-update.win32_1.4.0.202007081208/tools/bin/../lib/gcc/arm-none-eabi/7.3.1/../../../../arm-none-eabi/lib/thumb/v7-m\libc_nano.a(lib_a-memset.o)
 .data          0x0000000000000000        0x0 c:/st/stm32cubeide_1.4.0/stm32cubeide/plugins/com.st.stm32cube.ide.mcu.externaltools.gnu-tools-for-stm32.7-2018-q2-update.win32_1.4.0.202007081208/tools/bin/../lib/gcc/arm-none-eabi/7.3.1/../../../../arm-none-eabi/lib/thumb/v7-m\libc_nano.a(lib_a-memset.o)
 .bss           0x0000000000000000        0x0 c:/st/stm32cubeide_1.4.0/stm32cubeide/plugins/com.st.stm32cube.ide.mcu.externaltools.gnu-tools-for-stm32.7-2018-q2-update.win32_1.4.0.202007081208/tools/bin/../lib/gcc/arm-none-eabi/7.3.1/../../../../arm-none-eabi/lib/thumb/v7-m\libc_nano.a(lib_a-memset.o)
 .text.memset   0x0000000000000000       0x10 c:/st/stm32cubeide_1.4.0/stm32cubeide/plugins/com.st.stm32cube.ide.mcu.externaltools.gnu-tools-for-stm32.7-2018-q2-update.win32_1.4.0.202007081208/tools/bin/../lib/gcc/arm-none-eabi/7.3.1/../../../../arm-none-eabi/lib/thumb/v7-m\libc_nano.a(lib_a-memset.o)
 .debug_frame   0x0000000000000000       0x20 c:/st/stm32cubeide_1.4.0/stm32cubeide/plugins/com.st.stm32cube.ide.mcu.externaltools.gnu-tools-for-stm32.7-2018-q2-update.win32_1.4.0.202007081208/tools/bin/../lib/gcc/arm-none-eabi/7.3.1/../../../../arm-none-eabi/lib/thumb/v7-m\libc_nano.a(lib_a-memset.o)
 .ARM.attributes
                0x0000000000000000       0x2d c:/st/stm32cubeide_1.4.0/stm32cubeide/plugins/com.st.stm32cube.ide.mcu.externaltools.gnu-tools-for-stm32.7-2018-q2-update.win32_1.4.0.202007081208/tools/bin/../lib/gcc/arm-none-eabi/7.3.1/../../../../arm-none-eabi/lib/thumb/v7-m\libc_nano.a(lib_a-memset.o)
 .text          0x0000000000000000        0x0 c:/st/stm32cubeide_1.4.0/stm32cubeide/plugins/com.st.stm32cube.ide.mcu.externaltools.gnu-tools-for-stm32.7-2018-q2-update.win32_1.4.0.202007081208/tools/bin/../lib/gcc/arm-none-eabi/7.3.1/thumb/v7-m/crtend.o
 .data          0x0000000000000000        0x0 c:/st/stm32cubeide_1.4.0/stm32cubeide/plugins/com.st.stm32cube.ide.mcu.externaltools.gnu-tools-for-stm32.7-2018-q2-update.win32_1.4.0.202007081208/tools/bin/../lib/gcc/arm-none-eabi/7.3.1/thumb/v7-m/crtend.o
 .bss           0x0000000000000000        0x0 c:/st/stm32cubeide_1.4.0/stm32cubeide/plugins/com.st.stm32cube.ide.mcu.externaltools.gnu-tools-for-stm32.7-2018-q2-update.win32_1.4.0.202007081208/tools/bin/../lib/gcc/arm-none-eabi/7.3.1/thumb/v7-m/crtend.o
 .eh_frame      0x0000000000000000        0x4 c:/st/stm32cubeide_1.4.0/stm32cubeide/plugins/com.st.stm32cube.ide.mcu.externaltools.gnu-tools-for-stm32.7-2018-q2-update.win32_1.4.0.202007081208/tools/bin/../lib/gcc/arm-none-eabi/7.3.1/thumb/v7-m/crtend.o
 .ARM.attributes
                0x0000000000000000       0x2d c:/st/stm32cubeide_1.4.0/stm32cubeide/plugins/com.st.stm32cube.ide.mcu.externaltools.gnu-tools-for-stm32.7-2018-q2-update.win32_1.4.0.202007081208/tools/bin/../lib/gcc/arm-none-eabi/7.3.1/thumb/v7-m/crtend.o
 .text          0x0000000000000000        0x0 c:/st/stm32cubeide_1.4.0/stm32cubeide/plugins/com.st.stm32cube.ide.mcu.externaltools.gnu-tools-for-stm32.7-2018-q2-update.win32_1.4.0.202007081208/tools/bin/../lib/gcc/arm-none-eabi/7.3.1/thumb/v7-m/crtn.o
 .data          0x0000000000000000        0x0 c:/st/stm32cubeide_1.4.0/stm32cubeide/plugins/com.st.stm32cube.ide.mcu.externaltools.gnu-tools-for-stm32.7-2018-q2-update.win32_1.4.0.202007081208/tools/bin/../lib/gcc/arm-none-eabi/7.3.1/thumb/v7-m/crtn.o
 .bss           0x0000000000000000        0x0 c:/st/stm32cubeide_1.4.0/stm32cubeide/plugins/com.st.stm32cube.ide.mcu.externaltools.gnu-tools-for-stm32.7-2018-q2-update.win32_1.4.0.202007081208/tools/bin/../lib/gcc/arm-none-eabi/7.3.1/thumb/v7-m/crtn.o

Memory Configuration

Name             Origin             Length             Attributes
RAM              0x0000000020000000 0x0000000000002800 xrw
ROM              0x0000000008000000 0x0000000000008000 xr
*default*        0x0000000000000000 0xffffffffffffffff

Linker script and memory map

LOAD c:/st/stm32cubeide_1.4.0/stm32cubeide/plugins/com.st.stm32cube.ide.mcu.externaltools.gnu-tools-for-stm32.7-2018-q2-update.win32_1.4.0.202007081208/tools/bin/../lib/gcc/arm-none-eabi/7.3.1/thumb/v7-m/crti.o
LOAD c:/st/stm32cubeide_1.4.0/stm32cubeide/plugins/com.st.stm32cube.ide.mcu.externaltools.gnu-tools-for-stm32.7-2018-q2-update.win32_1.4.0.202007081208/tools/bin/../lib/gcc/arm-none-eabi/7.3.1/thumb/v7-m/crtbegin.o
LOAD c:/st/stm32cubeide_1.4.0/stm32cubeide/plugins/com.st.stm32cube.ide.mcu.externaltools.gnu-tools-for-stm32.7-2018-q2-update.win32_1.4.0.202007081208/tools/bin/../lib/gcc/arm-none-eabi/7.3.1/../../../../arm-none-eabi/lib/thumb/v7-m/crt0.o
LOAD HAL/Keypad.o
LOAD HAL/LCD.o
LOAD STM32_F103C6_Driver/STM32F103C6_GPIO_Driver.o
LOAD Src/main.o
LOAD Src/syscalls.o
LOAD Src/sysmem.o
LOAD Startup/startup_stm32f103c6tx.o
START GROUP
LOAD c:/st/stm32cubeide_1.4.0/stm32cubeide/plugins/com.st.stm32cube.ide.mcu.externaltools.gnu-tools-for-stm32.7-2018-q2-update.win32_1.4.0.202007081208/tools/bin/../lib/gcc/arm-none-eabi/7.3.1/../../../../arm-none-eabi/lib/thumb/v7-m\libc_nano.a
LOAD c:/st/stm32cubeide_1.4.0/stm32cubeide/plugins/com.st.stm32cube.ide.mcu.externaltools.gnu-tools-for-stm32.7-2018-q2-update.win32_1.4.0.202007081208/tools/bin/../lib/gcc/arm-none-eabi/7.3.1/../../../../arm-none-eabi/lib/thumb/v7-m\libm.a
END GROUP
START GROUP
LOAD c:/st/stm32cubeide_1.4.0/stm32cubeide/plugins/com.st.stm32cube.ide.mcu.externaltools.gnu-tools-for-stm32.7-2018-q2-update.win32_1.4.0.202007081208/tools/bin/../lib/gcc/arm-none-eabi/7.3.1/thumb/v7-m\libgcc.a
LOAD c:/st/stm32cubeide_1.4.0/stm32cubeide/plugins/com.st.stm32cube.ide.mcu.externaltools.gnu-tools-for-stm32.7-2018-q2-update.win32_1.4.0.202007081208/tools/bin/../lib/gcc/arm-none-eabi/7.3.1/../../../../arm-none-eabi/lib/thumb/v7-m\libg_nano.a
LOAD c:/st/stm32cubeide_1.4.0/stm32cubeide/plugins/com.st.stm32cube.ide.mcu.externaltools.gnu-tools-for-stm32.7-2018-q2-update.win32_1.4.0.202007081208/tools/bin/../lib/gcc/arm-none-eabi/7.3.1/../../../../arm-none-eabi/lib/thumb/v7-m\libc_nano.a
END GROUP
START GROUP
LOAD c:/st/stm32cubeide_1.4.0/stm32cubeide/plugins/com.st.stm32cube.ide.mcu.externaltools.gnu-tools-for-stm32.7-2018-q2-update.win32_1.4.0.202007081208/tools/bin/../lib/gcc/arm-none-eabi/7.3.1/thumb/v7-m\libgcc.a
LOAD c:/st/stm32cubeide_1.4.0/stm32cubeide/plugins/com.st.stm32cube.ide.mcu.externaltools.gnu-tools-for-stm32.7-2018-q2-update.win32_1.4.0.202007081208/tools/bin/../lib/gcc/arm-none-eabi/7.3.1/../../../../arm-none-eabi/lib/thumb/v7-m\libc_nano.a
LOAD c:/st/stm32cubeide_1.4.0/stm32cubeide/plugins/com.st.stm32cube.ide.mcu.externaltools.gnu-tools-for-stm32.7-2018-q2-update.win32_1.4.0.202007081208/tools/bin/../lib/gcc/arm-none-eabi/7.3.1/../../../../arm-none-eabi/lib/thumb/v7-m\libnosys.a
END GROUP
START GROUP
LOAD c:/st/stm32cubeide_1.4.0/stm32cubeide/plugins/com.st.stm32cube.ide.mcu.externaltools.gnu-tools-for-stm32.7-2018-q2-update.win32_1.4.0.202007081208/tools/bin/../lib/gcc/arm-none-eabi/7.3.1/thumb/v7-m\libgcc.a
LOAD c:/st/stm32cubeide_1.4.0/stm32cubeide/plugins/com.st.stm32cube.ide.mcu.externaltools.gnu-tools-for-stm32.7-2018-q2-update.win32_1.4.0.202007081208/tools/bin/../lib/gcc/arm-none-eabi/7.3.1/../../../../arm-none-eabi/lib/thumb/v7-m\libc_nano.a
LOAD c:/st/stm32cubeide_1.4.0/stm32cubeide/plugins/com.st.stm32cube.ide.mcu.externaltools.gnu-tools-for-stm32.7-2018-q2-update.win32_1.4.0.202007081208/tools/bin/../lib/gcc/arm-none-eabi/7.3.1/../../../../arm-none-eabi/lib/thumb/v7-m\libnosys.a
END GROUP
LOAD c:/st/stm32cubeide_1.4.0/stm32cubeide/plugins/com.st.stm32cube.ide.mcu.externaltools.gnu-tools-for-stm32.7-2018-q2-update.win32_1.4.0.202007081208/tools/bin/../lib/gcc/arm-none-eabi/7.3.1/thumb/v7-m/crtend.o
LOAD c:/st/stm32cubeide_1.4.0/stm32cubeide/plugins/com.st.stm32cube.ide.mcu.externaltools.gnu-tools-for-stm32.7-2018-q2-update.win32_1.4.0.202007081208/tools/bin/../lib/gcc/arm-none-eabi/7.3.1/thumb/v7-m/crtn.o
                0x0000000020002800                _estack = (ORIGIN (RAM) + LENGTH (RAM))
                0x0000000000000200                _Min_Heap_Size = 0x200
                0x0000000000000400                _Min_Stack_Size = 0x400

.isr_vector     0x0000000008000000      0x130
                0x0000000008000000                . = ALIGN (0x4)
 *(.isr_vector)
 .isr_vector    0x0000000008000000      0x130 Startup/startup_stm32f103c6tx.o
                0x0000000008000000                g_pfnVectors
                0x0000000008000130                . = ALIGN (0x4)

.text           0x0000000008000130      0x894
                0x0000000008000130                . = ALIGN (0x4)
 *(.text)
 .text          0x0000000008000130       0x40 c:/st/stm32cubeide_1.4.0/stm32cubeide/plugins/com.st.stm32cube.ide.mcu.externaltools.gnu-tools-for-stm32.7-2018-q2-update.win32_1.4.0.202007081208/tools/bin/../lib/gcc/arm-none-eabi/7.3.1/thumb/v7-m/crtbegin.o
 *(.text*)
 .text.keypad_init
                0x0000000008000170       0x5c HAL/Keypad.o
                0x0000000008000170                keypad_init
 .text.keypad_get_key
                0x00000000080001cc      0x1a0 HAL/Keypad.o
                0x00000000080001cc                keypad_get_key
 .text.delay_ms
                0x000000000800036c       0x38 HAL/LCD.o
                0x000000000800036c                delay_ms
 .text.LCD_clear_screen
                0x00000000080003a4       0x18 HAL/LCD.o
                0x00000000080003a4                LCD_clear_screen
 .text.ENABLE_cycle
                0x00000000080003bc       0x2c HAL/LCD.o
                0x00000000080003bc                ENABLE_cycle
 .text.LCD_GOTO
                0x00000000080003e8       0x4a HAL/LCD.o
                0x00000000080003e8                LCD_GOTO
 *fill*         0x0000000008000432        0x2 
 .text.check_line
                0x0000000008000434       0x38 HAL/LCD.o
                0x0000000008000434                check_line
 .text.LCD_init
                0x000000000800046c       0xdc HAL/LCD.o
                0x000000000800046c                LCD_init
 .text.LCD_command
                0x0000000008000548       0x44 HAL/LCD.o
                0x0000000008000548                LCD_command
 .text.LCD_write_char
                0x000000000800058c       0x58 HAL/LCD.o
                0x000000000800058c                LCD_write_char
 .text.LCD_write_string
                0x00000000080005e4       0x28 HAL/LCD.o
                0x00000000080005e4                LCD_write_string
 .text.Get_CRLH_Position
                0x000000000800060c       0xc6 STM32_F103C6_Driver/STM32F103C6_GPIO_Driver.o
                0x000000000800060c                Get_CRLH_Position
 .text.MCAL_GPIO_Init
                0x00000000080006d2       0xd0 STM32_F103C6_Driver/STM32F103C6_GPIO_Driver.o
                0x00000000080006d2                MCAL_GPIO_Init
 .text.MCAL_GPIO_ReadPin
                0x00000000080007a2       0x28 STM32_F103C6_Driver/STM32F103C6_GPIO_Driver.o
                0x00000000080007a2                MCAL_GPIO_ReadPin
 .text.MCAL_GPIO_WritePin
                0x00000000080007ca       0x2e STM32_F103C6_Driver/STM32F103C6_GPIO_Driver.o
                0x00000000080007ca                MCAL_GPIO_WritePin
 .text.MCAL_GPIO_WritePort
                0x00000000080007f8       0x1c STM32_F103C6_Driver/STM32F103C6_GPIO_Driver.o
                0x00000000080007f8                MCAL_GPIO_WritePort
 .text.CLK_init
                0x0000000008000814       0x28 Src/main.o
                0x0000000008000814                CLK_init
 .text.wait_ms  0x000000000800083c       0x38 Src/main.o
                0x000000000800083c                wait_ms
 .text.main     0x0000000008000874       0x9c Src/main.o
                0x0000000008000874                main
 .text.Reset_Handler
                0x0000000008000910       0x50 Startup/startup_stm32f103c6tx.o
                0x0000000008000910                Reset_Handler
 .text.Default_Handler
                0x0000000008000960        0x2 Startup/startup_stm32f103c6tx.o
                0x0000000008000960                EXTI2_IRQHandler
                0x0000000008000960                TIM8_TRG_COM_IRQHandler
                0x0000000008000960                TIM8_CC_IRQHandler
                0x0000000008000960                DebugMon_Handler
                0x0000000008000960                TIM1_CC_IRQHandler
                0x0000000008000960                HardFault_Handler
                0x0000000008000960                TIM6_IRQHandler
                0x0000000008000960                SysTick_Handler
                0x0000000008000960                PVD_IRQHandler
                0x0000000008000960                SDIO_IRQHandler
                0x0000000008000960                PendSV_Handler
                0x0000000008000960                NMI_Handler
                0x0000000008000960                EXTI3_IRQHandler
                0x0000000008000960                USB_HP_CAN_TX_IRQHandler
                0x0000000008000960                EXTI0_IRQHandler
                0x0000000008000960                I2C2_EV_IRQHandler
                0x0000000008000960                UsageFault_Handler
                0x0000000008000960                ADC1_2_IRQHandler
                0x0000000008000960                SPI1_IRQHandler
                0x0000000008000960                CAN_SCE_IRQHandler
                0x0000000008000960                TAMPER_IRQHandler
                0x0000000008000960                TIM8_UP_IRQHandler
                0x0000000008000960                DMA2_Channel2_IRQHandler
                0x0000000008000960                DMA1_Channel4_IRQHandler
                0x0000000008000960                USART3_IRQHandler
                0x0000000008000960                RTC_IRQHandler
                0x0000000008000960                DMA1_Channel7_IRQHandler
                0x0000000008000960                UART5_IRQHandler
                0x0000000008000960                ADC3_IRQHandler
                0x0000000008000960                TIM4_IRQHandler
                0x0000000008000960                CAN_RX1_IRQHandler
                0x0000000008000960                DMA2_Channel1_IRQHandler
                0x0000000008000960                I2C1_EV_IRQHandler
                0x0000000008000960                DMA1_Channel6_IRQHandler
                0x0000000008000960                UART4_IRQHandler
                0x0000000008000960                TIM3_IRQHandler
                0x0000000008000960                RCC_IRQHandler
                0x0000000008000960                TIM1_TRG_COM_IRQHandler
                0x0000000008000960                DMA1_Channel1_IRQHandler
                0x0000000008000960                Default_Handler
                0x0000000008000960                EXTI15_10_IRQHandler
                0x0000000008000960                TIM7_IRQHandler
                0x0000000008000960                TIM5_IRQHandler
                0x0000000008000960                EXTI9_5_IRQHandler
                0x0000000008000960                SPI2_IRQHandler
                0x0000000008000960                USB_LP_CAN_RX0_IRQHandler
                0x0000000008000960                MemManage_Handler
                0x0000000008000960                SVC_Handler
                0x0000000008000960                DMA1_Channel5_IRQHandler
                0x0000000008000960                EXTI4_IRQHandler
                0x0000000008000960                DMA1_Channel3_IRQHandler
                0x0000000008000960                FSMC_IRQHandler
                0x0000000008000960                TIM1_UP_IRQHandler
                0x0000000008000960                WWDG_IRQHandler
                0x0000000008000960                TIM2_IRQHandler
                0x0000000008000960                TIM1_BRK_IRQHandler
                0x0000000008000960                EXTI1_IRQHandler
                0x0000000008000960                RTCAlarm_IRQHandler
                0x0000000008000960                DMA2_Channel4_5_IRQHandler
                0x0000000008000960                USART2_IRQHandler
                0x0000000008000960                I2C2_ER_IRQHandler
                0x0000000008000960                DMA1_Channel2_IRQHandler
                0x0000000008000960                TIM8_BRK_IRQHandler
                0x0000000008000960                FLASH_IRQHandler
                0x0000000008000960                BusFault_Handler
                0x0000000008000960                USART1_IRQHandler
                0x0000000008000960                SPI3_IRQHandler
                0x0000000008000960                I2C1_ER_IRQHandler
                0x0000000008000960                DMA2_Channel3_IRQHandler
 *fill*         0x0000000008000962        0x2 
 .text.__libc_init_array
                0x0000000008000964       0x48 c:/st/stm32cubeide_1.4.0/stm32cubeide/plugins/com.st.stm32cube.ide.mcu.externaltools.gnu-tools-for-stm32.7-2018-q2-update.win32_1.4.0.202007081208/tools/bin/../lib/gcc/arm-none-eabi/7.3.1/../../../../arm-none-eabi/lib/thumb/v7-m\libc_nano.a(lib_a-init.o)
                0x0000000008000964                __libc_init_array
 *(.glue_7)
 .glue_7        0x00000000080009ac        0x0 linker stubs
 *(.glue_7t)
 .glue_7t       0x00000000080009ac        0x0 linker stubs
 *(.eh_frame)
 .eh_frame      0x00000000080009ac        0x0 c:/st/stm32cubeide_1.4.0/stm32cubeide/plugins/com.st.stm32cube.ide.mcu.externaltools.gnu-tools-for-stm32.7-2018-q2-update.win32_1.4.0.202007081208/tools/bin/../lib/gcc/arm-none-eabi/7.3.1/thumb/v7-m/crtbegin.o
 *(.init)
 .init          0x00000000080009ac        0x4 c:/st/stm32cubeide_1.4.0/stm32cubeide/plugins/com.st.stm32cube.ide.mcu.externaltools.gnu-tools-for-stm32.7-2018-q2-update.win32_1.4.0.202007081208/tools/bin/../lib/gcc/arm-none-eabi/7.3.1/thumb/v7-m/crti.o
                0x00000000080009ac                _init
 .init          0x00000000080009b0        0x8 c:/st/stm32cubeide_1.4.0/stm32cubeide/plugins/com.st.stm32cube.ide.mcu.externaltools.gnu-tools-for-stm32.7-2018-q2-update.win32_1.4.0.202007081208/tools/bin/../lib/gcc/arm-none-eabi/7.3.1/thumb/v7-m/crtn.o
 *(.fini)
 .fini          0x00000000080009b8        0x4 c:/st/stm32cubeide_1.4.0/stm32cubeide/plugins/com.st.stm32cube.ide.mcu.externaltools.gnu-tools-for-stm32.7-2018-q2-update.win32_1.4.0.202007081208/tools/bin/../lib/gcc/arm-none-eabi/7.3.1/thumb/v7-m/crti.o
                0x00000000080009b8                _fini
 .fini          0x00000000080009bc        0x8 c:/st/stm32cubeide_1.4.0/stm32cubeide/plugins/com.st.stm32cube.ide.mcu.externaltools.gnu-tools-for-stm32.7-2018-q2-update.win32_1.4.0.202007081208/tools/bin/../lib/gcc/arm-none-eabi/7.3.1/thumb/v7-m/crtn.o
                0x00000000080009c4                . = ALIGN (0x4)
                0x00000000080009c4                _etext = .

.vfp11_veneer   0x00000000080009c4        0x0
 .vfp11_veneer  0x00000000080009c4        0x0 linker stubs

.v4_bx          0x00000000080009c4        0x0
 .v4_bx         0x00000000080009c4        0x0 linker stubs

.iplt           0x00000000080009c4        0x0
 .iplt          0x00000000080009c4        0x0 c:/st/stm32cubeide_1.4.0/stm32cubeide/plugins/com.st.stm32cube.ide.mcu.externaltools.gnu-tools-for-stm32.7-2018-q2-update.win32_1.4.0.202007081208/tools/bin/../lib/gcc/arm-none-eabi/7.3.1/thumb/v7-m/crtbegin.o

.rodata         0x00000000080009c4       0x28
                0x00000000080009c4                . = ALIGN (0x4)
 *(.rodata)
 .rodata        0x00000000080009c4       0x27 Src/main.o
 *(.rodata*)
                0x00000000080009ec                . = ALIGN (0x4)
 *fill*         0x00000000080009eb        0x1 

.rel.dyn        0x00000000080009ec        0x0
 .rel.iplt      0x00000000080009ec        0x0 c:/st/stm32cubeide_1.4.0/stm32cubeide/plugins/com.st.stm32cube.ide.mcu.externaltools.gnu-tools-for-stm32.7-2018-q2-update.win32_1.4.0.202007081208/tools/bin/../lib/gcc/arm-none-eabi/7.3.1/thumb/v7-m/crtbegin.o

.ARM.extab      0x00000000080009ec        0x0
                0x00000000080009ec                . = ALIGN (0x4)
 *(.ARM.extab* .gnu.linkonce.armextab.*)
                0x00000000080009ec                . = ALIGN (0x4)

.ARM            0x00000000080009ec        0x0
                0x00000000080009ec                . = ALIGN (0x4)
                0x00000000080009ec                __exidx_start = .
 *(.ARM.exidx*)
                0x00000000080009ec                __exidx_end = .
                0x00000000080009ec                . = ALIGN (0x4)

.preinit_array  0x00000000080009ec        0x0
                0x00000000080009ec                . = ALIGN (0x4)
                0x00000000080009ec                PROVIDE (__preinit_array_start = .)
 *(.preinit_array*)
                0x00000000080009ec                PROVIDE (__preinit_array_end = .)
                0x00000000080009ec                . = ALIGN (0x4)

.init_array     0x00000000080009ec        0x4
                0x00000000080009ec                . = ALIGN (0x4)
                0x00000000080009ec                PROVIDE (__init_array_start = .)
 *(SORT_BY_NAME(.init_array.*))
 *(.init_array*)
 .init_array    0x00000000080009ec        0x4 c:/st/stm32cubeide_1.4.0/stm32cubeide/plugins/com.st.stm32cube.ide.mcu.externaltools.gnu-tools-for-stm32.7-2018-q2-update.win32_1.4.0.202007081208/tools/bin/../lib/gcc/arm-none-eabi/7.3.1/thumb/v7-m/crtbegin.o
                0x00000000080009f0                PROVIDE (__init_array_end = .)
                0x00000000080009f0                . = ALIGN (0x4)

.fini_array     0x00000000080009f0        0x4
                0x00000000080009f0                . = ALIGN (0x4)
                [!provide]                        PROVIDE (__fini_array_start = .)
 *(SORT_BY_NAME(.fini_array.*))
 *(.fini_array*)
 .fini_array    0x00000000080009f0        0x4 c:/st/stm32cubeide_1.4.0/stm32cubeide/plugins/com.st.stm32cube.ide.mcu.externaltools.gnu-tools-for-stm32.7-2018-q2-update.win32_1.4.0.202007081208/tools/bin/../lib/gcc/arm-none-eabi/7.3.1/thumb/v7-m/crtbegin.o
                [!provide]                        PROVIDE (__fini_array_end = .)
                0x00000000080009f4                . = ALIGN (0x4)
                0x00000000080009f4                _sidata = LOADADDR (.data)

.data           0x0000000020000000       0x20 load address 0x00000000080009f4
                0x0000000020000000                . = ALIGN (0x4)
                0x0000000020000000                _sdata = .
 *(.data)
 *(.data*)
 .data.Key_padRow
                0x0000000020000000       0x10 HAL/Keypad.o
                0x0000000020000000                Key_padRow
 .data.Key_padCol
                0x0000000020000010       0x10 HAL/Keypad.o
                0x0000000020000010                Key_padCol
                0x0000000020000020                . = ALIGN (0x4)
                0x0000000020000020                _edata = .

.igot.plt       0x0000000020000020        0x0 load address 0x0000000008000a14
 .igot.plt      0x0000000020000020        0x0 c:/st/stm32cubeide_1.4.0/stm32cubeide/plugins/com.st.stm32cube.ide.mcu.externaltools.gnu-tools-for-stm32.7-2018-q2-update.win32_1.4.0.202007081208/tools/bin/../lib/gcc/arm-none-eabi/7.3.1/thumb/v7-m/crtbegin.o
                0x0000000020000020                . = ALIGN (0x4)

.bss            0x0000000020000020       0x20 load address 0x0000000008000a14
                0x0000000020000020                _sbss = .
                0x0000000020000020                __bss_start__ = _sbss
 *(.bss)
 .bss           0x0000000020000020       0x1c c:/st/stm32cubeide_1.4.0/stm32cubeide/plugins/com.st.stm32cube.ide.mcu.externaltools.gnu-tools-for-stm32.7-2018-q2-update.win32_1.4.0.202007081208/tools/bin/../lib/gcc/arm-none-eabi/7.3.1/thumb/v7-m/crtbegin.o
 *(.bss*)
 .bss.count     0x000000002000003c        0x4 HAL/LCD.o
                0x000000002000003c                count
 *(COMMON)
                0x0000000020000040                . = ALIGN (0x4)
                0x0000000020000040                _ebss = .
                0x0000000020000040                __bss_end__ = _ebss

._user_heap_stack
                0x0000000020000040      0x600 load address 0x0000000008000a14
                0x0000000020000040                . = ALIGN (0x8)
                [!provide]                        PROVIDE (end = .)
                0x0000000020000040                PROVIDE (_end = .)
                0x0000000020000240                . = (. + _Min_Heap_Size)
 *fill*         0x0000000020000040      0x200 
                0x0000000020000640                . = (. + _Min_Stack_Size)
 *fill*         0x0000000020000240      0x400 
                0x0000000020000640                . = ALIGN (0x8)

/DISCARD/
 libc.a(*)
 libm.a(*)
 libgcc.a(*)

.ARM.attributes
                0x0000000000000000       0x29
 *(.ARM.attributes)
 .ARM.attributes
                0x0000000000000000       0x1d c:/st/stm32cubeide_1.4.0/stm32cubeide/plugins/com.st.stm32cube.ide.mcu.externaltools.gnu-tools-for-stm32.7-2018-q2-update.win32_1.4.0.202007081208/tools/bin/../lib/gcc/arm-none-eabi/7.3.1/thumb/v7-m/crti.o
 .ARM.attributes
                0x000000000000001d       0x2d c:/st/stm32cubeide_1.4.0/stm32cubeide/plugins/com.st.stm32cube.ide.mcu.externaltools.gnu-tools-for-stm32.7-2018-q2-update.win32_1.4.0.202007081208/tools/bin/../lib/gcc/arm-none-eabi/7.3.1/thumb/v7-m/crtbegin.o
 .ARM.attributes
                0x000000000000004a       0x33 HAL/Keypad.o
 .ARM.attributes
                0x000000000000007d       0x33 HAL/LCD.o
 .ARM.attributes
                0x00000000000000b0       0x33 STM32_F103C6_Driver/STM32F103C6_GPIO_Driver.o
 .ARM.attributes
                0x00000000000000e3       0x33 Src/main.o
 .ARM.attributes
                0x0000000000000116       0x21 Startup/startup_stm32f103c6tx.o
 .ARM.attributes
                0x0000000000000137       0x2d c:/st/stm32cubeide_1.4.0/stm32cubeide/plugins/com.st.stm32cube.ide.mcu.externaltools.gnu-tools-for-stm32.7-2018-q2-update.win32_1.4.0.202007081208/tools/bin/../lib/gcc/arm-none-eabi/7.3.1/../../../../arm-none-eabi/lib/thumb/v7-m\libc_nano.a(lib_a-init.o)
 .ARM.attributes
                0x0000000000000164       0x1d c:/st/stm32cubeide_1.4.0/stm32cubeide/plugins/com.st.stm32cube.ide.mcu.externaltools.gnu-tools-for-stm32.7-2018-q2-update.win32_1.4.0.202007081208/tools/bin/../lib/gcc/arm-none-eabi/7.3.1/thumb/v7-m/crtn.o
OUTPUT(unit7_L3_section_LCD_STM32_Driver.elf elf32-littlearm)

.debug_info     0x0000000000000000     0x3047
 .debug_info    0x0000000000000000      0xb13 HAL/Keypad.o
 .debug_info    0x0000000000000b13      0xc45 HAL/LCD.o
 .debug_info    0x0000000000001758      0xde9 STM32_F103C6_Driver/STM32F103C6_GPIO_Driver.o
 .debug_info    0x0000000000002541      0xae4 Src/main.o
 .debug_info    0x0000000000003025       0x22 Startup/startup_stm32f103c6tx.o

.debug_abbrev   0x0000000000000000      0x798
 .debug_abbrev  0x0000000000000000      0x1a6 HAL/Keypad.o
 .debug_abbrev  0x00000000000001a6      0x21f HAL/LCD.o
 .debug_abbrev  0x00000000000003c5      0x1f4 STM32_F103C6_Driver/STM32F103C6_GPIO_Driver.o
 .debug_abbrev  0x00000000000005b9      0x1cd Src/main.o
 .debug_abbrev  0x0000000000000786       0x12 Startup/startup_stm32f103c6tx.o

.debug_loc      0x0000000000000000      0x7f0
 .debug_loc     0x0000000000000000       0xa0 HAL/Keypad.o
 .debug_loc     0x00000000000000a0      0x2c0 HAL/LCD.o
 .debug_loc     0x0000000000000360      0x3b8 STM32_F103C6_Driver/STM32F103C6_GPIO_Driver.o
 .debug_loc     0x0000000000000718       0xd8 Src/main.o

.debug_aranges  0x0000000000000000      0x158
 .debug_aranges
                0x0000000000000000       0x28 HAL/Keypad.o
 .debug_aranges
                0x0000000000000028       0x68 HAL/LCD.o
 .debug_aranges
                0x0000000000000090       0x70 STM32_F103C6_Driver/STM32F103C6_GPIO_Driver.o
 .debug_aranges
                0x0000000000000100       0x30 Src/main.o
 .debug_aranges
                0x0000000000000130       0x28 Startup/startup_stm32f103c6tx.o

.debug_ranges   0x0000000000000000      0x110
 .debug_ranges  0x0000000000000000       0x18 HAL/Keypad.o
 .debug_ranges  0x0000000000000018       0x58 HAL/LCD.o
 .debug_ranges  0x0000000000000070       0x60 STM32_F103C6_Driver/STM32F103C6_GPIO_Driver.o
 .debug_ranges  0x00000000000000d0       0x20 Src/main.o
 .debug_ranges  0x00000000000000f0       0x20 Startup/startup_stm32f103c6tx.o

.debug_macro    0x0000000000000000     0x1fb8
 .debug_macro   0x0000000000000000      0x152 HAL/Keypad.o
 .debug_macro   0x0000000000000152      0xa60 HAL/Keypad.o
 .debug_macro   0x0000000000000bb2       0x18 HAL/Keypad.o
 .debug_macro   0x0000000000000bca       0x22 HAL/Keypad.o
 .debug_macro   0x0000000000000bec       0x40 HAL/Keypad.o
 .debug_macro   0x0000000000000c2c       0x94 HAL/Keypad.o
 .debug_macro   0x0000000000000cc0       0x3c HAL/Keypad.o
 .debug_macro   0x0000000000000cfc       0x34 HAL/Keypad.o
 .debug_macro   0x0000000000000d30       0x16 HAL/Keypad.o
 .debug_macro   0x0000000000000d46      0x10e HAL/Keypad.o
 .debug_macro   0x0000000000000e54       0x8d HAL/Keypad.o
 .debug_macro   0x0000000000000ee1       0x57 HAL/Keypad.o
 .debug_macro   0x0000000000000f38       0x52 HAL/Keypad.o
 .debug_macro   0x0000000000000f8a       0x1f HAL/Keypad.o
 .debug_macro   0x0000000000000fa9       0x43 HAL/Keypad.o
 .debug_macro   0x0000000000000fec       0x20 HAL/Keypad.o
 .debug_macro   0x000000000000100c      0x1a3 HAL/Keypad.o
 .debug_macro   0x00000000000011af      0x330 HAL/Keypad.o
 .debug_macro   0x00000000000014df       0x16 HAL/Keypad.o
 .debug_macro   0x00000000000014f5       0x29 HAL/Keypad.o
 .debug_macro   0x000000000000151e       0xef HAL/Keypad.o
 .debug_macro   0x000000000000160d       0x6a HAL/Keypad.o
 .debug_macro   0x0000000000001677      0x1df HAL/Keypad.o
 .debug_macro   0x0000000000001856       0xaa HAL/Keypad.o
 .debug_macro   0x0000000000001900       0xca HAL/Keypad.o
 .debug_macro   0x00000000000019ca       0x4c HAL/Keypad.o
 .debug_macro   0x0000000000001a16      0x152 HAL/LCD.o
 .debug_macro   0x0000000000001b68       0xb2 HAL/LCD.o
 .debug_macro   0x0000000000001c1a      0x13f STM32_F103C6_Driver/STM32F103C6_GPIO_Driver.o
 .debug_macro   0x0000000000001d59      0x155 Src/main.o
 .debug_macro   0x0000000000001eae       0xb8 Src/main.o
 .debug_macro   0x0000000000001f66       0x52 Src/main.o

.debug_line     0x0000000000000000     0x1b7a
 .debug_line    0x0000000000000000      0x6bb HAL/Keypad.o
 .debug_line    0x00000000000006bb      0x740 HAL/LCD.o
 .debug_line    0x0000000000000dfb      0x6b1 STM32_F103C6_Driver/STM32F103C6_GPIO_Driver.o
 .debug_line    0x00000000000014ac      0x64a Src/main.o
 .debug_line    0x0000000000001af6       0x84 Startup/startup_stm32f103c6tx.o

.debug_str      0x0000000000000000     0x7baf
 .debug_str     0x0000000000000000     0x7670 HAL/Keypad.o
                                       0x78d1 (size before relaxing)
 .debug_str     0x0000000000007670      0x320 HAL/LCD.o
                                       0x7b36 (size before relaxing)
 .debug_str     0x0000000000007990      0x1b2 STM32_F103C6_Driver/STM32F103C6_GPIO_Driver.o
                                       0x7954 (size before relaxing)
 .debug_str     0x0000000000007b42       0x3c Src/main.o
                                       0x7b1a (size before relaxing)
 .debug_str     0x0000000000007b7e       0x31 Startup/startup_stm32f103c6tx.o
                                         0x90 (size before relaxing)

.comment        0x0000000000000000       0x7b
 .comment       0x0000000000000000       0x7b HAL/Keypad.o
                                         0x7c (size before relaxing)
 .comment       0x000000000000007b       0x7c HAL/LCD.o
 .comment       0x000000000000007b       0x7c STM32_F103C6_Driver/STM32F103C6_GPIO_Driver.o
 .comment       0x000000000000007b       0x7c Src/main.o

.debug_frame    0x0000000000000000      0x418
 .debug_frame   0x0000000000000000       0x58 HAL/Keypad.o
 .debug_frame   0x0000000000000058      0x164 HAL/LCD.o
 .debug_frame   0x00000000000001bc      0x1b8 STM32_F103C6_Driver/STM32F103C6_GPIO_Driver.o
 .debug_frame   0x0000000000000374       0x78 Src/main.o
 .debug_frame   0x00000000000003ec       0x2c c:/st/stm32cubeide_1.4.0/stm32cubeide/plugins/com.st.stm32cube.ide.mcu.externaltools.gnu-tools-for-stm32.7-2018-q2-update.win32_1.4.0.202007081208/tools/bin/../lib/gcc/arm-none-eabi/7.3.1/../../../../arm-none-eabi/lib/thumb/v7-m\libc_nano.a(lib_a-init.o)
