Archive member included to satisfy reference by file (symbol)

c:/st/stm32cubeide_1.4.0/stm32cubeide/plugins/com.st.stm32cube.ide.mcu.externaltools.gnu-tools-for-stm32.7-2018-q2-update.win32_1.4.0.202007081208/tools/bin/../lib/gcc/arm-none-eabi/7.3.1/../../../../arm-none-eabi/lib/thumb/v7-m\libc_nano.a(lib_a-errno.o)
                              Src/syscalls.o (__errno)
c:/st/stm32cubeide_1.4.0/stm32cubeide/plugins/com.st.stm32cube.ide.mcu.externaltools.gnu-tools-for-stm32.7-2018-q2-update.win32_1.4.0.202007081208/tools/bin/../lib/gcc/arm-none-eabi/7.3.1/../../../../arm-none-eabi/lib/thumb/v7-m\libc_nano.a(lib_a-exit.o)
                              c:/st/stm32cubeide_1.4.0/stm32cubeide/plugins/com.st.stm32cube.ide.mcu.externaltools.gnu-tools-for-stm32.7-2018-q2-update.win32_1.4.0.202007081208/tools/bin/../lib/gcc/arm-none-eabi/7.3.1/../../../../arm-none-eabi/lib/thumb/v7-m/crt0.o (exit)
c:/st/stm32cubeide_1.4.0/stm32cubeide/plugins/com.st.stm32cube.ide.mcu.externaltools.gnu-tools-for-stm32.7-2018-q2-update.win32_1.4.0.202007081208/tools/bin/../lib/gcc/arm-none-eabi/7.3.1/../../../../arm-none-eabi/lib/thumb/v7-m\libc_nano.a(lib_a-impure.o)
                              c:/st/stm32cubeide_1.4.0/stm32cubeide/plugins/com.st.stm32cube.ide.mcu.externaltools.gnu-tools-for-stm32.7-2018-q2-update.win32_1.4.0.202007081208/tools/bin/../lib/gcc/arm-none-eabi/7.3.1/../../../../arm-none-eabi/lib/thumb/v7-m\libc_nano.a(lib_a-exit.o) (_global_impure_ptr)
c:/st/stm32cubeide_1.4.0/stm32cubeide/plugins/com.st.stm32cube.ide.mcu.externaltools.gnu-tools-for-stm32.7-2018-q2-update.win32_1.4.0.202007081208/tools/bin/../lib/gcc/arm-none-eabi/7.3.1/../../../../arm-none-eabi/lib/thumb/v7-m\libc_nano.a(lib_a-init.o)
                              c:/st/stm32cubeide_1.4.0/stm32cubeide/plugins/com.st.stm32cube.ide.mcu.externaltools.gnu-tools-for-stm32.7-2018-q2-update.win32_1.4.0.202007081208/tools/bin/../lib/gcc/arm-none-eabi/7.3.1/../../../../arm-none-eabi/lib/thumb/v7-m/crt0.o (__libc_init_array)
c:/st/stm32cubeide_1.4.0/stm32cubeide/plugins/com.st.stm32cube.ide.mcu.externaltools.gnu-tools-for-stm32.7-2018-q2-update.win32_1.4.0.202007081208/tools/bin/../lib/gcc/arm-none-eabi/7.3.1/../../../../arm-none-eabi/lib/thumb/v7-m\libc_nano.a(lib_a-memset.o)
                              c:/st/stm32cubeide_1.4.0/stm32cubeide/plugins/com.st.stm32cube.ide.mcu.externaltools.gnu-tools-for-stm32.7-2018-q2-update.win32_1.4.0.202007081208/tools/bin/../lib/gcc/arm-none-eabi/7.3.1/../../../../arm-none-eabi/lib/thumb/v7-m/crt0.o (memset)

Allocating common symbols
Common symbol       size              file

P_IRQ_CallBack      0x4               STM32_F103C6_Driver/STM32F103C6_USART_Driver.o
GP_IRQ_CALLBACK     0x3c              STM32_F103C6_Driver/STM32F103C6_EXTI_Driver.o
Pclk                0x4               STM32_F103C6_Driver/STM32F103C6_USART_Driver.o

Discarded input sections

 .text          0x0000000000000000        0x0 c:/st/stm32cubeide_1.4.0/stm32cubeide/plugins/com.st.stm32cube.ide.mcu.externaltools.gnu-tools-for-stm32.7-2018-q2-update.win32_1.4.0.202007081208/tools/bin/../lib/gcc/arm-none-eabi/7.3.1/thumb/v7-m/crti.o
 .data          0x0000000000000000        0x0 c:/st/stm32cubeide_1.4.0/stm32cubeide/plugins/com.st.stm32cube.ide.mcu.externaltools.gnu-tools-for-stm32.7-2018-q2-update.win32_1.4.0.202007081208/tools/bin/../lib/gcc/arm-none-eabi/7.3.1/thumb/v7-m/crti.o
 .bss           0x0000000000000000        0x0 c:/st/stm32cubeide_1.4.0/stm32cubeide/plugins/com.st.stm32cube.ide.mcu.externaltools.gnu-tools-for-stm32.7-2018-q2-update.win32_1.4.0.202007081208/tools/bin/../lib/gcc/arm-none-eabi/7.3.1/thumb/v7-m/crti.o
 .data          0x0000000000000000        0x4 c:/st/stm32cubeide_1.4.0/stm32cubeide/plugins/com.st.stm32cube.ide.mcu.externaltools.gnu-tools-for-stm32.7-2018-q2-update.win32_1.4.0.202007081208/tools/bin/../lib/gcc/arm-none-eabi/7.3.1/thumb/v7-m/crtbegin.o
 .text          0x0000000000000000       0x74 c:/st/stm32cubeide_1.4.0/stm32cubeide/plugins/com.st.stm32cube.ide.mcu.externaltools.gnu-tools-for-stm32.7-2018-q2-update.win32_1.4.0.202007081208/tools/bin/../lib/gcc/arm-none-eabi/7.3.1/../../../../arm-none-eabi/lib/thumb/v7-m/crt0.o
 .data          0x0000000000000000        0x0 c:/st/stm32cubeide_1.4.0/stm32cubeide/plugins/com.st.stm32cube.ide.mcu.externaltools.gnu-tools-for-stm32.7-2018-q2-update.win32_1.4.0.202007081208/tools/bin/../lib/gcc/arm-none-eabi/7.3.1/../../../../arm-none-eabi/lib/thumb/v7-m/crt0.o
 .bss           0x0000000000000000        0x0 c:/st/stm32cubeide_1.4.0/stm32cubeide/plugins/com.st.stm32cube.ide.mcu.externaltools.gnu-tools-for-stm32.7-2018-q2-update.win32_1.4.0.202007081208/tools/bin/../lib/gcc/arm-none-eabi/7.3.1/../../../../arm-none-eabi/lib/thumb/v7-m/crt0.o
 .ARM.extab     0x0000000000000000        0x0 c:/st/stm32cubeide_1.4.0/stm32cubeide/plugins/com.st.stm32cube.ide.mcu.externaltools.gnu-tools-for-stm32.7-2018-q2-update.win32_1.4.0.202007081208/tools/bin/../lib/gcc/arm-none-eabi/7.3.1/../../../../arm-none-eabi/lib/thumb/v7-m/crt0.o
 .ARM.exidx     0x0000000000000000        0x8 c:/st/stm32cubeide_1.4.0/stm32cubeide/plugins/com.st.stm32cube.ide.mcu.externaltools.gnu-tools-for-stm32.7-2018-q2-update.win32_1.4.0.202007081208/tools/bin/../lib/gcc/arm-none-eabi/7.3.1/../../../../arm-none-eabi/lib/thumb/v7-m/crt0.o
 .ARM.attributes
                0x0000000000000000       0x1b c:/st/stm32cubeide_1.4.0/stm32cubeide/plugins/com.st.stm32cube.ide.mcu.externaltools.gnu-tools-for-stm32.7-2018-q2-update.win32_1.4.0.202007081208/tools/bin/../lib/gcc/arm-none-eabi/7.3.1/../../../../arm-none-eabi/lib/thumb/v7-m/crt0.o
 .group         0x0000000000000000        0xc HAL/Keypad.o
 .text          0x0000000000000000        0x0 HAL/Keypad.o
 .data          0x0000000000000000        0x0 HAL/Keypad.o
 .bss           0x0000000000000000        0x0 HAL/Keypad.o
 .debug_info    0x0000000000000000       0x21 HAL/Keypad.o
 .debug_abbrev  0x0000000000000000       0x13 HAL/Keypad.o
 .debug_aranges
                0x0000000000000000       0x18 HAL/Keypad.o
 .debug_macro   0x0000000000000000       0x11 HAL/Keypad.o
 .debug_macro   0x0000000000000000      0xa60 HAL/Keypad.o
 .debug_line    0x0000000000000000       0x30 HAL/Keypad.o
 .debug_str     0x0000000000000000     0x2cf8 HAL/Keypad.o
 .comment       0x0000000000000000       0x7c HAL/Keypad.o
 .ARM.attributes
                0x0000000000000000       0x33 HAL/Keypad.o
 .group         0x0000000000000000        0xc HAL/LCD.o
 .text          0x0000000000000000        0x0 HAL/LCD.o
 .data          0x0000000000000000        0x0 HAL/LCD.o
 .bss           0x0000000000000000        0x0 HAL/LCD.o
 .debug_info    0x0000000000000000       0x21 HAL/LCD.o
 .debug_abbrev  0x0000000000000000       0x13 HAL/LCD.o
 .debug_aranges
                0x0000000000000000       0x18 HAL/LCD.o
 .debug_macro   0x0000000000000000       0x11 HAL/LCD.o
 .debug_macro   0x0000000000000000      0xa60 HAL/LCD.o
 .debug_line    0x0000000000000000       0x2d HAL/LCD.o
 .debug_str     0x0000000000000000     0x2cf5 HAL/LCD.o
 .comment       0x0000000000000000       0x7c HAL/LCD.o
 .ARM.attributes
                0x0000000000000000       0x33 HAL/LCD.o
 .group         0x0000000000000000        0xc STM32_F103C6_Driver/STM32F103C6_EXTI_Driver.o
 .group         0x0000000000000000        0xc STM32_F103C6_Driver/STM32F103C6_EXTI_Driver.o
 .group         0x0000000000000000        0xc STM32_F103C6_Driver/STM32F103C6_EXTI_Driver.o
 .group         0x0000000000000000        0xc STM32_F103C6_Driver/STM32F103C6_EXTI_Driver.o
 .group         0x0000000000000000        0xc STM32_F103C6_Driver/STM32F103C6_EXTI_Driver.o
 .group         0x0000000000000000        0xc STM32_F103C6_Driver/STM32F103C6_EXTI_Driver.o
 .group         0x0000000000000000        0xc STM32_F103C6_Driver/STM32F103C6_EXTI_Driver.o
 .group         0x0000000000000000        0xc STM32_F103C6_Driver/STM32F103C6_EXTI_Driver.o
 .group         0x0000000000000000        0xc STM32_F103C6_Driver/STM32F103C6_EXTI_Driver.o
 .group         0x0000000000000000        0xc STM32_F103C6_Driver/STM32F103C6_EXTI_Driver.o
 .group         0x0000000000000000        0xc STM32_F103C6_Driver/STM32F103C6_EXTI_Driver.o
 .group         0x0000000000000000        0xc STM32_F103C6_Driver/STM32F103C6_EXTI_Driver.o
 .group         0x0000000000000000        0xc STM32_F103C6_Driver/STM32F103C6_EXTI_Driver.o
 .group         0x0000000000000000        0xc STM32_F103C6_Driver/STM32F103C6_EXTI_Driver.o
 .group         0x0000000000000000        0xc STM32_F103C6_Driver/STM32F103C6_EXTI_Driver.o
 .group         0x0000000000000000        0xc STM32_F103C6_Driver/STM32F103C6_EXTI_Driver.o
 .group         0x0000000000000000        0xc STM32_F103C6_Driver/STM32F103C6_EXTI_Driver.o
 .group         0x0000000000000000        0xc STM32_F103C6_Driver/STM32F103C6_EXTI_Driver.o
 .group         0x0000000000000000        0xc STM32_F103C6_Driver/STM32F103C6_EXTI_Driver.o
 .group         0x0000000000000000        0xc STM32_F103C6_Driver/STM32F103C6_EXTI_Driver.o
 .group         0x0000000000000000        0xc STM32_F103C6_Driver/STM32F103C6_EXTI_Driver.o
 .group         0x0000000000000000        0xc STM32_F103C6_Driver/STM32F103C6_EXTI_Driver.o
 .group         0x0000000000000000        0xc STM32_F103C6_Driver/STM32F103C6_EXTI_Driver.o
 .group         0x0000000000000000        0xc STM32_F103C6_Driver/STM32F103C6_EXTI_Driver.o
 .group         0x0000000000000000        0xc STM32_F103C6_Driver/STM32F103C6_EXTI_Driver.o
 .group         0x0000000000000000        0xc STM32_F103C6_Driver/STM32F103C6_EXTI_Driver.o
 .group         0x0000000000000000        0xc STM32_F103C6_Driver/STM32F103C6_EXTI_Driver.o
 .group         0x0000000000000000        0xc STM32_F103C6_Driver/STM32F103C6_EXTI_Driver.o
 .group         0x0000000000000000        0xc STM32_F103C6_Driver/STM32F103C6_EXTI_Driver.o
 .group         0x0000000000000000        0xc STM32_F103C6_Driver/STM32F103C6_EXTI_Driver.o
 .group         0x0000000000000000        0xc STM32_F103C6_Driver/STM32F103C6_EXTI_Driver.o
 .group         0x0000000000000000        0xc STM32_F103C6_Driver/STM32F103C6_EXTI_Driver.o
 .group         0x0000000000000000        0xc STM32_F103C6_Driver/STM32F103C6_EXTI_Driver.o
 .group         0x0000000000000000        0xc STM32_F103C6_Driver/STM32F103C6_EXTI_Driver.o
 .group         0x0000000000000000        0xc STM32_F103C6_Driver/STM32F103C6_EXTI_Driver.o
 .group         0x0000000000000000        0xc STM32_F103C6_Driver/STM32F103C6_EXTI_Driver.o
 .group         0x0000000000000000        0xc STM32_F103C6_Driver/STM32F103C6_EXTI_Driver.o
 .group         0x0000000000000000        0xc STM32_F103C6_Driver/STM32F103C6_EXTI_Driver.o
 .group         0x0000000000000000        0xc STM32_F103C6_Driver/STM32F103C6_EXTI_Driver.o
 .text          0x0000000000000000        0x0 STM32_F103C6_Driver/STM32F103C6_EXTI_Driver.o
 .data          0x0000000000000000        0x0 STM32_F103C6_Driver/STM32F103C6_EXTI_Driver.o
 .bss           0x0000000000000000        0x0 STM32_F103C6_Driver/STM32F103C6_EXTI_Driver.o
 .text.UPDATE_EXTI
                0x0000000000000000      0x234 STM32_F103C6_Driver/STM32F103C6_EXTI_Driver.o
 .text.MCAL_EXTI_GPIO_DeInit
                0x0000000000000000       0x38 STM32_F103C6_Driver/STM32F103C6_EXTI_Driver.o
 .text.MCAL_EXTI_GPIO_Init
                0x0000000000000000       0x16 STM32_F103C6_Driver/STM32F103C6_EXTI_Driver.o
 .text.MCAL_EXTI_GPIO_Update
                0x0000000000000000       0x16 STM32_F103C6_Driver/STM32F103C6_EXTI_Driver.o
 .debug_macro   0x0000000000000000      0xa60 STM32_F103C6_Driver/STM32F103C6_EXTI_Driver.o
 .group         0x0000000000000000        0xc STM32_F103C6_Driver/STM32F103C6_GPIO_Driver.o
 .group         0x0000000000000000        0xc STM32_F103C6_Driver/STM32F103C6_GPIO_Driver.o
 .group         0x0000000000000000        0xc STM32_F103C6_Driver/STM32F103C6_GPIO_Driver.o
 .group         0x0000000000000000        0xc STM32_F103C6_Driver/STM32F103C6_GPIO_Driver.o
 .group         0x0000000000000000        0xc STM32_F103C6_Driver/STM32F103C6_GPIO_Driver.o
 .group         0x0000000000000000        0xc STM32_F103C6_Driver/STM32F103C6_GPIO_Driver.o
 .group         0x0000000000000000        0xc STM32_F103C6_Driver/STM32F103C6_GPIO_Driver.o
 .group         0x0000000000000000        0xc STM32_F103C6_Driver/STM32F103C6_GPIO_Driver.o
 .group         0x0000000000000000        0xc STM32_F103C6_Driver/STM32F103C6_GPIO_Driver.o
 .group         0x0000000000000000        0xc STM32_F103C6_Driver/STM32F103C6_GPIO_Driver.o
 .group         0x0000000000000000        0xc STM32_F103C6_Driver/STM32F103C6_GPIO_Driver.o
 .group         0x0000000000000000        0xc STM32_F103C6_Driver/STM32F103C6_GPIO_Driver.o
 .group         0x0000000000000000        0xc STM32_F103C6_Driver/STM32F103C6_GPIO_Driver.o
 .group         0x0000000000000000        0xc STM32_F103C6_Driver/STM32F103C6_GPIO_Driver.o
 .group         0x0000000000000000        0xc STM32_F103C6_Driver/STM32F103C6_GPIO_Driver.o
 .group         0x0000000000000000        0xc STM32_F103C6_Driver/STM32F103C6_GPIO_Driver.o
 .group         0x0000000000000000        0xc STM32_F103C6_Driver/STM32F103C6_GPIO_Driver.o
 .group         0x0000000000000000        0xc STM32_F103C6_Driver/STM32F103C6_GPIO_Driver.o
 .group         0x0000000000000000        0xc STM32_F103C6_Driver/STM32F103C6_GPIO_Driver.o
 .group         0x0000000000000000        0xc STM32_F103C6_Driver/STM32F103C6_GPIO_Driver.o
 .group         0x0000000000000000        0xc STM32_F103C6_Driver/STM32F103C6_GPIO_Driver.o
 .group         0x0000000000000000        0xc STM32_F103C6_Driver/STM32F103C6_GPIO_Driver.o
 .group         0x0000000000000000        0xc STM32_F103C6_Driver/STM32F103C6_GPIO_Driver.o
 .group         0x0000000000000000        0xc STM32_F103C6_Driver/STM32F103C6_GPIO_Driver.o
 .group         0x0000000000000000        0xc STM32_F103C6_Driver/STM32F103C6_GPIO_Driver.o
 .group         0x0000000000000000        0xc STM32_F103C6_Driver/STM32F103C6_GPIO_Driver.o
 .group         0x0000000000000000        0xc STM32_F103C6_Driver/STM32F103C6_GPIO_Driver.o
 .group         0x0000000000000000        0xc STM32_F103C6_Driver/STM32F103C6_GPIO_Driver.o
 .group         0x0000000000000000        0xc STM32_F103C6_Driver/STM32F103C6_GPIO_Driver.o
 .group         0x0000000000000000        0xc STM32_F103C6_Driver/STM32F103C6_GPIO_Driver.o
 .group         0x0000000000000000        0xc STM32_F103C6_Driver/STM32F103C6_GPIO_Driver.o
 .group         0x0000000000000000        0xc STM32_F103C6_Driver/STM32F103C6_GPIO_Driver.o
 .group         0x0000000000000000        0xc STM32_F103C6_Driver/STM32F103C6_GPIO_Driver.o
 .group         0x0000000000000000        0xc STM32_F103C6_Driver/STM32F103C6_GPIO_Driver.o
 .group         0x0000000000000000        0xc STM32_F103C6_Driver/STM32F103C6_GPIO_Driver.o
 .group         0x0000000000000000        0xc STM32_F103C6_Driver/STM32F103C6_GPIO_Driver.o
 .group         0x0000000000000000        0xc STM32_F103C6_Driver/STM32F103C6_GPIO_Driver.o
 .group         0x0000000000000000        0xc STM32_F103C6_Driver/STM32F103C6_GPIO_Driver.o
 .text          0x0000000000000000        0x0 STM32_F103C6_Driver/STM32F103C6_GPIO_Driver.o
 .data          0x0000000000000000        0x0 STM32_F103C6_Driver/STM32F103C6_GPIO_Driver.o
 .bss           0x0000000000000000        0x0 STM32_F103C6_Driver/STM32F103C6_GPIO_Driver.o
 .text.MCAL_GPIO_ReInit
                0x0000000000000000       0xcc STM32_F103C6_Driver/STM32F103C6_GPIO_Driver.o
 .text.MCAL_GPIO_ReadPin
                0x0000000000000000       0x28 STM32_F103C6_Driver/STM32F103C6_GPIO_Driver.o
 .text.MCAL_GPIO_ReadPORT
                0x0000000000000000       0x16 STM32_F103C6_Driver/STM32F103C6_GPIO_Driver.o
 .text.MCAL_GPIO_WritePin
                0x0000000000000000       0x2c STM32_F103C6_Driver/STM32F103C6_GPIO_Driver.o
 .text.MCAL_GPIO_WritePort
                0x0000000000000000       0x28 STM32_F103C6_Driver/STM32F103C6_GPIO_Driver.o
 .text.MCAL_GPIO_TogglePin
                0x0000000000000000       0x22 STM32_F103C6_Driver/STM32F103C6_GPIO_Driver.o
 .text.MCAL_GPIO_LockPin
                0x0000000000000000       0x4a STM32_F103C6_Driver/STM32F103C6_GPIO_Driver.o
 .text.MCAL_GPIO_EXTI_IRQConfig
                0x0000000000000000        0xc STM32_F103C6_Driver/STM32F103C6_GPIO_Driver.o
 .text.MCAL_GPIO_EXTI_IRQHandling
                0x0000000000000000        0xc STM32_F103C6_Driver/STM32F103C6_GPIO_Driver.o
 .debug_macro   0x0000000000000000      0xa60 STM32_F103C6_Driver/STM32F103C6_GPIO_Driver.o
 .debug_macro   0x0000000000000000       0x18 STM32_F103C6_Driver/STM32F103C6_GPIO_Driver.o
 .debug_macro   0x0000000000000000       0x22 STM32_F103C6_Driver/STM32F103C6_GPIO_Driver.o
 .debug_macro   0x0000000000000000       0x40 STM32_F103C6_Driver/STM32F103C6_GPIO_Driver.o
 .debug_macro   0x0000000000000000       0x94 STM32_F103C6_Driver/STM32F103C6_GPIO_Driver.o
 .debug_macro   0x0000000000000000       0x3c STM32_F103C6_Driver/STM32F103C6_GPIO_Driver.o
 .debug_macro   0x0000000000000000       0x34 STM32_F103C6_Driver/STM32F103C6_GPIO_Driver.o
 .debug_macro   0x0000000000000000       0x16 STM32_F103C6_Driver/STM32F103C6_GPIO_Driver.o
 .debug_macro   0x0000000000000000      0x10e STM32_F103C6_Driver/STM32F103C6_GPIO_Driver.o
 .debug_macro   0x0000000000000000       0x8d STM32_F103C6_Driver/STM32F103C6_GPIO_Driver.o
 .debug_macro   0x0000000000000000       0x57 STM32_F103C6_Driver/STM32F103C6_GPIO_Driver.o
 .debug_macro   0x0000000000000000       0x52 STM32_F103C6_Driver/STM32F103C6_GPIO_Driver.o
 .debug_macro   0x0000000000000000       0x1f STM32_F103C6_Driver/STM32F103C6_GPIO_Driver.o
 .debug_macro   0x0000000000000000       0x43 STM32_F103C6_Driver/STM32F103C6_GPIO_Driver.o
 .debug_macro   0x0000000000000000       0x20 STM32_F103C6_Driver/STM32F103C6_GPIO_Driver.o
 .debug_macro   0x0000000000000000      0x1a3 STM32_F103C6_Driver/STM32F103C6_GPIO_Driver.o
 .debug_macro   0x0000000000000000      0x330 STM32_F103C6_Driver/STM32F103C6_GPIO_Driver.o
 .debug_macro   0x0000000000000000       0x16 STM32_F103C6_Driver/STM32F103C6_GPIO_Driver.o
 .debug_macro   0x0000000000000000       0x29 STM32_F103C6_Driver/STM32F103C6_GPIO_Driver.o
 .debug_macro   0x0000000000000000       0xef STM32_F103C6_Driver/STM32F103C6_GPIO_Driver.o
 .debug_macro   0x0000000000000000       0x6a STM32_F103C6_Driver/STM32F103C6_GPIO_Driver.o
 .debug_macro   0x0000000000000000      0x1df STM32_F103C6_Driver/STM32F103C6_GPIO_Driver.o
 .debug_macro   0x0000000000000000       0x1c STM32_F103C6_Driver/STM32F103C6_GPIO_Driver.o
 .debug_macro   0x0000000000000000       0x35 STM32_F103C6_Driver/STM32F103C6_GPIO_Driver.o
 .debug_macro   0x0000000000000000       0x10 STM32_F103C6_Driver/STM32F103C6_GPIO_Driver.o
 .debug_macro   0x0000000000000000       0x10 STM32_F103C6_Driver/STM32F103C6_GPIO_Driver.o
 .debug_macro   0x0000000000000000       0x1c STM32_F103C6_Driver/STM32F103C6_GPIO_Driver.o
 .debug_macro   0x0000000000000000       0x52 STM32_F103C6_Driver/STM32F103C6_GPIO_Driver.o
 .debug_macro   0x0000000000000000       0x40 STM32_F103C6_Driver/STM32F103C6_GPIO_Driver.o
 .debug_macro   0x0000000000000000       0x10 STM32_F103C6_Driver/STM32F103C6_GPIO_Driver.o
 .debug_macro   0x0000000000000000       0x40 STM32_F103C6_Driver/STM32F103C6_GPIO_Driver.o
 .debug_macro   0x0000000000000000       0xd7 STM32_F103C6_Driver/STM32F103C6_GPIO_Driver.o
 .debug_macro   0x0000000000000000       0x1c STM32_F103C6_Driver/STM32F103C6_GPIO_Driver.o
 .debug_macro   0x0000000000000000       0x3d STM32_F103C6_Driver/STM32F103C6_GPIO_Driver.o
 .debug_macro   0x0000000000000000       0x16 STM32_F103C6_Driver/STM32F103C6_GPIO_Driver.o
 .debug_macro   0x0000000000000000      0x145 STM32_F103C6_Driver/STM32F103C6_GPIO_Driver.o
 .debug_macro   0x0000000000000000      0x240 STM32_F103C6_Driver/STM32F103C6_GPIO_Driver.o
 .group         0x0000000000000000        0xc STM32_F103C6_Driver/STM32F103C6_RCC_Driver.o
 .group         0x0000000000000000        0xc STM32_F103C6_Driver/STM32F103C6_RCC_Driver.o
 .group         0x0000000000000000        0xc STM32_F103C6_Driver/STM32F103C6_RCC_Driver.o
 .group         0x0000000000000000        0xc STM32_F103C6_Driver/STM32F103C6_RCC_Driver.o
 .group         0x0000000000000000        0xc STM32_F103C6_Driver/STM32F103C6_RCC_Driver.o
 .group         0x0000000000000000        0xc STM32_F103C6_Driver/STM32F103C6_RCC_Driver.o
 .group         0x0000000000000000        0xc STM32_F103C6_Driver/STM32F103C6_RCC_Driver.o
 .group         0x0000000000000000        0xc STM32_F103C6_Driver/STM32F103C6_RCC_Driver.o
 .group         0x0000000000000000        0xc STM32_F103C6_Driver/STM32F103C6_RCC_Driver.o
 .group         0x0000000000000000        0xc STM32_F103C6_Driver/STM32F103C6_RCC_Driver.o
 .group         0x0000000000000000        0xc STM32_F103C6_Driver/STM32F103C6_RCC_Driver.o
 .group         0x0000000000000000        0xc STM32_F103C6_Driver/STM32F103C6_RCC_Driver.o
 .group         0x0000000000000000        0xc STM32_F103C6_Driver/STM32F103C6_RCC_Driver.o
 .group         0x0000000000000000        0xc STM32_F103C6_Driver/STM32F103C6_RCC_Driver.o
 .group         0x0000000000000000        0xc STM32_F103C6_Driver/STM32F103C6_RCC_Driver.o
 .group         0x0000000000000000        0xc STM32_F103C6_Driver/STM32F103C6_RCC_Driver.o
 .group         0x0000000000000000        0xc STM32_F103C6_Driver/STM32F103C6_RCC_Driver.o
 .group         0x0000000000000000        0xc STM32_F103C6_Driver/STM32F103C6_RCC_Driver.o
 .group         0x0000000000000000        0xc STM32_F103C6_Driver/STM32F103C6_RCC_Driver.o
 .group         0x0000000000000000        0xc STM32_F103C6_Driver/STM32F103C6_RCC_Driver.o
 .group         0x0000000000000000        0xc STM32_F103C6_Driver/STM32F103C6_RCC_Driver.o
 .group         0x0000000000000000        0xc STM32_F103C6_Driver/STM32F103C6_RCC_Driver.o
 .group         0x0000000000000000        0xc STM32_F103C6_Driver/STM32F103C6_RCC_Driver.o
 .group         0x0000000000000000        0xc STM32_F103C6_Driver/STM32F103C6_RCC_Driver.o
 .group         0x0000000000000000        0xc STM32_F103C6_Driver/STM32F103C6_RCC_Driver.o
 .group         0x0000000000000000        0xc STM32_F103C6_Driver/STM32F103C6_RCC_Driver.o
 .group         0x0000000000000000        0xc STM32_F103C6_Driver/STM32F103C6_RCC_Driver.o
 .group         0x0000000000000000        0xc STM32_F103C6_Driver/STM32F103C6_RCC_Driver.o
 .group         0x0000000000000000        0xc STM32_F103C6_Driver/STM32F103C6_RCC_Driver.o
 .group         0x0000000000000000        0xc STM32_F103C6_Driver/STM32F103C6_RCC_Driver.o
 .group         0x0000000000000000        0xc STM32_F103C6_Driver/STM32F103C6_RCC_Driver.o
 .group         0x0000000000000000        0xc STM32_F103C6_Driver/STM32F103C6_RCC_Driver.o
 .group         0x0000000000000000        0xc STM32_F103C6_Driver/STM32F103C6_RCC_Driver.o
 .group         0x0000000000000000        0xc STM32_F103C6_Driver/STM32F103C6_RCC_Driver.o
 .group         0x0000000000000000        0xc STM32_F103C6_Driver/STM32F103C6_RCC_Driver.o
 .group         0x0000000000000000        0xc STM32_F103C6_Driver/STM32F103C6_RCC_Driver.o
 .group         0x0000000000000000        0xc STM32_F103C6_Driver/STM32F103C6_RCC_Driver.o
 .group         0x0000000000000000        0xc STM32_F103C6_Driver/STM32F103C6_RCC_Driver.o
 .group         0x0000000000000000        0xc STM32_F103C6_Driver/STM32F103C6_RCC_Driver.o
 .text          0x0000000000000000        0x0 STM32_F103C6_Driver/STM32F103C6_RCC_Driver.o
 .data          0x0000000000000000        0x0 STM32_F103C6_Driver/STM32F103C6_RCC_Driver.o
 .bss           0x0000000000000000        0x0 STM32_F103C6_Driver/STM32F103C6_RCC_Driver.o
 .data.AHBPrescTable
                0x0000000000000000       0x40 STM32_F103C6_Driver/STM32F103C6_RCC_Driver.o
 .debug_macro   0x0000000000000000      0xa60 STM32_F103C6_Driver/STM32F103C6_RCC_Driver.o
 .debug_macro   0x0000000000000000       0x18 STM32_F103C6_Driver/STM32F103C6_RCC_Driver.o
 .debug_macro   0x0000000000000000       0x22 STM32_F103C6_Driver/STM32F103C6_RCC_Driver.o
 .debug_macro   0x0000000000000000       0x40 STM32_F103C6_Driver/STM32F103C6_RCC_Driver.o
 .debug_macro   0x0000000000000000       0x94 STM32_F103C6_Driver/STM32F103C6_RCC_Driver.o
 .debug_macro   0x0000000000000000       0x3c STM32_F103C6_Driver/STM32F103C6_RCC_Driver.o
 .debug_macro   0x0000000000000000       0x34 STM32_F103C6_Driver/STM32F103C6_RCC_Driver.o
 .debug_macro   0x0000000000000000       0x16 STM32_F103C6_Driver/STM32F103C6_RCC_Driver.o
 .debug_macro   0x0000000000000000      0x10e STM32_F103C6_Driver/STM32F103C6_RCC_Driver.o
 .debug_macro   0x0000000000000000       0x8d STM32_F103C6_Driver/STM32F103C6_RCC_Driver.o
 .debug_macro   0x0000000000000000       0x57 STM32_F103C6_Driver/STM32F103C6_RCC_Driver.o
 .debug_macro   0x0000000000000000       0x52 STM32_F103C6_Driver/STM32F103C6_RCC_Driver.o
 .debug_macro   0x0000000000000000       0x1f STM32_F103C6_Driver/STM32F103C6_RCC_Driver.o
 .debug_macro   0x0000000000000000       0x43 STM32_F103C6_Driver/STM32F103C6_RCC_Driver.o
 .debug_macro   0x0000000000000000       0x20 STM32_F103C6_Driver/STM32F103C6_RCC_Driver.o
 .debug_macro   0x0000000000000000      0x1a3 STM32_F103C6_Driver/STM32F103C6_RCC_Driver.o
 .debug_macro   0x0000000000000000      0x330 STM32_F103C6_Driver/STM32F103C6_RCC_Driver.o
 .debug_macro   0x0000000000000000       0x16 STM32_F103C6_Driver/STM32F103C6_RCC_Driver.o
 .debug_macro   0x0000000000000000       0x29 STM32_F103C6_Driver/STM32F103C6_RCC_Driver.o
 .debug_macro   0x0000000000000000       0xef STM32_F103C6_Driver/STM32F103C6_RCC_Driver.o
 .debug_macro   0x0000000000000000       0x6a STM32_F103C6_Driver/STM32F103C6_RCC_Driver.o
 .debug_macro   0x0000000000000000      0x1df STM32_F103C6_Driver/STM32F103C6_RCC_Driver.o
 .debug_macro   0x0000000000000000       0x1c STM32_F103C6_Driver/STM32F103C6_RCC_Driver.o
 .debug_macro   0x0000000000000000       0x35 STM32_F103C6_Driver/STM32F103C6_RCC_Driver.o
 .debug_macro   0x0000000000000000       0x10 STM32_F103C6_Driver/STM32F103C6_RCC_Driver.o
 .debug_macro   0x0000000000000000       0x10 STM32_F103C6_Driver/STM32F103C6_RCC_Driver.o
 .debug_macro   0x0000000000000000       0x1c STM32_F103C6_Driver/STM32F103C6_RCC_Driver.o
 .debug_macro   0x0000000000000000       0x52 STM32_F103C6_Driver/STM32F103C6_RCC_Driver.o
 .debug_macro   0x0000000000000000       0x40 STM32_F103C6_Driver/STM32F103C6_RCC_Driver.o
 .debug_macro   0x0000000000000000       0x10 STM32_F103C6_Driver/STM32F103C6_RCC_Driver.o
 .debug_macro   0x0000000000000000       0x40 STM32_F103C6_Driver/STM32F103C6_RCC_Driver.o
 .debug_macro   0x0000000000000000       0xd7 STM32_F103C6_Driver/STM32F103C6_RCC_Driver.o
 .debug_macro   0x0000000000000000       0x1c STM32_F103C6_Driver/STM32F103C6_RCC_Driver.o
 .debug_macro   0x0000000000000000       0x3d STM32_F103C6_Driver/STM32F103C6_RCC_Driver.o
 .debug_macro   0x0000000000000000       0x16 STM32_F103C6_Driver/STM32F103C6_RCC_Driver.o
 .debug_macro   0x0000000000000000      0x145 STM32_F103C6_Driver/STM32F103C6_RCC_Driver.o
 .debug_macro   0x0000000000000000      0x240 STM32_F103C6_Driver/STM32F103C6_RCC_Driver.o
 .debug_macro   0x0000000000000000       0xd0 STM32_F103C6_Driver/STM32F103C6_RCC_Driver.o
 .group         0x0000000000000000        0xc STM32_F103C6_Driver/STM32F103C6_USART_Driver.o
 .group         0x0000000000000000        0xc STM32_F103C6_Driver/STM32F103C6_USART_Driver.o
 .group         0x0000000000000000        0xc STM32_F103C6_Driver/STM32F103C6_USART_Driver.o
 .group         0x0000000000000000        0xc STM32_F103C6_Driver/STM32F103C6_USART_Driver.o
 .group         0x0000000000000000        0xc STM32_F103C6_Driver/STM32F103C6_USART_Driver.o
 .group         0x0000000000000000        0xc STM32_F103C6_Driver/STM32F103C6_USART_Driver.o
 .group         0x0000000000000000        0xc STM32_F103C6_Driver/STM32F103C6_USART_Driver.o
 .group         0x0000000000000000        0xc STM32_F103C6_Driver/STM32F103C6_USART_Driver.o
 .group         0x0000000000000000        0xc STM32_F103C6_Driver/STM32F103C6_USART_Driver.o
 .group         0x0000000000000000        0xc STM32_F103C6_Driver/STM32F103C6_USART_Driver.o
 .group         0x0000000000000000        0xc STM32_F103C6_Driver/STM32F103C6_USART_Driver.o
 .group         0x0000000000000000        0xc STM32_F103C6_Driver/STM32F103C6_USART_Driver.o
 .group         0x0000000000000000        0xc STM32_F103C6_Driver/STM32F103C6_USART_Driver.o
 .group         0x0000000000000000        0xc STM32_F103C6_Driver/STM32F103C6_USART_Driver.o
 .group         0x0000000000000000        0xc STM32_F103C6_Driver/STM32F103C6_USART_Driver.o
 .group         0x0000000000000000        0xc STM32_F103C6_Driver/STM32F103C6_USART_Driver.o
 .group         0x0000000000000000        0xc STM32_F103C6_Driver/STM32F103C6_USART_Driver.o
 .group         0x0000000000000000        0xc STM32_F103C6_Driver/STM32F103C6_USART_Driver.o
 .group         0x0000000000000000        0xc STM32_F103C6_Driver/STM32F103C6_USART_Driver.o
 .group         0x0000000000000000        0xc STM32_F103C6_Driver/STM32F103C6_USART_Driver.o
 .group         0x0000000000000000        0xc STM32_F103C6_Driver/STM32F103C6_USART_Driver.o
 .group         0x0000000000000000        0xc STM32_F103C6_Driver/STM32F103C6_USART_Driver.o
 .group         0x0000000000000000        0xc STM32_F103C6_Driver/STM32F103C6_USART_Driver.o
 .group         0x0000000000000000        0xc STM32_F103C6_Driver/STM32F103C6_USART_Driver.o
 .group         0x0000000000000000        0xc STM32_F103C6_Driver/STM32F103C6_USART_Driver.o
 .group         0x0000000000000000        0xc STM32_F103C6_Driver/STM32F103C6_USART_Driver.o
 .group         0x0000000000000000        0xc STM32_F103C6_Driver/STM32F103C6_USART_Driver.o
 .group         0x0000000000000000        0xc STM32_F103C6_Driver/STM32F103C6_USART_Driver.o
 .group         0x0000000000000000        0xc STM32_F103C6_Driver/STM32F103C6_USART_Driver.o
 .group         0x0000000000000000        0xc STM32_F103C6_Driver/STM32F103C6_USART_Driver.o
 .group         0x0000000000000000        0xc STM32_F103C6_Driver/STM32F103C6_USART_Driver.o
 .group         0x0000000000000000        0xc STM32_F103C6_Driver/STM32F103C6_USART_Driver.o
 .group         0x0000000000000000        0xc STM32_F103C6_Driver/STM32F103C6_USART_Driver.o
 .group         0x0000000000000000        0xc STM32_F103C6_Driver/STM32F103C6_USART_Driver.o
 .group         0x0000000000000000        0xc STM32_F103C6_Driver/STM32F103C6_USART_Driver.o
 .group         0x0000000000000000        0xc STM32_F103C6_Driver/STM32F103C6_USART_Driver.o
 .group         0x0000000000000000        0xc STM32_F103C6_Driver/STM32F103C6_USART_Driver.o
 .group         0x0000000000000000        0xc STM32_F103C6_Driver/STM32F103C6_USART_Driver.o
 .group         0x0000000000000000        0xc STM32_F103C6_Driver/STM32F103C6_USART_Driver.o
 .group         0x0000000000000000        0xc STM32_F103C6_Driver/STM32F103C6_USART_Driver.o
 .text          0x0000000000000000        0x0 STM32_F103C6_Driver/STM32F103C6_USART_Driver.o
 .data          0x0000000000000000        0x0 STM32_F103C6_Driver/STM32F103C6_USART_Driver.o
 .bss           0x0000000000000000        0x0 STM32_F103C6_Driver/STM32F103C6_USART_Driver.o
 .text.MCAL_UART_DeInit
                0x0000000000000000       0x88 STM32_F103C6_Driver/STM32F103C6_USART_Driver.o
 .text.MCAL_UART_WAIT_TC
                0x0000000000000000       0x20 STM32_F103C6_Driver/STM32F103C6_USART_Driver.o
 .debug_macro   0x0000000000000000      0xa60 STM32_F103C6_Driver/STM32F103C6_USART_Driver.o
 .debug_macro   0x0000000000000000       0x18 STM32_F103C6_Driver/STM32F103C6_USART_Driver.o
 .debug_macro   0x0000000000000000       0x22 STM32_F103C6_Driver/STM32F103C6_USART_Driver.o
 .debug_macro   0x0000000000000000       0x40 STM32_F103C6_Driver/STM32F103C6_USART_Driver.o
 .debug_macro   0x0000000000000000       0x94 STM32_F103C6_Driver/STM32F103C6_USART_Driver.o
 .debug_macro   0x0000000000000000       0x3c STM32_F103C6_Driver/STM32F103C6_USART_Driver.o
 .debug_macro   0x0000000000000000       0x34 STM32_F103C6_Driver/STM32F103C6_USART_Driver.o
 .debug_macro   0x0000000000000000       0x16 STM32_F103C6_Driver/STM32F103C6_USART_Driver.o
 .debug_macro   0x0000000000000000      0x10e STM32_F103C6_Driver/STM32F103C6_USART_Driver.o
 .debug_macro   0x0000000000000000       0x8d STM32_F103C6_Driver/STM32F103C6_USART_Driver.o
 .debug_macro   0x0000000000000000       0x57 STM32_F103C6_Driver/STM32F103C6_USART_Driver.o
 .debug_macro   0x0000000000000000       0x52 STM32_F103C6_Driver/STM32F103C6_USART_Driver.o
 .debug_macro   0x0000000000000000       0x1f STM32_F103C6_Driver/STM32F103C6_USART_Driver.o
 .debug_macro   0x0000000000000000       0x43 STM32_F103C6_Driver/STM32F103C6_USART_Driver.o
 .debug_macro   0x0000000000000000       0x20 STM32_F103C6_Driver/STM32F103C6_USART_Driver.o
 .debug_macro   0x0000000000000000      0x1a3 STM32_F103C6_Driver/STM32F103C6_USART_Driver.o
 .debug_macro   0x0000000000000000      0x330 STM32_F103C6_Driver/STM32F103C6_USART_Driver.o
 .debug_macro   0x0000000000000000       0x16 STM32_F103C6_Driver/STM32F103C6_USART_Driver.o
 .debug_macro   0x0000000000000000       0x29 STM32_F103C6_Driver/STM32F103C6_USART_Driver.o
 .debug_macro   0x0000000000000000       0xef STM32_F103C6_Driver/STM32F103C6_USART_Driver.o
 .debug_macro   0x0000000000000000       0x6a STM32_F103C6_Driver/STM32F103C6_USART_Driver.o
 .debug_macro   0x0000000000000000      0x1df STM32_F103C6_Driver/STM32F103C6_USART_Driver.o
 .debug_macro   0x0000000000000000       0x1c STM32_F103C6_Driver/STM32F103C6_USART_Driver.o
 .debug_macro   0x0000000000000000       0x35 STM32_F103C6_Driver/STM32F103C6_USART_Driver.o
 .debug_macro   0x0000000000000000       0x10 STM32_F103C6_Driver/STM32F103C6_USART_Driver.o
 .debug_macro   0x0000000000000000       0x10 STM32_F103C6_Driver/STM32F103C6_USART_Driver.o
 .debug_macro   0x0000000000000000       0x1c STM32_F103C6_Driver/STM32F103C6_USART_Driver.o
 .debug_macro   0x0000000000000000       0x52 STM32_F103C6_Driver/STM32F103C6_USART_Driver.o
 .debug_macro   0x0000000000000000       0x40 STM32_F103C6_Driver/STM32F103C6_USART_Driver.o
 .debug_macro   0x0000000000000000       0x10 STM32_F103C6_Driver/STM32F103C6_USART_Driver.o
 .debug_macro   0x0000000000000000       0x40 STM32_F103C6_Driver/STM32F103C6_USART_Driver.o
 .debug_macro   0x0000000000000000       0xd7 STM32_F103C6_Driver/STM32F103C6_USART_Driver.o
 .debug_macro   0x0000000000000000       0x1c STM32_F103C6_Driver/STM32F103C6_USART_Driver.o
 .debug_macro   0x0000000000000000       0x3d STM32_F103C6_Driver/STM32F103C6_USART_Driver.o
 .debug_macro   0x0000000000000000       0x16 STM32_F103C6_Driver/STM32F103C6_USART_Driver.o
 .debug_macro   0x0000000000000000      0x145 STM32_F103C6_Driver/STM32F103C6_USART_Driver.o
 .debug_macro   0x0000000000000000      0x240 STM32_F103C6_Driver/STM32F103C6_USART_Driver.o
 .debug_macro   0x0000000000000000       0xd0 STM32_F103C6_Driver/STM32F103C6_USART_Driver.o
 .group         0x0000000000000000        0xc Src/main.o
 .group         0x0000000000000000        0xc Src/main.o
 .group         0x0000000000000000        0xc Src/main.o
 .group         0x0000000000000000        0xc Src/main.o
 .group         0x0000000000000000        0xc Src/main.o
 .group         0x0000000000000000        0xc Src/main.o
 .group         0x0000000000000000        0xc Src/main.o
 .group         0x0000000000000000        0xc Src/main.o
 .group         0x0000000000000000        0xc Src/main.o
 .group         0x0000000000000000        0xc Src/main.o
 .group         0x0000000000000000        0xc Src/main.o
 .group         0x0000000000000000        0xc Src/main.o
 .group         0x0000000000000000        0xc Src/main.o
 .group         0x0000000000000000        0xc Src/main.o
 .group         0x0000000000000000        0xc Src/main.o
 .group         0x0000000000000000        0xc Src/main.o
 .group         0x0000000000000000        0xc Src/main.o
 .group         0x0000000000000000        0xc Src/main.o
 .group         0x0000000000000000        0xc Src/main.o
 .group         0x0000000000000000        0xc Src/main.o
 .group         0x0000000000000000        0xc Src/main.o
 .group         0x0000000000000000        0xc Src/main.o
 .group         0x0000000000000000        0xc Src/main.o
 .group         0x0000000000000000        0xc Src/main.o
 .group         0x0000000000000000        0xc Src/main.o
 .group         0x0000000000000000        0xc Src/main.o
 .group         0x0000000000000000        0xc Src/main.o
 .group         0x0000000000000000        0xc Src/main.o
 .group         0x0000000000000000        0xc Src/main.o
 .group         0x0000000000000000        0xc Src/main.o
 .group         0x0000000000000000        0xc Src/main.o
 .group         0x0000000000000000        0xc Src/main.o
 .group         0x0000000000000000        0xc Src/main.o
 .group         0x0000000000000000        0xc Src/main.o
 .group         0x0000000000000000        0xc Src/main.o
 .group         0x0000000000000000        0xc Src/main.o
 .group         0x0000000000000000        0xc Src/main.o
 .group         0x0000000000000000        0xc Src/main.o
 .group         0x0000000000000000        0xc Src/main.o
 .group         0x0000000000000000        0xc Src/main.o
 .group         0x0000000000000000        0xc Src/main.o
 .text          0x0000000000000000        0x0 Src/main.o
 .data          0x0000000000000000        0x0 Src/main.o
 .bss           0x0000000000000000        0x0 Src/main.o
 .bss.IQ_Flag   0x0000000000000000        0x4 Src/main.o
 .text.Clock_init
                0x0000000000000000       0x34 Src/main.o
 .debug_macro   0x0000000000000000      0xa60 Src/main.o
 .debug_macro   0x0000000000000000       0x18 Src/main.o
 .debug_macro   0x0000000000000000       0x22 Src/main.o
 .debug_macro   0x0000000000000000       0x40 Src/main.o
 .debug_macro   0x0000000000000000       0x94 Src/main.o
 .debug_macro   0x0000000000000000       0x3c Src/main.o
 .debug_macro   0x0000000000000000       0x34 Src/main.o
 .debug_macro   0x0000000000000000       0x16 Src/main.o
 .debug_macro   0x0000000000000000      0x10e Src/main.o
 .debug_macro   0x0000000000000000       0x8d Src/main.o
 .debug_macro   0x0000000000000000       0x57 Src/main.o
 .debug_macro   0x0000000000000000       0x52 Src/main.o
 .debug_macro   0x0000000000000000       0x1f Src/main.o
 .debug_macro   0x0000000000000000       0x43 Src/main.o
 .debug_macro   0x0000000000000000       0x20 Src/main.o
 .debug_macro   0x0000000000000000      0x1a3 Src/main.o
 .debug_macro   0x0000000000000000      0x330 Src/main.o
 .debug_macro   0x0000000000000000       0x16 Src/main.o
 .debug_macro   0x0000000000000000       0x29 Src/main.o
 .debug_macro   0x0000000000000000       0xef Src/main.o
 .debug_macro   0x0000000000000000       0x6a Src/main.o
 .debug_macro   0x0000000000000000      0x1df Src/main.o
 .debug_macro   0x0000000000000000       0x1c Src/main.o
 .debug_macro   0x0000000000000000       0x35 Src/main.o
 .debug_macro   0x0000000000000000       0x10 Src/main.o
 .debug_macro   0x0000000000000000       0x10 Src/main.o
 .debug_macro   0x0000000000000000       0x1c Src/main.o
 .debug_macro   0x0000000000000000       0x52 Src/main.o
 .debug_macro   0x0000000000000000       0x40 Src/main.o
 .debug_macro   0x0000000000000000       0x10 Src/main.o
 .debug_macro   0x0000000000000000       0x40 Src/main.o
 .debug_macro   0x0000000000000000       0xd7 Src/main.o
 .debug_macro   0x0000000000000000       0x1c Src/main.o
 .debug_macro   0x0000000000000000       0x3d Src/main.o
 .debug_macro   0x0000000000000000       0x16 Src/main.o
 .debug_macro   0x0000000000000000      0x145 Src/main.o
 .debug_macro   0x0000000000000000      0x240 Src/main.o
 .debug_macro   0x0000000000000000       0xd0 Src/main.o
 .debug_macro   0x0000000000000000       0x1c Src/main.o
 .debug_macro   0x0000000000000000       0xbe Src/main.o
 .group         0x0000000000000000        0xc Src/syscalls.o
 .group         0x0000000000000000        0xc Src/syscalls.o
 .group         0x0000000000000000        0xc Src/syscalls.o
 .group         0x0000000000000000        0xc Src/syscalls.o
 .group         0x0000000000000000        0xc Src/syscalls.o
 .group         0x0000000000000000        0xc Src/syscalls.o
 .group         0x0000000000000000        0xc Src/syscalls.o
 .group         0x0000000000000000        0xc Src/syscalls.o
 .group         0x0000000000000000        0xc Src/syscalls.o
 .group         0x0000000000000000        0xc Src/syscalls.o
 .group         0x0000000000000000        0xc Src/syscalls.o
 .group         0x0000000000000000        0xc Src/syscalls.o
 .group         0x0000000000000000        0xc Src/syscalls.o
 .group         0x0000000000000000        0xc Src/syscalls.o
 .group         0x0000000000000000        0xc Src/syscalls.o
 .group         0x0000000000000000        0xc Src/syscalls.o
 .group         0x0000000000000000        0xc Src/syscalls.o
 .group         0x0000000000000000        0xc Src/syscalls.o
 .group         0x0000000000000000        0xc Src/syscalls.o
 .group         0x0000000000000000        0xc Src/syscalls.o
 .group         0x0000000000000000        0xc Src/syscalls.o
 .group         0x0000000000000000        0xc Src/syscalls.o
 .group         0x0000000000000000        0xc Src/syscalls.o
 .group         0x0000000000000000        0xc Src/syscalls.o
 .group         0x0000000000000000        0xc Src/syscalls.o
 .group         0x0000000000000000        0xc Src/syscalls.o
 .group         0x0000000000000000        0xc Src/syscalls.o
 .group         0x0000000000000000        0xc Src/syscalls.o
 .group         0x0000000000000000        0xc Src/syscalls.o
 .group         0x0000000000000000        0xc Src/syscalls.o
 .group         0x0000000000000000        0xc Src/syscalls.o
 .group         0x0000000000000000        0xc Src/syscalls.o
 .group         0x0000000000000000        0xc Src/syscalls.o
 .group         0x0000000000000000        0xc Src/syscalls.o
 .group         0x0000000000000000        0xc Src/syscalls.o
 .group         0x0000000000000000        0xc Src/syscalls.o
 .group         0x0000000000000000        0xc Src/syscalls.o
 .group         0x0000000000000000        0xc Src/syscalls.o
 .group         0x0000000000000000        0xc Src/syscalls.o
 .group         0x0000000000000000        0xc Src/syscalls.o
 .group         0x0000000000000000        0xc Src/syscalls.o
 .group         0x0000000000000000        0xc Src/syscalls.o
 .group         0x0000000000000000        0xc Src/syscalls.o
 .group         0x0000000000000000        0xc Src/syscalls.o
 .text          0x0000000000000000        0x0 Src/syscalls.o
 .data          0x0000000000000000        0x0 Src/syscalls.o
 .bss           0x0000000000000000        0x0 Src/syscalls.o
 .bss.__env     0x0000000000000000        0x4 Src/syscalls.o
 .data.environ  0x0000000000000000        0x4 Src/syscalls.o
 .text.initialise_monitor_handles
                0x0000000000000000        0xc Src/syscalls.o
 .text._getpid  0x0000000000000000        0xe Src/syscalls.o
 .text._kill    0x0000000000000000       0x20 Src/syscalls.o
 .text._exit    0x0000000000000000       0x14 Src/syscalls.o
 .text._read    0x0000000000000000       0x3a Src/syscalls.o
 .text._write   0x0000000000000000       0x38 Src/syscalls.o
 .text._close   0x0000000000000000       0x16 Src/syscalls.o
 .text._fstat   0x0000000000000000       0x1e Src/syscalls.o
 .text._isatty  0x0000000000000000       0x14 Src/syscalls.o
 .text._lseek   0x0000000000000000       0x18 Src/syscalls.o
 .text._open    0x0000000000000000       0x1a Src/syscalls.o
 .text._wait    0x0000000000000000       0x1e Src/syscalls.o
 .text._unlink  0x0000000000000000       0x1e Src/syscalls.o
 .text._times   0x0000000000000000       0x16 Src/syscalls.o
 .text._stat    0x0000000000000000       0x1e Src/syscalls.o
 .text._link    0x0000000000000000       0x20 Src/syscalls.o
 .text._fork    0x0000000000000000       0x16 Src/syscalls.o
 .text._execve  0x0000000000000000       0x22 Src/syscalls.o
 .debug_info    0x0000000000000000     0x1038 Src/syscalls.o
 .debug_abbrev  0x0000000000000000      0x254 Src/syscalls.o
 .debug_loc     0x0000000000000000      0x5b8 Src/syscalls.o
 .debug_aranges
                0x0000000000000000       0xa8 Src/syscalls.o
 .debug_ranges  0x0000000000000000       0x98 Src/syscalls.o
 .debug_macro   0x0000000000000000      0x243 Src/syscalls.o
 .debug_macro   0x0000000000000000      0xa60 Src/syscalls.o
 .debug_macro   0x0000000000000000       0x22 Src/syscalls.o
 .debug_macro   0x0000000000000000       0x40 Src/syscalls.o
 .debug_macro   0x0000000000000000       0x18 Src/syscalls.o
 .debug_macro   0x0000000000000000       0x94 Src/syscalls.o
 .debug_macro   0x0000000000000000       0x3c Src/syscalls.o
 .debug_macro   0x0000000000000000       0x34 Src/syscalls.o
 .debug_macro   0x0000000000000000       0x57 Src/syscalls.o
 .debug_macro   0x0000000000000000      0x174 Src/syscalls.o
 .debug_macro   0x0000000000000000      0x330 Src/syscalls.o
 .debug_macro   0x0000000000000000       0x52 Src/syscalls.o
 .debug_macro   0x0000000000000000       0x1f Src/syscalls.o
 .debug_macro   0x0000000000000000       0x43 Src/syscalls.o
 .debug_macro   0x0000000000000000       0x20 Src/syscalls.o
 .debug_macro   0x0000000000000000      0x1a3 Src/syscalls.o
 .debug_macro   0x0000000000000000       0x10 Src/syscalls.o
 .debug_macro   0x0000000000000000       0x35 Src/syscalls.o
 .debug_macro   0x0000000000000000       0x10 Src/syscalls.o
 .debug_macro   0x0000000000000000       0x10 Src/syscalls.o
 .debug_macro   0x0000000000000000       0x10 Src/syscalls.o
 .debug_macro   0x0000000000000000       0x6a Src/syscalls.o
 .debug_macro   0x0000000000000000       0x1c Src/syscalls.o
 .debug_macro   0x0000000000000000       0x52 Src/syscalls.o
 .debug_macro   0x0000000000000000       0x40 Src/syscalls.o
 .debug_macro   0x0000000000000000       0x10 Src/syscalls.o
 .debug_macro   0x0000000000000000       0x40 Src/syscalls.o
 .debug_macro   0x0000000000000000       0xd7 Src/syscalls.o
 .debug_macro   0x0000000000000000       0x1c Src/syscalls.o
 .debug_macro   0x0000000000000000       0x3d Src/syscalls.o
 .debug_macro   0x0000000000000000       0x35 Src/syscalls.o
 .debug_macro   0x0000000000000000      0x122 Src/syscalls.o
 .debug_macro   0x0000000000000000       0x16 Src/syscalls.o
 .debug_macro   0x0000000000000000       0x16 Src/syscalls.o
 .debug_macro   0x0000000000000000       0x29 Src/syscalls.o
 .debug_macro   0x0000000000000000       0x10 Src/syscalls.o
 .debug_macro   0x0000000000000000      0x241 Src/syscalls.o
 .debug_macro   0x0000000000000000       0x1c Src/syscalls.o
 .debug_macro   0x0000000000000000       0x10 Src/syscalls.o
 .debug_macro   0x0000000000000000       0x10 Src/syscalls.o
 .debug_macro   0x0000000000000000       0x16 Src/syscalls.o
 .debug_macro   0x0000000000000000      0x145 Src/syscalls.o
 .debug_macro   0x0000000000000000      0x189 Src/syscalls.o
 .debug_macro   0x0000000000000000       0x16 Src/syscalls.o
 .debug_macro   0x0000000000000000       0x88 Src/syscalls.o
 .debug_line    0x0000000000000000      0x739 Src/syscalls.o
 .debug_str     0x0000000000000000     0x889d Src/syscalls.o
 .comment       0x0000000000000000       0x7c Src/syscalls.o
 .debug_frame   0x0000000000000000      0x2ac Src/syscalls.o
 .ARM.attributes
                0x0000000000000000       0x33 Src/syscalls.o
 .group         0x0000000000000000        0xc Src/sysmem.o
 .group         0x0000000000000000        0xc Src/sysmem.o
 .group         0x0000000000000000        0xc Src/sysmem.o
 .group         0x0000000000000000        0xc Src/sysmem.o
 .group         0x0000000000000000        0xc Src/sysmem.o
 .group         0x0000000000000000        0xc Src/sysmem.o
 .group         0x0000000000000000        0xc Src/sysmem.o
 .group         0x0000000000000000        0xc Src/sysmem.o
 .group         0x0000000000000000        0xc Src/sysmem.o
 .group         0x0000000000000000        0xc Src/sysmem.o
 .group         0x0000000000000000        0xc Src/sysmem.o
 .group         0x0000000000000000        0xc Src/sysmem.o
 .group         0x0000000000000000        0xc Src/sysmem.o
 .group         0x0000000000000000        0xc Src/sysmem.o
 .group         0x0000000000000000        0xc Src/sysmem.o
 .group         0x0000000000000000        0xc Src/sysmem.o
 .group         0x0000000000000000        0xc Src/sysmem.o
 .group         0x0000000000000000        0xc Src/sysmem.o
 .group         0x0000000000000000        0xc Src/sysmem.o
 .text          0x0000000000000000        0x0 Src/sysmem.o
 .data          0x0000000000000000        0x0 Src/sysmem.o
 .bss           0x0000000000000000        0x0 Src/sysmem.o
 .bss.__sbrk_heap_end
                0x0000000000000000        0x4 Src/sysmem.o
 .text._sbrk    0x0000000000000000       0x6c Src/sysmem.o
 .debug_info    0x0000000000000000      0xa7c Src/sysmem.o
 .debug_abbrev  0x0000000000000000      0x18e Src/sysmem.o
 .debug_loc     0x0000000000000000       0x50 Src/sysmem.o
 .debug_aranges
                0x0000000000000000       0x20 Src/sysmem.o
 .debug_ranges  0x0000000000000000       0x10 Src/sysmem.o
 .debug_macro   0x0000000000000000       0xee Src/sysmem.o
 .debug_macro   0x0000000000000000      0xa60 Src/sysmem.o
 .debug_macro   0x0000000000000000       0x10 Src/sysmem.o
 .debug_macro   0x0000000000000000       0x22 Src/sysmem.o
 .debug_macro   0x0000000000000000       0x40 Src/sysmem.o
 .debug_macro   0x0000000000000000       0x18 Src/sysmem.o
 .debug_macro   0x0000000000000000       0x94 Src/sysmem.o
 .debug_macro   0x0000000000000000       0x3c Src/sysmem.o
 .debug_macro   0x0000000000000000       0x34 Src/sysmem.o
 .debug_macro   0x0000000000000000      0x174 Src/sysmem.o
 .debug_macro   0x0000000000000000       0x57 Src/sysmem.o
 .debug_macro   0x0000000000000000       0x52 Src/sysmem.o
 .debug_macro   0x0000000000000000       0x1f Src/sysmem.o
 .debug_macro   0x0000000000000000       0x43 Src/sysmem.o
 .debug_macro   0x0000000000000000       0x20 Src/sysmem.o
 .debug_macro   0x0000000000000000      0x1a3 Src/sysmem.o
 .debug_macro   0x0000000000000000      0x23b Src/sysmem.o
 .debug_macro   0x0000000000000000       0xef Src/sysmem.o
 .debug_macro   0x0000000000000000       0x6a Src/sysmem.o
 .debug_macro   0x0000000000000000      0x1df Src/sysmem.o
 .debug_line    0x0000000000000000      0x4c2 Src/sysmem.o
 .debug_str     0x0000000000000000     0x5f6b Src/sysmem.o
 .comment       0x0000000000000000       0x7c Src/sysmem.o
 .debug_frame   0x0000000000000000       0x34 Src/sysmem.o
 .ARM.attributes
                0x0000000000000000       0x33 Src/sysmem.o
 .text          0x0000000000000000       0x14 Startup/startup_stm32f103c6tx.o
 .data          0x0000000000000000        0x0 Startup/startup_stm32f103c6tx.o
 .bss           0x0000000000000000        0x0 Startup/startup_stm32f103c6tx.o
 .text          0x0000000000000000        0x0 c:/st/stm32cubeide_1.4.0/stm32cubeide/plugins/com.st.stm32cube.ide.mcu.externaltools.gnu-tools-for-stm32.7-2018-q2-update.win32_1.4.0.202007081208/tools/bin/../lib/gcc/arm-none-eabi/7.3.1/../../../../arm-none-eabi/lib/thumb/v7-m\libc_nano.a(lib_a-errno.o)
 .data          0x0000000000000000        0x0 c:/st/stm32cubeide_1.4.0/stm32cubeide/plugins/com.st.stm32cube.ide.mcu.externaltools.gnu-tools-for-stm32.7-2018-q2-update.win32_1.4.0.202007081208/tools/bin/../lib/gcc/arm-none-eabi/7.3.1/../../../../arm-none-eabi/lib/thumb/v7-m\libc_nano.a(lib_a-errno.o)
 .bss           0x0000000000000000        0x0 c:/st/stm32cubeide_1.4.0/stm32cubeide/plugins/com.st.stm32cube.ide.mcu.externaltools.gnu-tools-for-stm32.7-2018-q2-update.win32_1.4.0.202007081208/tools/bin/../lib/gcc/arm-none-eabi/7.3.1/../../../../arm-none-eabi/lib/thumb/v7-m\libc_nano.a(lib_a-errno.o)
 .text.__errno  0x0000000000000000        0xc c:/st/stm32cubeide_1.4.0/stm32cubeide/plugins/com.st.stm32cube.ide.mcu.externaltools.gnu-tools-for-stm32.7-2018-q2-update.win32_1.4.0.202007081208/tools/bin/../lib/gcc/arm-none-eabi/7.3.1/../../../../arm-none-eabi/lib/thumb/v7-m\libc_nano.a(lib_a-errno.o)
 .debug_frame   0x0000000000000000       0x20 c:/st/stm32cubeide_1.4.0/stm32cubeide/plugins/com.st.stm32cube.ide.mcu.externaltools.gnu-tools-for-stm32.7-2018-q2-update.win32_1.4.0.202007081208/tools/bin/../lib/gcc/arm-none-eabi/7.3.1/../../../../arm-none-eabi/lib/thumb/v7-m\libc_nano.a(lib_a-errno.o)
 .ARM.attributes
                0x0000000000000000       0x2d c:/st/stm32cubeide_1.4.0/stm32cubeide/plugins/com.st.stm32cube.ide.mcu.externaltools.gnu-tools-for-stm32.7-2018-q2-update.win32_1.4.0.202007081208/tools/bin/../lib/gcc/arm-none-eabi/7.3.1/../../../../arm-none-eabi/lib/thumb/v7-m\libc_nano.a(lib_a-errno.o)
 .text          0x0000000000000000        0x0 c:/st/stm32cubeide_1.4.0/stm32cubeide/plugins/com.st.stm32cube.ide.mcu.externaltools.gnu-tools-for-stm32.7-2018-q2-update.win32_1.4.0.202007081208/tools/bin/../lib/gcc/arm-none-eabi/7.3.1/../../../../arm-none-eabi/lib/thumb/v7-m\libc_nano.a(lib_a-exit.o)
 .data          0x0000000000000000        0x0 c:/st/stm32cubeide_1.4.0/stm32cubeide/plugins/com.st.stm32cube.ide.mcu.externaltools.gnu-tools-for-stm32.7-2018-q2-update.win32_1.4.0.202007081208/tools/bin/../lib/gcc/arm-none-eabi/7.3.1/../../../../arm-none-eabi/lib/thumb/v7-m\libc_nano.a(lib_a-exit.o)
 .bss           0x0000000000000000        0x0 c:/st/stm32cubeide_1.4.0/stm32cubeide/plugins/com.st.stm32cube.ide.mcu.externaltools.gnu-tools-for-stm32.7-2018-q2-update.win32_1.4.0.202007081208/tools/bin/../lib/gcc/arm-none-eabi/7.3.1/../../../../arm-none-eabi/lib/thumb/v7-m\libc_nano.a(lib_a-exit.o)
 .text.exit     0x0000000000000000       0x28 c:/st/stm32cubeide_1.4.0/stm32cubeide/plugins/com.st.stm32cube.ide.mcu.externaltools.gnu-tools-for-stm32.7-2018-q2-update.win32_1.4.0.202007081208/tools/bin/../lib/gcc/arm-none-eabi/7.3.1/../../../../arm-none-eabi/lib/thumb/v7-m\libc_nano.a(lib_a-exit.o)
 .debug_frame   0x0000000000000000       0x28 c:/st/stm32cubeide_1.4.0/stm32cubeide/plugins/com.st.stm32cube.ide.mcu.externaltools.gnu-tools-for-stm32.7-2018-q2-update.win32_1.4.0.202007081208/tools/bin/../lib/gcc/arm-none-eabi/7.3.1/../../../../arm-none-eabi/lib/thumb/v7-m\libc_nano.a(lib_a-exit.o)
 .ARM.attributes
                0x0000000000000000       0x2d c:/st/stm32cubeide_1.4.0/stm32cubeide/plugins/com.st.stm32cube.ide.mcu.externaltools.gnu-tools-for-stm32.7-2018-q2-update.win32_1.4.0.202007081208/tools/bin/../lib/gcc/arm-none-eabi/7.3.1/../../../../arm-none-eabi/lib/thumb/v7-m\libc_nano.a(lib_a-exit.o)
 .text          0x0000000000000000        0x0 c:/st/stm32cubeide_1.4.0/stm32cubeide/plugins/com.st.stm32cube.ide.mcu.externaltools.gnu-tools-for-stm32.7-2018-q2-update.win32_1.4.0.202007081208/tools/bin/../lib/gcc/arm-none-eabi/7.3.1/../../../../arm-none-eabi/lib/thumb/v7-m\libc_nano.a(lib_a-impure.o)
 .data          0x0000000000000000        0x0 c:/st/stm32cubeide_1.4.0/stm32cubeide/plugins/com.st.stm32cube.ide.mcu.externaltools.gnu-tools-for-stm32.7-2018-q2-update.win32_1.4.0.202007081208/tools/bin/../lib/gcc/arm-none-eabi/7.3.1/../../../../arm-none-eabi/lib/thumb/v7-m\libc_nano.a(lib_a-impure.o)
 .bss           0x0000000000000000        0x0 c:/st/stm32cubeide_1.4.0/stm32cubeide/plugins/com.st.stm32cube.ide.mcu.externaltools.gnu-tools-for-stm32.7-2018-q2-update.win32_1.4.0.202007081208/tools/bin/../lib/gcc/arm-none-eabi/7.3.1/../../../../arm-none-eabi/lib/thumb/v7-m\libc_nano.a(lib_a-impure.o)
 .data._impure_ptr
                0x0000000000000000        0x4 c:/st/stm32cubeide_1.4.0/stm32cubeide/plugins/com.st.stm32cube.ide.mcu.externaltools.gnu-tools-for-stm32.7-2018-q2-update.win32_1.4.0.202007081208/tools/bin/../lib/gcc/arm-none-eabi/7.3.1/../../../../arm-none-eabi/lib/thumb/v7-m\libc_nano.a(lib_a-impure.o)
 .data.impure_data
                0x0000000000000000       0x60 c:/st/stm32cubeide_1.4.0/stm32cubeide/plugins/com.st.stm32cube.ide.mcu.externaltools.gnu-tools-for-stm32.7-2018-q2-update.win32_1.4.0.202007081208/tools/bin/../lib/gcc/arm-none-eabi/7.3.1/../../../../arm-none-eabi/lib/thumb/v7-m\libc_nano.a(lib_a-impure.o)
 .rodata._global_impure_ptr
                0x0000000000000000        0x4 c:/st/stm32cubeide_1.4.0/stm32cubeide/plugins/com.st.stm32cube.ide.mcu.externaltools.gnu-tools-for-stm32.7-2018-q2-update.win32_1.4.0.202007081208/tools/bin/../lib/gcc/arm-none-eabi/7.3.1/../../../../arm-none-eabi/lib/thumb/v7-m\libc_nano.a(lib_a-impure.o)
 .ARM.attributes
                0x0000000000000000       0x2d c:/st/stm32cubeide_1.4.0/stm32cubeide/plugins/com.st.stm32cube.ide.mcu.externaltools.gnu-tools-for-stm32.7-2018-q2-update.win32_1.4.0.202007081208/tools/bin/../lib/gcc/arm-none-eabi/7.3.1/../../../../arm-none-eabi/lib/thumb/v7-m\libc_nano.a(lib_a-impure.o)
 .text          0x0000000000000000        0x0 c:/st/stm32cubeide_1.4.0/stm32cubeide/plugins/com.st.stm32cube.ide.mcu.externaltools.gnu-tools-for-stm32.7-2018-q2-update.win32_1.4.0.202007081208/tools/bin/../lib/gcc/arm-none-eabi/7.3.1/../../../../arm-none-eabi/lib/thumb/v7-m\libc_nano.a(lib_a-init.o)
 .data          0x0000000000000000        0x0 c:/st/stm32cubeide_1.4.0/stm32cubeide/plugins/com.st.stm32cube.ide.mcu.externaltools.gnu-tools-for-stm32.7-2018-q2-update.win32_1.4.0.202007081208/tools/bin/../lib/gcc/arm-none-eabi/7.3.1/../../../../arm-none-eabi/lib/thumb/v7-m\libc_nano.a(lib_a-init.o)
 .bss           0x0000000000000000        0x0 c:/st/stm32cubeide_1.4.0/stm32cubeide/plugins/com.st.stm32cube.ide.mcu.externaltools.gnu-tools-for-stm32.7-2018-q2-update.win32_1.4.0.202007081208/tools/bin/../lib/gcc/arm-none-eabi/7.3.1/../../../../arm-none-eabi/lib/thumb/v7-m\libc_nano.a(lib_a-init.o)
 .text          0x0000000000000000        0x0 c:/st/stm32cubeide_1.4.0/stm32cubeide/plugins/com.st.stm32cube.ide.mcu.externaltools.gnu-tools-for-stm32.7-2018-q2-update.win32_1.4.0.202007081208/tools/bin/../lib/gcc/arm-none-eabi/7.3.1/../../../../arm-none-eabi/lib/thumb/v7-m\libc_nano.a(lib_a-memset.o)
 .data          0x0000000000000000        0x0 c:/st/stm32cubeide_1.4.0/stm32cubeide/plugins/com.st.stm32cube.ide.mcu.externaltools.gnu-tools-for-stm32.7-2018-q2-update.win32_1.4.0.202007081208/tools/bin/../lib/gcc/arm-none-eabi/7.3.1/../../../../arm-none-eabi/lib/thumb/v7-m\libc_nano.a(lib_a-memset.o)
 .bss           0x0000000000000000        0x0 c:/st/stm32cubeide_1.4.0/stm32cubeide/plugins/com.st.stm32cube.ide.mcu.externaltools.gnu-tools-for-stm32.7-2018-q2-update.win32_1.4.0.202007081208/tools/bin/../lib/gcc/arm-none-eabi/7.3.1/../../../../arm-none-eabi/lib/thumb/v7-m\libc_nano.a(lib_a-memset.o)
 .text.memset   0x0000000000000000       0x10 c:/st/stm32cubeide_1.4.0/stm32cubeide/plugins/com.st.stm32cube.ide.mcu.externaltools.gnu-tools-for-stm32.7-2018-q2-update.win32_1.4.0.202007081208/tools/bin/../lib/gcc/arm-none-eabi/7.3.1/../../../../arm-none-eabi/lib/thumb/v7-m\libc_nano.a(lib_a-memset.o)
 .debug_frame   0x0000000000000000       0x20 c:/st/stm32cubeide_1.4.0/stm32cubeide/plugins/com.st.stm32cube.ide.mcu.externaltools.gnu-tools-for-stm32.7-2018-q2-update.win32_1.4.0.202007081208/tools/bin/../lib/gcc/arm-none-eabi/7.3.1/../../../../arm-none-eabi/lib/thumb/v7-m\libc_nano.a(lib_a-memset.o)
 .ARM.attributes
                0x0000000000000000       0x2d c:/st/stm32cubeide_1.4.0/stm32cubeide/plugins/com.st.stm32cube.ide.mcu.externaltools.gnu-tools-for-stm32.7-2018-q2-update.win32_1.4.0.202007081208/tools/bin/../lib/gcc/arm-none-eabi/7.3.1/../../../../arm-none-eabi/lib/thumb/v7-m\libc_nano.a(lib_a-memset.o)
 .text          0x0000000000000000        0x0 c:/st/stm32cubeide_1.4.0/stm32cubeide/plugins/com.st.stm32cube.ide.mcu.externaltools.gnu-tools-for-stm32.7-2018-q2-update.win32_1.4.0.202007081208/tools/bin/../lib/gcc/arm-none-eabi/7.3.1/thumb/v7-m/crtend.o
 .data          0x0000000000000000        0x0 c:/st/stm32cubeide_1.4.0/stm32cubeide/plugins/com.st.stm32cube.ide.mcu.externaltools.gnu-tools-for-stm32.7-2018-q2-update.win32_1.4.0.202007081208/tools/bin/../lib/gcc/arm-none-eabi/7.3.1/thumb/v7-m/crtend.o
 .bss           0x0000000000000000        0x0 c:/st/stm32cubeide_1.4.0/stm32cubeide/plugins/com.st.stm32cube.ide.mcu.externaltools.gnu-tools-for-stm32.7-2018-q2-update.win32_1.4.0.202007081208/tools/bin/../lib/gcc/arm-none-eabi/7.3.1/thumb/v7-m/crtend.o
 .eh_frame      0x0000000000000000        0x4 c:/st/stm32cubeide_1.4.0/stm32cubeide/plugins/com.st.stm32cube.ide.mcu.externaltools.gnu-tools-for-stm32.7-2018-q2-update.win32_1.4.0.202007081208/tools/bin/../lib/gcc/arm-none-eabi/7.3.1/thumb/v7-m/crtend.o
 .ARM.attributes
                0x0000000000000000       0x2d c:/st/stm32cubeide_1.4.0/stm32cubeide/plugins/com.st.stm32cube.ide.mcu.externaltools.gnu-tools-for-stm32.7-2018-q2-update.win32_1.4.0.202007081208/tools/bin/../lib/gcc/arm-none-eabi/7.3.1/thumb/v7-m/crtend.o
 .text          0x0000000000000000        0x0 c:/st/stm32cubeide_1.4.0/stm32cubeide/plugins/com.st.stm32cube.ide.mcu.externaltools.gnu-tools-for-stm32.7-2018-q2-update.win32_1.4.0.202007081208/tools/bin/../lib/gcc/arm-none-eabi/7.3.1/thumb/v7-m/crtn.o
 .data          0x0000000000000000        0x0 c:/st/stm32cubeide_1.4.0/stm32cubeide/plugins/com.st.stm32cube.ide.mcu.externaltools.gnu-tools-for-stm32.7-2018-q2-update.win32_1.4.0.202007081208/tools/bin/../lib/gcc/arm-none-eabi/7.3.1/thumb/v7-m/crtn.o
 .bss           0x0000000000000000        0x0 c:/st/stm32cubeide_1.4.0/stm32cubeide/plugins/com.st.stm32cube.ide.mcu.externaltools.gnu-tools-for-stm32.7-2018-q2-update.win32_1.4.0.202007081208/tools/bin/../lib/gcc/arm-none-eabi/7.3.1/thumb/v7-m/crtn.o

Memory Configuration

Name             Origin             Length             Attributes
RAM              0x0000000020000000 0x0000000000002800 xrw
ROM              0x0000000008000000 0x0000000000008000 xr
*default*        0x0000000000000000 0xffffffffffffffff

Linker script and memory map

LOAD c:/st/stm32cubeide_1.4.0/stm32cubeide/plugins/com.st.stm32cube.ide.mcu.externaltools.gnu-tools-for-stm32.7-2018-q2-update.win32_1.4.0.202007081208/tools/bin/../lib/gcc/arm-none-eabi/7.3.1/thumb/v7-m/crti.o
LOAD c:/st/stm32cubeide_1.4.0/stm32cubeide/plugins/com.st.stm32cube.ide.mcu.externaltools.gnu-tools-for-stm32.7-2018-q2-update.win32_1.4.0.202007081208/tools/bin/../lib/gcc/arm-none-eabi/7.3.1/thumb/v7-m/crtbegin.o
LOAD c:/st/stm32cubeide_1.4.0/stm32cubeide/plugins/com.st.stm32cube.ide.mcu.externaltools.gnu-tools-for-stm32.7-2018-q2-update.win32_1.4.0.202007081208/tools/bin/../lib/gcc/arm-none-eabi/7.3.1/../../../../arm-none-eabi/lib/thumb/v7-m/crt0.o
LOAD HAL/Keypad.o
LOAD HAL/LCD.o
LOAD STM32_F103C6_Driver/STM32F103C6_EXTI_Driver.o
LOAD STM32_F103C6_Driver/STM32F103C6_GPIO_Driver.o
LOAD STM32_F103C6_Driver/STM32F103C6_RCC_Driver.o
LOAD STM32_F103C6_Driver/STM32F103C6_USART_Driver.o
LOAD Src/main.o
LOAD Src/syscalls.o
LOAD Src/sysmem.o
LOAD Startup/startup_stm32f103c6tx.o
START GROUP
LOAD c:/st/stm32cubeide_1.4.0/stm32cubeide/plugins/com.st.stm32cube.ide.mcu.externaltools.gnu-tools-for-stm32.7-2018-q2-update.win32_1.4.0.202007081208/tools/bin/../lib/gcc/arm-none-eabi/7.3.1/../../../../arm-none-eabi/lib/thumb/v7-m\libc_nano.a
LOAD c:/st/stm32cubeide_1.4.0/stm32cubeide/plugins/com.st.stm32cube.ide.mcu.externaltools.gnu-tools-for-stm32.7-2018-q2-update.win32_1.4.0.202007081208/tools/bin/../lib/gcc/arm-none-eabi/7.3.1/../../../../arm-none-eabi/lib/thumb/v7-m\libm.a
END GROUP
START GROUP
LOAD c:/st/stm32cubeide_1.4.0/stm32cubeide/plugins/com.st.stm32cube.ide.mcu.externaltools.gnu-tools-for-stm32.7-2018-q2-update.win32_1.4.0.202007081208/tools/bin/../lib/gcc/arm-none-eabi/7.3.1/thumb/v7-m\libgcc.a
LOAD c:/st/stm32cubeide_1.4.0/stm32cubeide/plugins/com.st.stm32cube.ide.mcu.externaltools.gnu-tools-for-stm32.7-2018-q2-update.win32_1.4.0.202007081208/tools/bin/../lib/gcc/arm-none-eabi/7.3.1/../../../../arm-none-eabi/lib/thumb/v7-m\libg_nano.a
LOAD c:/st/stm32cubeide_1.4.0/stm32cubeide/plugins/com.st.stm32cube.ide.mcu.externaltools.gnu-tools-for-stm32.7-2018-q2-update.win32_1.4.0.202007081208/tools/bin/../lib/gcc/arm-none-eabi/7.3.1/../../../../arm-none-eabi/lib/thumb/v7-m\libc_nano.a
END GROUP
START GROUP
LOAD c:/st/stm32cubeide_1.4.0/stm32cubeide/plugins/com.st.stm32cube.ide.mcu.externaltools.gnu-tools-for-stm32.7-2018-q2-update.win32_1.4.0.202007081208/tools/bin/../lib/gcc/arm-none-eabi/7.3.1/thumb/v7-m\libgcc.a
LOAD c:/st/stm32cubeide_1.4.0/stm32cubeide/plugins/com.st.stm32cube.ide.mcu.externaltools.gnu-tools-for-stm32.7-2018-q2-update.win32_1.4.0.202007081208/tools/bin/../lib/gcc/arm-none-eabi/7.3.1/../../../../arm-none-eabi/lib/thumb/v7-m\libc_nano.a
LOAD c:/st/stm32cubeide_1.4.0/stm32cubeide/plugins/com.st.stm32cube.ide.mcu.externaltools.gnu-tools-for-stm32.7-2018-q2-update.win32_1.4.0.202007081208/tools/bin/../lib/gcc/arm-none-eabi/7.3.1/../../../../arm-none-eabi/lib/thumb/v7-m\libnosys.a
END GROUP
START GROUP
LOAD c:/st/stm32cubeide_1.4.0/stm32cubeide/plugins/com.st.stm32cube.ide.mcu.externaltools.gnu-tools-for-stm32.7-2018-q2-update.win32_1.4.0.202007081208/tools/bin/../lib/gcc/arm-none-eabi/7.3.1/thumb/v7-m\libgcc.a
LOAD c:/st/stm32cubeide_1.4.0/stm32cubeide/plugins/com.st.stm32cube.ide.mcu.externaltools.gnu-tools-for-stm32.7-2018-q2-update.win32_1.4.0.202007081208/tools/bin/../lib/gcc/arm-none-eabi/7.3.1/../../../../arm-none-eabi/lib/thumb/v7-m\libc_nano.a
LOAD c:/st/stm32cubeide_1.4.0/stm32cubeide/plugins/com.st.stm32cube.ide.mcu.externaltools.gnu-tools-for-stm32.7-2018-q2-update.win32_1.4.0.202007081208/tools/bin/../lib/gcc/arm-none-eabi/7.3.1/../../../../arm-none-eabi/lib/thumb/v7-m\libnosys.a
END GROUP
LOAD c:/st/stm32cubeide_1.4.0/stm32cubeide/plugins/com.st.stm32cube.ide.mcu.externaltools.gnu-tools-for-stm32.7-2018-q2-update.win32_1.4.0.202007081208/tools/bin/../lib/gcc/arm-none-eabi/7.3.1/thumb/v7-m/crtend.o
LOAD c:/st/stm32cubeide_1.4.0/stm32cubeide/plugins/com.st.stm32cube.ide.mcu.externaltools.gnu-tools-for-stm32.7-2018-q2-update.win32_1.4.0.202007081208/tools/bin/../lib/gcc/arm-none-eabi/7.3.1/thumb/v7-m/crtn.o
                0x0000000020002800                _estack = (ORIGIN (RAM) + LENGTH (RAM))
                0x0000000000000200                _Min_Heap_Size = 0x200
                0x0000000000000400                _Min_Stack_Size = 0x400

.isr_vector     0x0000000008000000      0x130
                0x0000000008000000                . = ALIGN (0x4)
 *(.isr_vector)
 .isr_vector    0x0000000008000000      0x130 Startup/startup_stm32f103c6tx.o
                0x0000000008000000                g_pfnVectors
                0x0000000008000130                . = ALIGN (0x4)

.text           0x0000000008000130      0x9b4
                0x0000000008000130                . = ALIGN (0x4)
 *(.text)
 .text          0x0000000008000130       0x40 c:/st/stm32cubeide_1.4.0/stm32cubeide/plugins/com.st.stm32cube.ide.mcu.externaltools.gnu-tools-for-stm32.7-2018-q2-update.win32_1.4.0.202007081208/tools/bin/../lib/gcc/arm-none-eabi/7.3.1/thumb/v7-m/crtbegin.o
 *(.text*)
 .text.EXTI0_IRQHandler
                0x0000000008000170       0x24 STM32_F103C6_Driver/STM32F103C6_EXTI_Driver.o
                0x0000000008000170                EXTI0_IRQHandler
 .text.EXTI1_IRQHandler
                0x0000000008000194       0x24 STM32_F103C6_Driver/STM32F103C6_EXTI_Driver.o
                0x0000000008000194                EXTI1_IRQHandler
 .text.EXTI2_IRQHandler
                0x00000000080001b8       0x24 STM32_F103C6_Driver/STM32F103C6_EXTI_Driver.o
                0x00000000080001b8                EXTI2_IRQHandler
 .text.EXTI3_IRQHandler
                0x00000000080001dc       0x24 STM32_F103C6_Driver/STM32F103C6_EXTI_Driver.o
                0x00000000080001dc                EXTI3_IRQHandler
 .text.EXTI4_IRQHandler
                0x0000000008000200       0x24 STM32_F103C6_Driver/STM32F103C6_EXTI_Driver.o
                0x0000000008000200                EXTI4_IRQHandler
 .text.EXTI9_5_IRQHandler
                0x0000000008000224       0xa8 STM32_F103C6_Driver/STM32F103C6_EXTI_Driver.o
                0x0000000008000224                EXTI9_5_IRQHandler
 .text.EXTI15_10_IRQHandler
                0x00000000080002cc       0xc4 STM32_F103C6_Driver/STM32F103C6_EXTI_Driver.o
                0x00000000080002cc                EXTI15_10_IRQHandler
 .text.Get_CRLH_Position
                0x0000000008000390       0xc6 STM32_F103C6_Driver/STM32F103C6_GPIO_Driver.o
                0x0000000008000390                Get_CRLH_Position
 .text.MCAL_GPIO_Init
                0x0000000008000456       0xd0 STM32_F103C6_Driver/STM32F103C6_GPIO_Driver.o
                0x0000000008000456                MCAL_GPIO_Init
 *fill*         0x0000000008000526        0x2 
 .text.MCAL_RCC_GetSYS_CLKFreq
                0x0000000008000528       0x44 STM32_F103C6_Driver/STM32F103C6_RCC_Driver.o
                0x0000000008000528                MCAL_RCC_GetSYS_CLKFreq
 .text.MCAL_RCC_GetHCLKFreq
                0x000000000800056c       0x2c STM32_F103C6_Driver/STM32F103C6_RCC_Driver.o
                0x000000000800056c                MCAL_RCC_GetHCLKFreq
 .text.MCAL_RCC_GetPCLK1Freq
                0x0000000008000598       0x2c STM32_F103C6_Driver/STM32F103C6_RCC_Driver.o
                0x0000000008000598                MCAL_RCC_GetPCLK1Freq
 .text.MCAL_RCC_GetPCLK2Freq
                0x00000000080005c4       0x2c STM32_F103C6_Driver/STM32F103C6_RCC_Driver.o
                0x00000000080005c4                MCAL_RCC_GetPCLK2Freq
 .text.MCAL_UART_Init
                0x00000000080005f0      0x1bc STM32_F103C6_Driver/STM32F103C6_USART_Driver.o
                0x00000000080005f0                MCAL_UART_Init
 .text.MCAL_UART_GPIO_SetPins
                0x00000000080007ac       0xcc STM32_F103C6_Driver/STM32F103C6_USART_Driver.o
                0x00000000080007ac                MCAL_UART_GPIO_SetPins
 .text.MCAL_UART_SendData
                0x0000000008000878       0x80 STM32_F103C6_Driver/STM32F103C6_USART_Driver.o
                0x0000000008000878                MCAL_UART_SendData
 .text.MCAL_UART_ReceiveData
                0x00000000080008f8       0xa0 STM32_F103C6_Driver/STM32F103C6_USART_Driver.o
                0x00000000080008f8                MCAL_UART_ReceiveData
 .text.USART1_IRQHandler
                0x0000000008000998       0x14 STM32_F103C6_Driver/STM32F103C6_USART_Driver.o
                0x0000000008000998                USART1_IRQHandler
 .text.USART2_IRQHandler
                0x00000000080009ac       0x14 STM32_F103C6_Driver/STM32F103C6_USART_Driver.o
                0x00000000080009ac                USART2_IRQHandler
 .text.USART3_IRQHandler
                0x00000000080009c0       0x14 STM32_F103C6_Driver/STM32F103C6_USART_Driver.o
                0x00000000080009c0                USART3_IRQHandler
 .text.main     0x00000000080009d4       0x5c Src/main.o
                0x00000000080009d4                main
 .text.Reset_Handler
                0x0000000008000a30       0x50 Startup/startup_stm32f103c6tx.o
                0x0000000008000a30                Reset_Handler
 .text.Default_Handler
                0x0000000008000a80        0x2 Startup/startup_stm32f103c6tx.o
                0x0000000008000a80                TIM8_TRG_COM_IRQHandler
                0x0000000008000a80                TIM8_CC_IRQHandler
                0x0000000008000a80                DebugMon_Handler
                0x0000000008000a80                TIM1_CC_IRQHandler
                0x0000000008000a80                HardFault_Handler
                0x0000000008000a80                TIM6_IRQHandler
                0x0000000008000a80                SysTick_Handler
                0x0000000008000a80                PVD_IRQHandler
                0x0000000008000a80                SDIO_IRQHandler
                0x0000000008000a80                PendSV_Handler
                0x0000000008000a80                NMI_Handler
                0x0000000008000a80                USB_HP_CAN_TX_IRQHandler
                0x0000000008000a80                I2C2_EV_IRQHandler
                0x0000000008000a80                UsageFault_Handler
                0x0000000008000a80                ADC1_2_IRQHandler
                0x0000000008000a80                SPI1_IRQHandler
                0x0000000008000a80                CAN_SCE_IRQHandler
                0x0000000008000a80                TAMPER_IRQHandler
                0x0000000008000a80                TIM8_UP_IRQHandler
                0x0000000008000a80                DMA2_Channel2_IRQHandler
                0x0000000008000a80                DMA1_Channel4_IRQHandler
                0x0000000008000a80                RTC_IRQHandler
                0x0000000008000a80                DMA1_Channel7_IRQHandler
                0x0000000008000a80                UART5_IRQHandler
                0x0000000008000a80                ADC3_IRQHandler
                0x0000000008000a80                TIM4_IRQHandler
                0x0000000008000a80                CAN_RX1_IRQHandler
                0x0000000008000a80                DMA2_Channel1_IRQHandler
                0x0000000008000a80                I2C1_EV_IRQHandler
                0x0000000008000a80                DMA1_Channel6_IRQHandler
                0x0000000008000a80                UART4_IRQHandler
                0x0000000008000a80                TIM3_IRQHandler
                0x0000000008000a80                RCC_IRQHandler
                0x0000000008000a80                TIM1_TRG_COM_IRQHandler
                0x0000000008000a80                DMA1_Channel1_IRQHandler
                0x0000000008000a80                Default_Handler
                0x0000000008000a80                TIM7_IRQHandler
                0x0000000008000a80                TIM5_IRQHandler
                0x0000000008000a80                SPI2_IRQHandler
                0x0000000008000a80                USB_LP_CAN_RX0_IRQHandler
                0x0000000008000a80                MemManage_Handler
                0x0000000008000a80                SVC_Handler
                0x0000000008000a80                DMA1_Channel5_IRQHandler
                0x0000000008000a80                DMA1_Channel3_IRQHandler
                0x0000000008000a80                FSMC_IRQHandler
                0x0000000008000a80                TIM1_UP_IRQHandler
                0x0000000008000a80                WWDG_IRQHandler
                0x0000000008000a80                TIM2_IRQHandler
                0x0000000008000a80                TIM1_BRK_IRQHandler
                0x0000000008000a80                RTCAlarm_IRQHandler
                0x0000000008000a80                DMA2_Channel4_5_IRQHandler
                0x0000000008000a80                I2C2_ER_IRQHandler
                0x0000000008000a80                DMA1_Channel2_IRQHandler
                0x0000000008000a80                TIM8_BRK_IRQHandler
                0x0000000008000a80                FLASH_IRQHandler
                0x0000000008000a80                BusFault_Handler
                0x0000000008000a80                SPI3_IRQHandler
                0x0000000008000a80                I2C1_ER_IRQHandler
                0x0000000008000a80                DMA2_Channel3_IRQHandler
 *fill*         0x0000000008000a82        0x2 
 .text.__libc_init_array
                0x0000000008000a84       0x48 c:/st/stm32cubeide_1.4.0/stm32cubeide/plugins/com.st.stm32cube.ide.mcu.externaltools.gnu-tools-for-stm32.7-2018-q2-update.win32_1.4.0.202007081208/tools/bin/../lib/gcc/arm-none-eabi/7.3.1/../../../../arm-none-eabi/lib/thumb/v7-m\libc_nano.a(lib_a-init.o)
                0x0000000008000a84                __libc_init_array
 *(.glue_7)
 .glue_7        0x0000000008000acc        0x0 linker stubs
 *(.glue_7t)
 .glue_7t       0x0000000008000acc        0x0 linker stubs
 *(.eh_frame)
 .eh_frame      0x0000000008000acc        0x0 c:/st/stm32cubeide_1.4.0/stm32cubeide/plugins/com.st.stm32cube.ide.mcu.externaltools.gnu-tools-for-stm32.7-2018-q2-update.win32_1.4.0.202007081208/tools/bin/../lib/gcc/arm-none-eabi/7.3.1/thumb/v7-m/crtbegin.o
 *(.init)
 .init          0x0000000008000acc        0x4 c:/st/stm32cubeide_1.4.0/stm32cubeide/plugins/com.st.stm32cube.ide.mcu.externaltools.gnu-tools-for-stm32.7-2018-q2-update.win32_1.4.0.202007081208/tools/bin/../lib/gcc/arm-none-eabi/7.3.1/thumb/v7-m/crti.o
                0x0000000008000acc                _init
 .init          0x0000000008000ad0        0x8 c:/st/stm32cubeide_1.4.0/stm32cubeide/plugins/com.st.stm32cube.ide.mcu.externaltools.gnu-tools-for-stm32.7-2018-q2-update.win32_1.4.0.202007081208/tools/bin/../lib/gcc/arm-none-eabi/7.3.1/thumb/v7-m/crtn.o
 *(.fini)
 .fini          0x0000000008000ad8        0x4 c:/st/stm32cubeide_1.4.0/stm32cubeide/plugins/com.st.stm32cube.ide.mcu.externaltools.gnu-tools-for-stm32.7-2018-q2-update.win32_1.4.0.202007081208/tools/bin/../lib/gcc/arm-none-eabi/7.3.1/thumb/v7-m/crti.o
                0x0000000008000ad8                _fini
 .fini          0x0000000008000adc        0x8 c:/st/stm32cubeide_1.4.0/stm32cubeide/plugins/com.st.stm32cube.ide.mcu.externaltools.gnu-tools-for-stm32.7-2018-q2-update.win32_1.4.0.202007081208/tools/bin/../lib/gcc/arm-none-eabi/7.3.1/thumb/v7-m/crtn.o
                0x0000000008000ae4                . = ALIGN (0x4)
                0x0000000008000ae4                _etext = .

.vfp11_veneer   0x0000000008000ae4        0x0
 .vfp11_veneer  0x0000000008000ae4        0x0 linker stubs

.v4_bx          0x0000000008000ae4        0x0
 .v4_bx         0x0000000008000ae4        0x0 linker stubs

.iplt           0x0000000008000ae4        0x0
 .iplt          0x0000000008000ae4        0x0 c:/st/stm32cubeide_1.4.0/stm32cubeide/plugins/com.st.stm32cube.ide.mcu.externaltools.gnu-tools-for-stm32.7-2018-q2-update.win32_1.4.0.202007081208/tools/bin/../lib/gcc/arm-none-eabi/7.3.1/thumb/v7-m/crtbegin.o

.rel.dyn        0x0000000008000ae4        0x0
 .rel.iplt      0x0000000008000ae4        0x0 c:/st/stm32cubeide_1.4.0/stm32cubeide/plugins/com.st.stm32cube.ide.mcu.externaltools.gnu-tools-for-stm32.7-2018-q2-update.win32_1.4.0.202007081208/tools/bin/../lib/gcc/arm-none-eabi/7.3.1/thumb/v7-m/crtbegin.o

.rodata         0x0000000008000ae4        0x0
                0x0000000008000ae4                . = ALIGN (0x4)
 *(.rodata)
 *(.rodata*)
                0x0000000008000ae4                . = ALIGN (0x4)

.ARM.extab      0x0000000008000ae4        0x0
                0x0000000008000ae4                . = ALIGN (0x4)
 *(.ARM.extab* .gnu.linkonce.armextab.*)
                0x0000000008000ae4                . = ALIGN (0x4)

.ARM            0x0000000008000ae4        0x0
                0x0000000008000ae4                . = ALIGN (0x4)
                0x0000000008000ae4                __exidx_start = .
 *(.ARM.exidx*)
                0x0000000008000ae4                __exidx_end = .
                0x0000000008000ae4                . = ALIGN (0x4)

.preinit_array  0x0000000008000ae4        0x0
                0x0000000008000ae4                . = ALIGN (0x4)
                0x0000000008000ae4                PROVIDE (__preinit_array_start = .)
 *(.preinit_array*)
                0x0000000008000ae4                PROVIDE (__preinit_array_end = .)
                0x0000000008000ae4                . = ALIGN (0x4)

.init_array     0x0000000008000ae4        0x4
                0x0000000008000ae4                . = ALIGN (0x4)
                0x0000000008000ae4                PROVIDE (__init_array_start = .)
 *(SORT_BY_NAME(.init_array.*))
 *(.init_array*)
 .init_array    0x0000000008000ae4        0x4 c:/st/stm32cubeide_1.4.0/stm32cubeide/plugins/com.st.stm32cube.ide.mcu.externaltools.gnu-tools-for-stm32.7-2018-q2-update.win32_1.4.0.202007081208/tools/bin/../lib/gcc/arm-none-eabi/7.3.1/thumb/v7-m/crtbegin.o
                0x0000000008000ae8                PROVIDE (__init_array_end = .)
                0x0000000008000ae8                . = ALIGN (0x4)

.fini_array     0x0000000008000ae8        0x4
                0x0000000008000ae8                . = ALIGN (0x4)
                [!provide]                        PROVIDE (__fini_array_start = .)
 *(SORT_BY_NAME(.fini_array.*))
 *(.fini_array*)
 .fini_array    0x0000000008000ae8        0x4 c:/st/stm32cubeide_1.4.0/stm32cubeide/plugins/com.st.stm32cube.ide.mcu.externaltools.gnu-tools-for-stm32.7-2018-q2-update.win32_1.4.0.202007081208/tools/bin/../lib/gcc/arm-none-eabi/7.3.1/thumb/v7-m/crtbegin.o
                [!provide]                        PROVIDE (__fini_array_end = .)
                0x0000000008000aec                . = ALIGN (0x4)
                0x0000000008000aec                _sidata = LOADADDR (.data)

.data           0x0000000020000000       0x20 load address 0x0000000008000aec
                0x0000000020000000                . = ALIGN (0x4)
                0x0000000020000000                _sdata = .
 *(.data)
 *(.data*)
 .data.APBPrescTable
                0x0000000020000000       0x20 STM32_F103C6_Driver/STM32F103C6_RCC_Driver.o
                0x0000000020000000                APBPrescTable
                0x0000000020000020                . = ALIGN (0x4)
                0x0000000020000020                _edata = .

.igot.plt       0x0000000020000020        0x0 load address 0x0000000008000b0c
 .igot.plt      0x0000000020000020        0x0 c:/st/stm32cubeide_1.4.0/stm32cubeide/plugins/com.st.stm32cube.ide.mcu.externaltools.gnu-tools-for-stm32.7-2018-q2-update.win32_1.4.0.202007081208/tools/bin/../lib/gcc/arm-none-eabi/7.3.1/thumb/v7-m/crtbegin.o
                0x0000000020000020                . = ALIGN (0x4)

.bss            0x0000000020000020       0x6c load address 0x0000000008000b0c
                0x0000000020000020                _sbss = .
                0x0000000020000020                __bss_start__ = _sbss
 *(.bss)
 .bss           0x0000000020000020       0x1c c:/st/stm32cubeide_1.4.0/stm32cubeide/plugins/com.st.stm32cube.ide.mcu.externaltools.gnu-tools-for-stm32.7-2018-q2-update.win32_1.4.0.202007081208/tools/bin/../lib/gcc/arm-none-eabi/7.3.1/thumb/v7-m/crtbegin.o
 *(.bss*)
 .bss.GLOBAL_UART1_Config
                0x000000002000003c        0x4 STM32_F103C6_Driver/STM32F103C6_USART_Driver.o
                0x000000002000003c                GLOBAL_UART1_Config
 .bss.GLOBAL_UART2_Config
                0x0000000020000040        0x4 STM32_F103C6_Driver/STM32F103C6_USART_Driver.o
                0x0000000020000040                GLOBAL_UART2_Config
 .bss.GLOBAL_UART3_Config
                0x0000000020000044        0x4 STM32_F103C6_Driver/STM32F103C6_USART_Driver.o
                0x0000000020000044                GLOBAL_UART3_Config
 *(COMMON)
 COMMON         0x0000000020000048       0x3c STM32_F103C6_Driver/STM32F103C6_EXTI_Driver.o
                0x0000000020000048                GP_IRQ_CALLBACK
 COMMON         0x0000000020000084        0x8 STM32_F103C6_Driver/STM32F103C6_USART_Driver.o
                0x0000000020000084                P_IRQ_CallBack
                0x0000000020000088                Pclk
                0x000000002000008c                . = ALIGN (0x4)
                0x000000002000008c                _ebss = .
                0x000000002000008c                __bss_end__ = _ebss

._user_heap_stack
                0x000000002000008c      0x604 load address 0x0000000008000b0c
                0x0000000020000090                . = ALIGN (0x8)
 *fill*         0x000000002000008c        0x4 
                [!provide]                        PROVIDE (end = .)
                0x0000000020000090                PROVIDE (_end = .)
                0x0000000020000290                . = (. + _Min_Heap_Size)
 *fill*         0x0000000020000090      0x200 
                0x0000000020000690                . = (. + _Min_Stack_Size)
 *fill*         0x0000000020000290      0x400 
                0x0000000020000690                . = ALIGN (0x8)

/DISCARD/
 libc.a(*)
 libm.a(*)
 libgcc.a(*)

.ARM.attributes
                0x0000000000000000       0x29
 *(.ARM.attributes)
 .ARM.attributes
                0x0000000000000000       0x1d c:/st/stm32cubeide_1.4.0/stm32cubeide/plugins/com.st.stm32cube.ide.mcu.externaltools.gnu-tools-for-stm32.7-2018-q2-update.win32_1.4.0.202007081208/tools/bin/../lib/gcc/arm-none-eabi/7.3.1/thumb/v7-m/crti.o
 .ARM.attributes
                0x000000000000001d       0x2d c:/st/stm32cubeide_1.4.0/stm32cubeide/plugins/com.st.stm32cube.ide.mcu.externaltools.gnu-tools-for-stm32.7-2018-q2-update.win32_1.4.0.202007081208/tools/bin/../lib/gcc/arm-none-eabi/7.3.1/thumb/v7-m/crtbegin.o
 .ARM.attributes
                0x000000000000004a       0x33 STM32_F103C6_Driver/STM32F103C6_EXTI_Driver.o
 .ARM.attributes
                0x000000000000007d       0x33 STM32_F103C6_Driver/STM32F103C6_GPIO_Driver.o
 .ARM.attributes
                0x00000000000000b0       0x33 STM32_F103C6_Driver/STM32F103C6_RCC_Driver.o
 .ARM.attributes
                0x00000000000000e3       0x33 STM32_F103C6_Driver/STM32F103C6_USART_Driver.o
 .ARM.attributes
                0x0000000000000116       0x33 Src/main.o
 .ARM.attributes
                0x0000000000000149       0x21 Startup/startup_stm32f103c6tx.o
 .ARM.attributes
                0x000000000000016a       0x2d c:/st/stm32cubeide_1.4.0/stm32cubeide/plugins/com.st.stm32cube.ide.mcu.externaltools.gnu-tools-for-stm32.7-2018-q2-update.win32_1.4.0.202007081208/tools/bin/../lib/gcc/arm-none-eabi/7.3.1/../../../../arm-none-eabi/lib/thumb/v7-m\libc_nano.a(lib_a-init.o)
 .ARM.attributes
                0x0000000000000197       0x1d c:/st/stm32cubeide_1.4.0/stm32cubeide/plugins/com.st.stm32cube.ide.mcu.externaltools.gnu-tools-for-stm32.7-2018-q2-update.win32_1.4.0.202007081208/tools/bin/../lib/gcc/arm-none-eabi/7.3.1/thumb/v7-m/crtn.o
OUTPUT(unit8_L3_UART_Controller_Driver.elf elf32-littlearm)

.debug_info     0x0000000000000000     0x40f7
 .debug_info    0x0000000000000000      0xd5f STM32_F103C6_Driver/STM32F103C6_EXTI_Driver.o
 .debug_info    0x0000000000000d5f      0xdd4 STM32_F103C6_Driver/STM32F103C6_GPIO_Driver.o
 .debug_info    0x0000000000001b33      0xae4 STM32_F103C6_Driver/STM32F103C6_RCC_Driver.o
 .debug_info    0x0000000000002617      0xe8f STM32_F103C6_Driver/STM32F103C6_USART_Driver.o
 .debug_info    0x00000000000034a6      0xc2f Src/main.o
 .debug_info    0x00000000000040d5       0x22 Startup/startup_stm32f103c6tx.o

.debug_abbrev   0x0000000000000000      0x996
 .debug_abbrev  0x0000000000000000      0x1e5 STM32_F103C6_Driver/STM32F103C6_EXTI_Driver.o
 .debug_abbrev  0x00000000000001e5      0x1f4 STM32_F103C6_Driver/STM32F103C6_GPIO_Driver.o
 .debug_abbrev  0x00000000000003d9      0x19b STM32_F103C6_Driver/STM32F103C6_RCC_Driver.o
 .debug_abbrev  0x0000000000000574      0x23d STM32_F103C6_Driver/STM32F103C6_USART_Driver.o
 .debug_abbrev  0x00000000000007b1      0x1d3 Src/main.o
 .debug_abbrev  0x0000000000000984       0x12 Startup/startup_stm32f103c6tx.o

.debug_loc      0x0000000000000000      0x9f8
 .debug_loc     0x0000000000000000      0x268 STM32_F103C6_Driver/STM32F103C6_EXTI_Driver.o
 .debug_loc     0x0000000000000268      0x3b8 STM32_F103C6_Driver/STM32F103C6_GPIO_Driver.o
 .debug_loc     0x0000000000000620       0xc8 STM32_F103C6_Driver/STM32F103C6_RCC_Driver.o
 .debug_loc     0x00000000000006e8      0x294 STM32_F103C6_Driver/STM32F103C6_USART_Driver.o
 .debug_loc     0x000000000000097c       0x7c Src/main.o

.debug_aranges  0x0000000000000000      0x1c8
 .debug_aranges
                0x0000000000000000       0x70 STM32_F103C6_Driver/STM32F103C6_EXTI_Driver.o
 .debug_aranges
                0x0000000000000070       0x70 STM32_F103C6_Driver/STM32F103C6_GPIO_Driver.o
 .debug_aranges
                0x00000000000000e0       0x38 STM32_F103C6_Driver/STM32F103C6_RCC_Driver.o
 .debug_aranges
                0x0000000000000118       0x60 STM32_F103C6_Driver/STM32F103C6_USART_Driver.o
 .debug_aranges
                0x0000000000000178       0x28 Src/main.o
 .debug_aranges
                0x00000000000001a0       0x28 Startup/startup_stm32f103c6tx.o

.debug_ranges   0x0000000000000000      0x170
 .debug_ranges  0x0000000000000000       0x60 STM32_F103C6_Driver/STM32F103C6_EXTI_Driver.o
 .debug_ranges  0x0000000000000060       0x60 STM32_F103C6_Driver/STM32F103C6_GPIO_Driver.o
 .debug_ranges  0x00000000000000c0       0x28 STM32_F103C6_Driver/STM32F103C6_RCC_Driver.o
 .debug_ranges  0x00000000000000e8       0x50 STM32_F103C6_Driver/STM32F103C6_USART_Driver.o
 .debug_ranges  0x0000000000000138       0x18 Src/main.o
 .debug_ranges  0x0000000000000150       0x20 Startup/startup_stm32f103c6tx.o

.debug_macro    0x0000000000000000     0x242b
 .debug_macro   0x0000000000000000      0x213 STM32_F103C6_Driver/STM32F103C6_EXTI_Driver.o
 .debug_macro   0x0000000000000213       0x18 STM32_F103C6_Driver/STM32F103C6_EXTI_Driver.o
 .debug_macro   0x000000000000022b       0x22 STM32_F103C6_Driver/STM32F103C6_EXTI_Driver.o
 .debug_macro   0x000000000000024d       0x40 STM32_F103C6_Driver/STM32F103C6_EXTI_Driver.o
 .debug_macro   0x000000000000028d       0x94 STM32_F103C6_Driver/STM32F103C6_EXTI_Driver.o
 .debug_macro   0x0000000000000321       0x3c STM32_F103C6_Driver/STM32F103C6_EXTI_Driver.o
 .debug_macro   0x000000000000035d       0x34 STM32_F103C6_Driver/STM32F103C6_EXTI_Driver.o
 .debug_macro   0x0000000000000391       0x16 STM32_F103C6_Driver/STM32F103C6_EXTI_Driver.o
 .debug_macro   0x00000000000003a7      0x10e STM32_F103C6_Driver/STM32F103C6_EXTI_Driver.o
 .debug_macro   0x00000000000004b5       0x8d STM32_F103C6_Driver/STM32F103C6_EXTI_Driver.o
 .debug_macro   0x0000000000000542       0x57 STM32_F103C6_Driver/STM32F103C6_EXTI_Driver.o
 .debug_macro   0x0000000000000599       0x52 STM32_F103C6_Driver/STM32F103C6_EXTI_Driver.o
 .debug_macro   0x00000000000005eb       0x1f STM32_F103C6_Driver/STM32F103C6_EXTI_Driver.o
 .debug_macro   0x000000000000060a       0x43 STM32_F103C6_Driver/STM32F103C6_EXTI_Driver.o
 .debug_macro   0x000000000000064d       0x20 STM32_F103C6_Driver/STM32F103C6_EXTI_Driver.o
 .debug_macro   0x000000000000066d      0x1a3 STM32_F103C6_Driver/STM32F103C6_EXTI_Driver.o
 .debug_macro   0x0000000000000810      0x330 STM32_F103C6_Driver/STM32F103C6_EXTI_Driver.o
 .debug_macro   0x0000000000000b40       0x16 STM32_F103C6_Driver/STM32F103C6_EXTI_Driver.o
 .debug_macro   0x0000000000000b56       0x29 STM32_F103C6_Driver/STM32F103C6_EXTI_Driver.o
 .debug_macro   0x0000000000000b7f       0xef STM32_F103C6_Driver/STM32F103C6_EXTI_Driver.o
 .debug_macro   0x0000000000000c6e       0x6a STM32_F103C6_Driver/STM32F103C6_EXTI_Driver.o
 .debug_macro   0x0000000000000cd8      0x1df STM32_F103C6_Driver/STM32F103C6_EXTI_Driver.o
 .debug_macro   0x0000000000000eb7       0x1c STM32_F103C6_Driver/STM32F103C6_EXTI_Driver.o
 .debug_macro   0x0000000000000ed3       0x35 STM32_F103C6_Driver/STM32F103C6_EXTI_Driver.o
 .debug_macro   0x0000000000000f08       0x10 STM32_F103C6_Driver/STM32F103C6_EXTI_Driver.o
 .debug_macro   0x0000000000000f18       0x10 STM32_F103C6_Driver/STM32F103C6_EXTI_Driver.o
 .debug_macro   0x0000000000000f28       0x1c STM32_F103C6_Driver/STM32F103C6_EXTI_Driver.o
 .debug_macro   0x0000000000000f44       0x52 STM32_F103C6_Driver/STM32F103C6_EXTI_Driver.o
 .debug_macro   0x0000000000000f96       0x40 STM32_F103C6_Driver/STM32F103C6_EXTI_Driver.o
 .debug_macro   0x0000000000000fd6       0x10 STM32_F103C6_Driver/STM32F103C6_EXTI_Driver.o
 .debug_macro   0x0000000000000fe6       0x40 STM32_F103C6_Driver/STM32F103C6_EXTI_Driver.o
 .debug_macro   0x0000000000001026       0xd7 STM32_F103C6_Driver/STM32F103C6_EXTI_Driver.o
 .debug_macro   0x00000000000010fd       0x1c STM32_F103C6_Driver/STM32F103C6_EXTI_Driver.o
 .debug_macro   0x0000000000001119       0x3d STM32_F103C6_Driver/STM32F103C6_EXTI_Driver.o
 .debug_macro   0x0000000000001156       0x16 STM32_F103C6_Driver/STM32F103C6_EXTI_Driver.o
 .debug_macro   0x000000000000116c      0x145 STM32_F103C6_Driver/STM32F103C6_EXTI_Driver.o
 .debug_macro   0x00000000000012b1      0x240 STM32_F103C6_Driver/STM32F103C6_EXTI_Driver.o
 .debug_macro   0x00000000000014f1      0x21a STM32_F103C6_Driver/STM32F103C6_EXTI_Driver.o
 .debug_macro   0x000000000000170b       0xd0 STM32_F103C6_Driver/STM32F103C6_EXTI_Driver.o
 .debug_macro   0x00000000000017db      0x204 STM32_F103C6_Driver/STM32F103C6_GPIO_Driver.o
 .debug_macro   0x00000000000019df       0xca STM32_F103C6_Driver/STM32F103C6_GPIO_Driver.o
 .debug_macro   0x0000000000001aa9      0x20d STM32_F103C6_Driver/STM32F103C6_RCC_Driver.o
 .debug_macro   0x0000000000001cb6       0x16 STM32_F103C6_Driver/STM32F103C6_RCC_Driver.o
 .debug_macro   0x0000000000001ccc      0x23a STM32_F103C6_Driver/STM32F103C6_USART_Driver.o
 .debug_macro   0x0000000000001f06       0x1c STM32_F103C6_Driver/STM32F103C6_USART_Driver.o
 .debug_macro   0x0000000000001f22       0xbe STM32_F103C6_Driver/STM32F103C6_USART_Driver.o
 .debug_macro   0x0000000000001fe0      0x22b Src/main.o
 .debug_macro   0x000000000000220b      0x220 Src/main.o

.debug_line     0x0000000000000000     0x2483
 .debug_line    0x0000000000000000      0x7d6 STM32_F103C6_Driver/STM32F103C6_EXTI_Driver.o
 .debug_line    0x00000000000007d6      0x763 STM32_F103C6_Driver/STM32F103C6_GPIO_Driver.o
 .debug_line    0x0000000000000f39      0x697 STM32_F103C6_Driver/STM32F103C6_RCC_Driver.o
 .debug_line    0x00000000000015d0      0x78e STM32_F103C6_Driver/STM32F103C6_USART_Driver.o
 .debug_line    0x0000000000001d5e      0x6a1 Src/main.o
 .debug_line    0x00000000000023ff       0x84 Startup/startup_stm32f103c6tx.o

.debug_str      0x0000000000000000     0xb052
 .debug_str     0x0000000000000000     0xa482 STM32_F103C6_Driver/STM32F103C6_EXTI_Driver.o
                                       0xa6e3 (size before relaxing)
 .debug_str     0x000000000000a482      0x171 STM32_F103C6_Driver/STM32F103C6_GPIO_Driver.o
                                       0x9396 (size before relaxing)
 .debug_str     0x000000000000a5f3      0x11b STM32_F103C6_Driver/STM32F103C6_RCC_Driver.o
                                       0x92ce (size before relaxing)
 .debug_str     0x000000000000a70e      0x8e5 STM32_F103C6_Driver/STM32F103C6_USART_Driver.o
                                       0x9ba4 (size before relaxing)
 .debug_str     0x000000000000aff3       0x2e Src/main.o
                                       0xaabf (size before relaxing)
 .debug_str     0x000000000000b021       0x31 Startup/startup_stm32f103c6tx.o
                                         0x8e (size before relaxing)

.comment        0x0000000000000000       0x7b
 .comment       0x0000000000000000       0x7b STM32_F103C6_Driver/STM32F103C6_EXTI_Driver.o
                                         0x7c (size before relaxing)
 .comment       0x000000000000007b       0x7c STM32_F103C6_Driver/STM32F103C6_GPIO_Driver.o
 .comment       0x000000000000007b       0x7c STM32_F103C6_Driver/STM32F103C6_RCC_Driver.o
 .comment       0x000000000000007b       0x7c STM32_F103C6_Driver/STM32F103C6_USART_Driver.o
 .comment       0x000000000000007b       0x7c Src/main.o

.debug_frame    0x0000000000000000      0x564
 .debug_frame   0x0000000000000000      0x160 STM32_F103C6_Driver/STM32F103C6_EXTI_Driver.o
 .debug_frame   0x0000000000000160      0x1b8 STM32_F103C6_Driver/STM32F103C6_GPIO_Driver.o
 .debug_frame   0x0000000000000318       0x84 STM32_F103C6_Driver/STM32F103C6_RCC_Driver.o
 .debug_frame   0x000000000000039c      0x14c STM32_F103C6_Driver/STM32F103C6_USART_Driver.o
 .debug_frame   0x00000000000004e8       0x50 Src/main.o
 .debug_frame   0x0000000000000538       0x2c c:/st/stm32cubeide_1.4.0/stm32cubeide/plugins/com.st.stm32cube.ide.mcu.externaltools.gnu-tools-for-stm32.7-2018-q2-update.win32_1.4.0.202007081208/tools/bin/../lib/gcc/arm-none-eabi/7.3.1/../../../../arm-none-eabi/lib/thumb/v7-m\libc_nano.a(lib_a-init.o)
