Archive member included to satisfy reference by file (symbol)

c:/st/stm32cubeide_1.4.0/stm32cubeide/plugins/com.st.stm32cube.ide.mcu.externaltools.gnu-tools-for-stm32.7-2018-q2-update.win32_1.4.0.202007081208/tools/bin/../lib/gcc/arm-none-eabi/7.3.1/../../../../arm-none-eabi/lib/thumb/v7-m\libc_nano.a(lib_a-errno.o)
                              Src/syscalls.o (__errno)
c:/st/stm32cubeide_1.4.0/stm32cubeide/plugins/com.st.stm32cube.ide.mcu.externaltools.gnu-tools-for-stm32.7-2018-q2-update.win32_1.4.0.202007081208/tools/bin/../lib/gcc/arm-none-eabi/7.3.1/../../../../arm-none-eabi/lib/thumb/v7-m\libc_nano.a(lib_a-exit.o)
                              c:/st/stm32cubeide_1.4.0/stm32cubeide/plugins/com.st.stm32cube.ide.mcu.externaltools.gnu-tools-for-stm32.7-2018-q2-update.win32_1.4.0.202007081208/tools/bin/../lib/gcc/arm-none-eabi/7.3.1/../../../../arm-none-eabi/lib/thumb/v7-m/crt0.o (exit)
c:/st/stm32cubeide_1.4.0/stm32cubeide/plugins/com.st.stm32cube.ide.mcu.externaltools.gnu-tools-for-stm32.7-2018-q2-update.win32_1.4.0.202007081208/tools/bin/../lib/gcc/arm-none-eabi/7.3.1/../../../../arm-none-eabi/lib/thumb/v7-m\libc_nano.a(lib_a-impure.o)
                              c:/st/stm32cubeide_1.4.0/stm32cubeide/plugins/com.st.stm32cube.ide.mcu.externaltools.gnu-tools-for-stm32.7-2018-q2-update.win32_1.4.0.202007081208/tools/bin/../lib/gcc/arm-none-eabi/7.3.1/../../../../arm-none-eabi/lib/thumb/v7-m\libc_nano.a(lib_a-exit.o) (_global_impure_ptr)
c:/st/stm32cubeide_1.4.0/stm32cubeide/plugins/com.st.stm32cube.ide.mcu.externaltools.gnu-tools-for-stm32.7-2018-q2-update.win32_1.4.0.202007081208/tools/bin/../lib/gcc/arm-none-eabi/7.3.1/../../../../arm-none-eabi/lib/thumb/v7-m\libc_nano.a(lib_a-init.o)
                              c:/st/stm32cubeide_1.4.0/stm32cubeide/plugins/com.st.stm32cube.ide.mcu.externaltools.gnu-tools-for-stm32.7-2018-q2-update.win32_1.4.0.202007081208/tools/bin/../lib/gcc/arm-none-eabi/7.3.1/../../../../arm-none-eabi/lib/thumb/v7-m/crt0.o (__libc_init_array)
c:/st/stm32cubeide_1.4.0/stm32cubeide/plugins/com.st.stm32cube.ide.mcu.externaltools.gnu-tools-for-stm32.7-2018-q2-update.win32_1.4.0.202007081208/tools/bin/../lib/gcc/arm-none-eabi/7.3.1/../../../../arm-none-eabi/lib/thumb/v7-m\libc_nano.a(lib_a-memset.o)
                              c:/st/stm32cubeide_1.4.0/stm32cubeide/plugins/com.st.stm32cube.ide.mcu.externaltools.gnu-tools-for-stm32.7-2018-q2-update.win32_1.4.0.202007081208/tools/bin/../lib/gcc/arm-none-eabi/7.3.1/../../../../arm-none-eabi/lib/thumb/v7-m/crt0.o (memset)

Allocating common symbols
Common symbol       size              file

IRQ_Flag            0x4               Src/main.o
GP_IRQ_CALLBACK     0x3c              STM32_F103C6_Driver/STM32F103C6_EXTI_Driver.o

Discarded input sections

 .text          0x0000000000000000        0x0 c:/st/stm32cubeide_1.4.0/stm32cubeide/plugins/com.st.stm32cube.ide.mcu.externaltools.gnu-tools-for-stm32.7-2018-q2-update.win32_1.4.0.202007081208/tools/bin/../lib/gcc/arm-none-eabi/7.3.1/thumb/v7-m/crti.o
 .data          0x0000000000000000        0x0 c:/st/stm32cubeide_1.4.0/stm32cubeide/plugins/com.st.stm32cube.ide.mcu.externaltools.gnu-tools-for-stm32.7-2018-q2-update.win32_1.4.0.202007081208/tools/bin/../lib/gcc/arm-none-eabi/7.3.1/thumb/v7-m/crti.o
 .bss           0x0000000000000000        0x0 c:/st/stm32cubeide_1.4.0/stm32cubeide/plugins/com.st.stm32cube.ide.mcu.externaltools.gnu-tools-for-stm32.7-2018-q2-update.win32_1.4.0.202007081208/tools/bin/../lib/gcc/arm-none-eabi/7.3.1/thumb/v7-m/crti.o
 .data          0x0000000000000000        0x4 c:/st/stm32cubeide_1.4.0/stm32cubeide/plugins/com.st.stm32cube.ide.mcu.externaltools.gnu-tools-for-stm32.7-2018-q2-update.win32_1.4.0.202007081208/tools/bin/../lib/gcc/arm-none-eabi/7.3.1/thumb/v7-m/crtbegin.o
 .text          0x0000000000000000       0x74 c:/st/stm32cubeide_1.4.0/stm32cubeide/plugins/com.st.stm32cube.ide.mcu.externaltools.gnu-tools-for-stm32.7-2018-q2-update.win32_1.4.0.202007081208/tools/bin/../lib/gcc/arm-none-eabi/7.3.1/../../../../arm-none-eabi/lib/thumb/v7-m/crt0.o
 .data          0x0000000000000000        0x0 c:/st/stm32cubeide_1.4.0/stm32cubeide/plugins/com.st.stm32cube.ide.mcu.externaltools.gnu-tools-for-stm32.7-2018-q2-update.win32_1.4.0.202007081208/tools/bin/../lib/gcc/arm-none-eabi/7.3.1/../../../../arm-none-eabi/lib/thumb/v7-m/crt0.o
 .bss           0x0000000000000000        0x0 c:/st/stm32cubeide_1.4.0/stm32cubeide/plugins/com.st.stm32cube.ide.mcu.externaltools.gnu-tools-for-stm32.7-2018-q2-update.win32_1.4.0.202007081208/tools/bin/../lib/gcc/arm-none-eabi/7.3.1/../../../../arm-none-eabi/lib/thumb/v7-m/crt0.o
 .ARM.extab     0x0000000000000000        0x0 c:/st/stm32cubeide_1.4.0/stm32cubeide/plugins/com.st.stm32cube.ide.mcu.externaltools.gnu-tools-for-stm32.7-2018-q2-update.win32_1.4.0.202007081208/tools/bin/../lib/gcc/arm-none-eabi/7.3.1/../../../../arm-none-eabi/lib/thumb/v7-m/crt0.o
 .ARM.exidx     0x0000000000000000        0x8 c:/st/stm32cubeide_1.4.0/stm32cubeide/plugins/com.st.stm32cube.ide.mcu.externaltools.gnu-tools-for-stm32.7-2018-q2-update.win32_1.4.0.202007081208/tools/bin/../lib/gcc/arm-none-eabi/7.3.1/../../../../arm-none-eabi/lib/thumb/v7-m/crt0.o
 .ARM.attributes
                0x0000000000000000       0x1b c:/st/stm32cubeide_1.4.0/stm32cubeide/plugins/com.st.stm32cube.ide.mcu.externaltools.gnu-tools-for-stm32.7-2018-q2-update.win32_1.4.0.202007081208/tools/bin/../lib/gcc/arm-none-eabi/7.3.1/../../../../arm-none-eabi/lib/thumb/v7-m/crt0.o
 .group         0x0000000000000000        0xc HAL/Keypad.o
 .group         0x0000000000000000        0xc HAL/Keypad.o
 .group         0x0000000000000000        0xc HAL/Keypad.o
 .group         0x0000000000000000        0xc HAL/Keypad.o
 .group         0x0000000000000000        0xc HAL/Keypad.o
 .group         0x0000000000000000        0xc HAL/Keypad.o
 .group         0x0000000000000000        0xc HAL/Keypad.o
 .group         0x0000000000000000        0xc HAL/Keypad.o
 .group         0x0000000000000000        0xc HAL/Keypad.o
 .group         0x0000000000000000        0xc HAL/Keypad.o
 .group         0x0000000000000000        0xc HAL/Keypad.o
 .group         0x0000000000000000        0xc HAL/Keypad.o
 .group         0x0000000000000000        0xc HAL/Keypad.o
 .group         0x0000000000000000        0xc HAL/Keypad.o
 .group         0x0000000000000000        0xc HAL/Keypad.o
 .group         0x0000000000000000        0xc HAL/Keypad.o
 .group         0x0000000000000000        0xc HAL/Keypad.o
 .group         0x0000000000000000        0xc HAL/Keypad.o
 .group         0x0000000000000000        0xc HAL/Keypad.o
 .group         0x0000000000000000        0xc HAL/Keypad.o
 .group         0x0000000000000000        0xc HAL/Keypad.o
 .group         0x0000000000000000        0xc HAL/Keypad.o
 .group         0x0000000000000000        0xc HAL/Keypad.o
 .group         0x0000000000000000        0xc HAL/Keypad.o
 .group         0x0000000000000000        0xc HAL/Keypad.o
 .text          0x0000000000000000        0x0 HAL/Keypad.o
 .data          0x0000000000000000        0x0 HAL/Keypad.o
 .bss           0x0000000000000000        0x0 HAL/Keypad.o
 .data.Key_padRow
                0x0000000000000000       0x10 HAL/Keypad.o
 .data.Key_padCol
                0x0000000000000000       0x10 HAL/Keypad.o
 .text.keypad_init
                0x0000000000000000       0x5c HAL/Keypad.o
 .text.keypad_get_key
                0x0000000000000000      0x194 HAL/Keypad.o
 .debug_info    0x0000000000000000      0xb13 HAL/Keypad.o
 .debug_abbrev  0x0000000000000000      0x1a6 HAL/Keypad.o
 .debug_loc     0x0000000000000000       0xa0 HAL/Keypad.o
 .debug_aranges
                0x0000000000000000       0x28 HAL/Keypad.o
 .debug_ranges  0x0000000000000000       0x18 HAL/Keypad.o
 .debug_macro   0x0000000000000000      0x152 HAL/Keypad.o
 .debug_macro   0x0000000000000000      0xa60 HAL/Keypad.o
 .debug_macro   0x0000000000000000       0x18 HAL/Keypad.o
 .debug_macro   0x0000000000000000       0x22 HAL/Keypad.o
 .debug_macro   0x0000000000000000       0x40 HAL/Keypad.o
 .debug_macro   0x0000000000000000       0x94 HAL/Keypad.o
 .debug_macro   0x0000000000000000       0x3c HAL/Keypad.o
 .debug_macro   0x0000000000000000       0x34 HAL/Keypad.o
 .debug_macro   0x0000000000000000       0x16 HAL/Keypad.o
 .debug_macro   0x0000000000000000      0x10e HAL/Keypad.o
 .debug_macro   0x0000000000000000       0x8d HAL/Keypad.o
 .debug_macro   0x0000000000000000       0x57 HAL/Keypad.o
 .debug_macro   0x0000000000000000       0x52 HAL/Keypad.o
 .debug_macro   0x0000000000000000       0x1f HAL/Keypad.o
 .debug_macro   0x0000000000000000       0x43 HAL/Keypad.o
 .debug_macro   0x0000000000000000       0x20 HAL/Keypad.o
 .debug_macro   0x0000000000000000      0x1a3 HAL/Keypad.o
 .debug_macro   0x0000000000000000      0x330 HAL/Keypad.o
 .debug_macro   0x0000000000000000       0x16 HAL/Keypad.o
 .debug_macro   0x0000000000000000       0x29 HAL/Keypad.o
 .debug_macro   0x0000000000000000       0xef HAL/Keypad.o
 .debug_macro   0x0000000000000000       0x6a HAL/Keypad.o
 .debug_macro   0x0000000000000000      0x1df HAL/Keypad.o
 .debug_macro   0x0000000000000000      0x1ad HAL/Keypad.o
 .debug_macro   0x0000000000000000       0xca HAL/Keypad.o
 .debug_macro   0x0000000000000000       0x4c HAL/Keypad.o
 .debug_line    0x0000000000000000      0x6b9 HAL/Keypad.o
 .debug_str     0x0000000000000000     0x7db2 HAL/Keypad.o
 .comment       0x0000000000000000       0x7c HAL/Keypad.o
 .debug_frame   0x0000000000000000       0x58 HAL/Keypad.o
 .ARM.attributes
                0x0000000000000000       0x33 HAL/Keypad.o
 .group         0x0000000000000000        0xc HAL/LCD.o
 .group         0x0000000000000000        0xc HAL/LCD.o
 .group         0x0000000000000000        0xc HAL/LCD.o
 .group         0x0000000000000000        0xc HAL/LCD.o
 .group         0x0000000000000000        0xc HAL/LCD.o
 .group         0x0000000000000000        0xc HAL/LCD.o
 .group         0x0000000000000000        0xc HAL/LCD.o
 .group         0x0000000000000000        0xc HAL/LCD.o
 .group         0x0000000000000000        0xc HAL/LCD.o
 .group         0x0000000000000000        0xc HAL/LCD.o
 .group         0x0000000000000000        0xc HAL/LCD.o
 .group         0x0000000000000000        0xc HAL/LCD.o
 .group         0x0000000000000000        0xc HAL/LCD.o
 .group         0x0000000000000000        0xc HAL/LCD.o
 .group         0x0000000000000000        0xc HAL/LCD.o
 .group         0x0000000000000000        0xc HAL/LCD.o
 .group         0x0000000000000000        0xc HAL/LCD.o
 .group         0x0000000000000000        0xc HAL/LCD.o
 .group         0x0000000000000000        0xc HAL/LCD.o
 .group         0x0000000000000000        0xc HAL/LCD.o
 .group         0x0000000000000000        0xc HAL/LCD.o
 .group         0x0000000000000000        0xc HAL/LCD.o
 .group         0x0000000000000000        0xc HAL/LCD.o
 .group         0x0000000000000000        0xc HAL/LCD.o
 .group         0x0000000000000000        0xc HAL/LCD.o
 .text          0x0000000000000000        0x0 HAL/LCD.o
 .data          0x0000000000000000        0x0 HAL/LCD.o
 .bss           0x0000000000000000        0x0 HAL/LCD.o
 .bss.count     0x0000000000000000        0x4 HAL/LCD.o
 .text.delay_ms
                0x0000000000000000       0x38 HAL/LCD.o
 .text.LCD_clear_screen
                0x0000000000000000       0x18 HAL/LCD.o
 .text.ENABLE_cycle
                0x0000000000000000       0x2c HAL/LCD.o
 .text.LCD_isbusy
                0x0000000000000000       0x9c HAL/LCD.o
 .text.LCD_GOTO
                0x0000000000000000       0x4a HAL/LCD.o
 .text.check_line
                0x0000000000000000       0x38 HAL/LCD.o
 .text.LCD_init
                0x0000000000000000       0xdc HAL/LCD.o
 .text.LCD_command
                0x0000000000000000       0x44 HAL/LCD.o
 .text.LCD_write_char
                0x0000000000000000       0x54 HAL/LCD.o
 .text.LCD_write_string
                0x0000000000000000       0x28 HAL/LCD.o
 .debug_info    0x0000000000000000      0xc45 HAL/LCD.o
 .debug_abbrev  0x0000000000000000      0x21f HAL/LCD.o
 .debug_loc     0x0000000000000000      0x2c0 HAL/LCD.o
 .debug_aranges
                0x0000000000000000       0x68 HAL/LCD.o
 .debug_ranges  0x0000000000000000       0x58 HAL/LCD.o
 .debug_macro   0x0000000000000000      0x152 HAL/LCD.o
 .debug_macro   0x0000000000000000      0xa60 HAL/LCD.o
 .debug_macro   0x0000000000000000       0x18 HAL/LCD.o
 .debug_macro   0x0000000000000000       0x22 HAL/LCD.o
 .debug_macro   0x0000000000000000       0x40 HAL/LCD.o
 .debug_macro   0x0000000000000000       0x94 HAL/LCD.o
 .debug_macro   0x0000000000000000       0x3c HAL/LCD.o
 .debug_macro   0x0000000000000000       0x34 HAL/LCD.o
 .debug_macro   0x0000000000000000       0x16 HAL/LCD.o
 .debug_macro   0x0000000000000000      0x10e HAL/LCD.o
 .debug_macro   0x0000000000000000       0x8d HAL/LCD.o
 .debug_macro   0x0000000000000000       0x57 HAL/LCD.o
 .debug_macro   0x0000000000000000       0x52 HAL/LCD.o
 .debug_macro   0x0000000000000000       0x1f HAL/LCD.o
 .debug_macro   0x0000000000000000       0x43 HAL/LCD.o
 .debug_macro   0x0000000000000000       0x20 HAL/LCD.o
 .debug_macro   0x0000000000000000      0x1a3 HAL/LCD.o
 .debug_macro   0x0000000000000000      0x330 HAL/LCD.o
 .debug_macro   0x0000000000000000       0x16 HAL/LCD.o
 .debug_macro   0x0000000000000000       0x29 HAL/LCD.o
 .debug_macro   0x0000000000000000       0xef HAL/LCD.o
 .debug_macro   0x0000000000000000       0x6a HAL/LCD.o
 .debug_macro   0x0000000000000000      0x1df HAL/LCD.o
 .debug_macro   0x0000000000000000      0x1ad HAL/LCD.o
 .debug_macro   0x0000000000000000       0xca HAL/LCD.o
 .debug_macro   0x0000000000000000       0xb2 HAL/LCD.o
 .debug_line    0x0000000000000000      0x73e HAL/LCD.o
 .debug_str     0x0000000000000000     0x8017 HAL/LCD.o
 .comment       0x0000000000000000       0x7c HAL/LCD.o
 .debug_frame   0x0000000000000000      0x164 HAL/LCD.o
 .ARM.attributes
                0x0000000000000000       0x33 HAL/LCD.o
 .group         0x0000000000000000        0xc STM32_F103C6_Driver/STM32F103C6_EXTI_Driver.o
 .group         0x0000000000000000        0xc STM32_F103C6_Driver/STM32F103C6_EXTI_Driver.o
 .group         0x0000000000000000        0xc STM32_F103C6_Driver/STM32F103C6_EXTI_Driver.o
 .group         0x0000000000000000        0xc STM32_F103C6_Driver/STM32F103C6_EXTI_Driver.o
 .group         0x0000000000000000        0xc STM32_F103C6_Driver/STM32F103C6_EXTI_Driver.o
 .group         0x0000000000000000        0xc STM32_F103C6_Driver/STM32F103C6_EXTI_Driver.o
 .group         0x0000000000000000        0xc STM32_F103C6_Driver/STM32F103C6_EXTI_Driver.o
 .group         0x0000000000000000        0xc STM32_F103C6_Driver/STM32F103C6_EXTI_Driver.o
 .group         0x0000000000000000        0xc STM32_F103C6_Driver/STM32F103C6_EXTI_Driver.o
 .group         0x0000000000000000        0xc STM32_F103C6_Driver/STM32F103C6_EXTI_Driver.o
 .group         0x0000000000000000        0xc STM32_F103C6_Driver/STM32F103C6_EXTI_Driver.o
 .group         0x0000000000000000        0xc STM32_F103C6_Driver/STM32F103C6_EXTI_Driver.o
 .group         0x0000000000000000        0xc STM32_F103C6_Driver/STM32F103C6_EXTI_Driver.o
 .group         0x0000000000000000        0xc STM32_F103C6_Driver/STM32F103C6_EXTI_Driver.o
 .group         0x0000000000000000        0xc STM32_F103C6_Driver/STM32F103C6_EXTI_Driver.o
 .group         0x0000000000000000        0xc STM32_F103C6_Driver/STM32F103C6_EXTI_Driver.o
 .group         0x0000000000000000        0xc STM32_F103C6_Driver/STM32F103C6_EXTI_Driver.o
 .group         0x0000000000000000        0xc STM32_F103C6_Driver/STM32F103C6_EXTI_Driver.o
 .group         0x0000000000000000        0xc STM32_F103C6_Driver/STM32F103C6_EXTI_Driver.o
 .group         0x0000000000000000        0xc STM32_F103C6_Driver/STM32F103C6_EXTI_Driver.o
 .group         0x0000000000000000        0xc STM32_F103C6_Driver/STM32F103C6_EXTI_Driver.o
 .group         0x0000000000000000        0xc STM32_F103C6_Driver/STM32F103C6_EXTI_Driver.o
 .group         0x0000000000000000        0xc STM32_F103C6_Driver/STM32F103C6_EXTI_Driver.o
 .group         0x0000000000000000        0xc STM32_F103C6_Driver/STM32F103C6_EXTI_Driver.o
 .group         0x0000000000000000        0xc STM32_F103C6_Driver/STM32F103C6_EXTI_Driver.o
 .text          0x0000000000000000        0x0 STM32_F103C6_Driver/STM32F103C6_EXTI_Driver.o
 .data          0x0000000000000000        0x0 STM32_F103C6_Driver/STM32F103C6_EXTI_Driver.o
 .bss           0x0000000000000000        0x0 STM32_F103C6_Driver/STM32F103C6_EXTI_Driver.o
 .text.MCAL_EXTI_GPIO_DeInit
                0x0000000000000000       0x38 STM32_F103C6_Driver/STM32F103C6_EXTI_Driver.o
 .text.MCAL_EXTI_GPIO_Update
                0x0000000000000000       0x16 STM32_F103C6_Driver/STM32F103C6_EXTI_Driver.o
 .debug_macro   0x0000000000000000      0xa60 STM32_F103C6_Driver/STM32F103C6_EXTI_Driver.o
 .debug_macro   0x0000000000000000       0x18 STM32_F103C6_Driver/STM32F103C6_EXTI_Driver.o
 .debug_macro   0x0000000000000000       0x22 STM32_F103C6_Driver/STM32F103C6_EXTI_Driver.o
 .debug_macro   0x0000000000000000       0x40 STM32_F103C6_Driver/STM32F103C6_EXTI_Driver.o
 .debug_macro   0x0000000000000000       0x94 STM32_F103C6_Driver/STM32F103C6_EXTI_Driver.o
 .debug_macro   0x0000000000000000       0x3c STM32_F103C6_Driver/STM32F103C6_EXTI_Driver.o
 .debug_macro   0x0000000000000000       0x34 STM32_F103C6_Driver/STM32F103C6_EXTI_Driver.o
 .debug_macro   0x0000000000000000       0x16 STM32_F103C6_Driver/STM32F103C6_EXTI_Driver.o
 .debug_macro   0x0000000000000000      0x10e STM32_F103C6_Driver/STM32F103C6_EXTI_Driver.o
 .debug_macro   0x0000000000000000       0x8d STM32_F103C6_Driver/STM32F103C6_EXTI_Driver.o
 .debug_macro   0x0000000000000000       0x57 STM32_F103C6_Driver/STM32F103C6_EXTI_Driver.o
 .debug_macro   0x0000000000000000       0x52 STM32_F103C6_Driver/STM32F103C6_EXTI_Driver.o
 .debug_macro   0x0000000000000000       0x1f STM32_F103C6_Driver/STM32F103C6_EXTI_Driver.o
 .debug_macro   0x0000000000000000       0x43 STM32_F103C6_Driver/STM32F103C6_EXTI_Driver.o
 .debug_macro   0x0000000000000000       0x20 STM32_F103C6_Driver/STM32F103C6_EXTI_Driver.o
 .debug_macro   0x0000000000000000      0x1a3 STM32_F103C6_Driver/STM32F103C6_EXTI_Driver.o
 .debug_macro   0x0000000000000000      0x330 STM32_F103C6_Driver/STM32F103C6_EXTI_Driver.o
 .debug_macro   0x0000000000000000       0x16 STM32_F103C6_Driver/STM32F103C6_EXTI_Driver.o
 .debug_macro   0x0000000000000000       0x29 STM32_F103C6_Driver/STM32F103C6_EXTI_Driver.o
 .debug_macro   0x0000000000000000       0xef STM32_F103C6_Driver/STM32F103C6_EXTI_Driver.o
 .debug_macro   0x0000000000000000       0x6a STM32_F103C6_Driver/STM32F103C6_EXTI_Driver.o
 .debug_macro   0x0000000000000000      0x1df STM32_F103C6_Driver/STM32F103C6_EXTI_Driver.o
 .debug_macro   0x0000000000000000      0x1ad STM32_F103C6_Driver/STM32F103C6_EXTI_Driver.o
 .group         0x0000000000000000        0xc STM32_F103C6_Driver/STM32F103C6_GPIO_Driver.o
 .group         0x0000000000000000        0xc STM32_F103C6_Driver/STM32F103C6_GPIO_Driver.o
 .group         0x0000000000000000        0xc STM32_F103C6_Driver/STM32F103C6_GPIO_Driver.o
 .group         0x0000000000000000        0xc STM32_F103C6_Driver/STM32F103C6_GPIO_Driver.o
 .group         0x0000000000000000        0xc STM32_F103C6_Driver/STM32F103C6_GPIO_Driver.o
 .group         0x0000000000000000        0xc STM32_F103C6_Driver/STM32F103C6_GPIO_Driver.o
 .group         0x0000000000000000        0xc STM32_F103C6_Driver/STM32F103C6_GPIO_Driver.o
 .group         0x0000000000000000        0xc STM32_F103C6_Driver/STM32F103C6_GPIO_Driver.o
 .group         0x0000000000000000        0xc STM32_F103C6_Driver/STM32F103C6_GPIO_Driver.o
 .group         0x0000000000000000        0xc STM32_F103C6_Driver/STM32F103C6_GPIO_Driver.o
 .group         0x0000000000000000        0xc STM32_F103C6_Driver/STM32F103C6_GPIO_Driver.o
 .group         0x0000000000000000        0xc STM32_F103C6_Driver/STM32F103C6_GPIO_Driver.o
 .group         0x0000000000000000        0xc STM32_F103C6_Driver/STM32F103C6_GPIO_Driver.o
 .group         0x0000000000000000        0xc STM32_F103C6_Driver/STM32F103C6_GPIO_Driver.o
 .group         0x0000000000000000        0xc STM32_F103C6_Driver/STM32F103C6_GPIO_Driver.o
 .group         0x0000000000000000        0xc STM32_F103C6_Driver/STM32F103C6_GPIO_Driver.o
 .group         0x0000000000000000        0xc STM32_F103C6_Driver/STM32F103C6_GPIO_Driver.o
 .group         0x0000000000000000        0xc STM32_F103C6_Driver/STM32F103C6_GPIO_Driver.o
 .group         0x0000000000000000        0xc STM32_F103C6_Driver/STM32F103C6_GPIO_Driver.o
 .group         0x0000000000000000        0xc STM32_F103C6_Driver/STM32F103C6_GPIO_Driver.o
 .group         0x0000000000000000        0xc STM32_F103C6_Driver/STM32F103C6_GPIO_Driver.o
 .group         0x0000000000000000        0xc STM32_F103C6_Driver/STM32F103C6_GPIO_Driver.o
 .group         0x0000000000000000        0xc STM32_F103C6_Driver/STM32F103C6_GPIO_Driver.o
 .group         0x0000000000000000        0xc STM32_F103C6_Driver/STM32F103C6_GPIO_Driver.o
 .text          0x0000000000000000        0x0 STM32_F103C6_Driver/STM32F103C6_GPIO_Driver.o
 .data          0x0000000000000000        0x0 STM32_F103C6_Driver/STM32F103C6_GPIO_Driver.o
 .bss           0x0000000000000000        0x0 STM32_F103C6_Driver/STM32F103C6_GPIO_Driver.o
 .text.MCAL_GPIO_ReInit
                0x0000000000000000       0xcc STM32_F103C6_Driver/STM32F103C6_GPIO_Driver.o
 .text.MCAL_GPIO_ReadPin
                0x0000000000000000       0x28 STM32_F103C6_Driver/STM32F103C6_GPIO_Driver.o
 .text.MCAL_GPIO_ReadPORT
                0x0000000000000000       0x16 STM32_F103C6_Driver/STM32F103C6_GPIO_Driver.o
 .text.MCAL_GPIO_WritePin
                0x0000000000000000       0x2c STM32_F103C6_Driver/STM32F103C6_GPIO_Driver.o
 .text.MCAL_GPIO_WritePort
                0x0000000000000000       0x28 STM32_F103C6_Driver/STM32F103C6_GPIO_Driver.o
 .text.MCAL_GPIO_TogglePin
                0x0000000000000000       0x22 STM32_F103C6_Driver/STM32F103C6_GPIO_Driver.o
 .text.MCAL_GPIO_LockPin
                0x0000000000000000       0x4a STM32_F103C6_Driver/STM32F103C6_GPIO_Driver.o
 .text.MCAL_GPIO_EXTI_IRQConfig
                0x0000000000000000        0xc STM32_F103C6_Driver/STM32F103C6_GPIO_Driver.o
 .text.MCAL_GPIO_EXTI_IRQHandling
                0x0000000000000000        0xc STM32_F103C6_Driver/STM32F103C6_GPIO_Driver.o
 .debug_macro   0x0000000000000000      0xa60 STM32_F103C6_Driver/STM32F103C6_GPIO_Driver.o
 .debug_macro   0x0000000000000000       0x18 STM32_F103C6_Driver/STM32F103C6_GPIO_Driver.o
 .debug_macro   0x0000000000000000       0x22 STM32_F103C6_Driver/STM32F103C6_GPIO_Driver.o
 .debug_macro   0x0000000000000000       0x40 STM32_F103C6_Driver/STM32F103C6_GPIO_Driver.o
 .debug_macro   0x0000000000000000       0x94 STM32_F103C6_Driver/STM32F103C6_GPIO_Driver.o
 .debug_macro   0x0000000000000000       0x3c STM32_F103C6_Driver/STM32F103C6_GPIO_Driver.o
 .debug_macro   0x0000000000000000       0x34 STM32_F103C6_Driver/STM32F103C6_GPIO_Driver.o
 .debug_macro   0x0000000000000000       0x16 STM32_F103C6_Driver/STM32F103C6_GPIO_Driver.o
 .debug_macro   0x0000000000000000      0x10e STM32_F103C6_Driver/STM32F103C6_GPIO_Driver.o
 .debug_macro   0x0000000000000000       0x8d STM32_F103C6_Driver/STM32F103C6_GPIO_Driver.o
 .debug_macro   0x0000000000000000       0x57 STM32_F103C6_Driver/STM32F103C6_GPIO_Driver.o
 .debug_macro   0x0000000000000000       0x52 STM32_F103C6_Driver/STM32F103C6_GPIO_Driver.o
 .debug_macro   0x0000000000000000       0x1f STM32_F103C6_Driver/STM32F103C6_GPIO_Driver.o
 .debug_macro   0x0000000000000000       0x43 STM32_F103C6_Driver/STM32F103C6_GPIO_Driver.o
 .debug_macro   0x0000000000000000       0x20 STM32_F103C6_Driver/STM32F103C6_GPIO_Driver.o
 .debug_macro   0x0000000000000000      0x1a3 STM32_F103C6_Driver/STM32F103C6_GPIO_Driver.o
 .debug_macro   0x0000000000000000      0x330 STM32_F103C6_Driver/STM32F103C6_GPIO_Driver.o
 .debug_macro   0x0000000000000000       0x16 STM32_F103C6_Driver/STM32F103C6_GPIO_Driver.o
 .debug_macro   0x0000000000000000       0x29 STM32_F103C6_Driver/STM32F103C6_GPIO_Driver.o
 .debug_macro   0x0000000000000000       0xef STM32_F103C6_Driver/STM32F103C6_GPIO_Driver.o
 .debug_macro   0x0000000000000000       0x6a STM32_F103C6_Driver/STM32F103C6_GPIO_Driver.o
 .debug_macro   0x0000000000000000      0x1df STM32_F103C6_Driver/STM32F103C6_GPIO_Driver.o
 .debug_macro   0x0000000000000000      0x1ad STM32_F103C6_Driver/STM32F103C6_GPIO_Driver.o
 .debug_macro   0x0000000000000000       0xca STM32_F103C6_Driver/STM32F103C6_GPIO_Driver.o
 .group         0x0000000000000000        0xc Src/main.o
 .group         0x0000000000000000        0xc Src/main.o
 .group         0x0000000000000000        0xc Src/main.o
 .group         0x0000000000000000        0xc Src/main.o
 .group         0x0000000000000000        0xc Src/main.o
 .group         0x0000000000000000        0xc Src/main.o
 .group         0x0000000000000000        0xc Src/main.o
 .group         0x0000000000000000        0xc Src/main.o
 .group         0x0000000000000000        0xc Src/main.o
 .group         0x0000000000000000        0xc Src/main.o
 .group         0x0000000000000000        0xc Src/main.o
 .group         0x0000000000000000        0xc Src/main.o
 .group         0x0000000000000000        0xc Src/main.o
 .group         0x0000000000000000        0xc Src/main.o
 .group         0x0000000000000000        0xc Src/main.o
 .group         0x0000000000000000        0xc Src/main.o
 .group         0x0000000000000000        0xc Src/main.o
 .group         0x0000000000000000        0xc Src/main.o
 .group         0x0000000000000000        0xc Src/main.o
 .group         0x0000000000000000        0xc Src/main.o
 .group         0x0000000000000000        0xc Src/main.o
 .group         0x0000000000000000        0xc Src/main.o
 .group         0x0000000000000000        0xc Src/main.o
 .group         0x0000000000000000        0xc Src/main.o
 .group         0x0000000000000000        0xc Src/main.o
 .group         0x0000000000000000        0xc Src/main.o
 .group         0x0000000000000000        0xc Src/main.o
 .text          0x0000000000000000        0x0 Src/main.o
 .data          0x0000000000000000        0x0 Src/main.o
 .bss           0x0000000000000000        0x0 Src/main.o
 .text.CLK_init
                0x0000000000000000       0x34 Src/main.o
 .text.GPIO_init
                0x0000000000000000        0xc Src/main.o
 .text.wait_ms  0x0000000000000000       0x38 Src/main.o
 .debug_macro   0x0000000000000000      0xa60 Src/main.o
 .debug_macro   0x0000000000000000       0x18 Src/main.o
 .debug_macro   0x0000000000000000       0x22 Src/main.o
 .debug_macro   0x0000000000000000       0x40 Src/main.o
 .debug_macro   0x0000000000000000       0x94 Src/main.o
 .debug_macro   0x0000000000000000       0x3c Src/main.o
 .debug_macro   0x0000000000000000       0x34 Src/main.o
 .debug_macro   0x0000000000000000       0x16 Src/main.o
 .debug_macro   0x0000000000000000      0x10e Src/main.o
 .debug_macro   0x0000000000000000       0x8d Src/main.o
 .debug_macro   0x0000000000000000       0x57 Src/main.o
 .debug_macro   0x0000000000000000       0x52 Src/main.o
 .debug_macro   0x0000000000000000       0x1f Src/main.o
 .debug_macro   0x0000000000000000       0x43 Src/main.o
 .debug_macro   0x0000000000000000       0x20 Src/main.o
 .debug_macro   0x0000000000000000      0x1a3 Src/main.o
 .debug_macro   0x0000000000000000      0x330 Src/main.o
 .debug_macro   0x0000000000000000       0x16 Src/main.o
 .debug_macro   0x0000000000000000       0x29 Src/main.o
 .debug_macro   0x0000000000000000       0xef Src/main.o
 .debug_macro   0x0000000000000000       0x6a Src/main.o
 .debug_macro   0x0000000000000000      0x1df Src/main.o
 .debug_macro   0x0000000000000000      0x1ad Src/main.o
 .debug_macro   0x0000000000000000       0xca Src/main.o
 .group         0x0000000000000000        0xc Src/syscalls.o
 .group         0x0000000000000000        0xc Src/syscalls.o
 .group         0x0000000000000000        0xc Src/syscalls.o
 .group         0x0000000000000000        0xc Src/syscalls.o
 .group         0x0000000000000000        0xc Src/syscalls.o
 .group         0x0000000000000000        0xc Src/syscalls.o
 .group         0x0000000000000000        0xc Src/syscalls.o
 .group         0x0000000000000000        0xc Src/syscalls.o
 .group         0x0000000000000000        0xc Src/syscalls.o
 .group         0x0000000000000000        0xc Src/syscalls.o
 .group         0x0000000000000000        0xc Src/syscalls.o
 .group         0x0000000000000000        0xc Src/syscalls.o
 .group         0x0000000000000000        0xc Src/syscalls.o
 .group         0x0000000000000000        0xc Src/syscalls.o
 .group         0x0000000000000000        0xc Src/syscalls.o
 .group         0x0000000000000000        0xc Src/syscalls.o
 .group         0x0000000000000000        0xc Src/syscalls.o
 .group         0x0000000000000000        0xc Src/syscalls.o
 .group         0x0000000000000000        0xc Src/syscalls.o
 .group         0x0000000000000000        0xc Src/syscalls.o
 .group         0x0000000000000000        0xc Src/syscalls.o
 .group         0x0000000000000000        0xc Src/syscalls.o
 .group         0x0000000000000000        0xc Src/syscalls.o
 .group         0x0000000000000000        0xc Src/syscalls.o
 .group         0x0000000000000000        0xc Src/syscalls.o
 .group         0x0000000000000000        0xc Src/syscalls.o
 .group         0x0000000000000000        0xc Src/syscalls.o
 .group         0x0000000000000000        0xc Src/syscalls.o
 .group         0x0000000000000000        0xc Src/syscalls.o
 .group         0x0000000000000000        0xc Src/syscalls.o
 .group         0x0000000000000000        0xc Src/syscalls.o
 .group         0x0000000000000000        0xc Src/syscalls.o
 .group         0x0000000000000000        0xc Src/syscalls.o
 .group         0x0000000000000000        0xc Src/syscalls.o
 .group         0x0000000000000000        0xc Src/syscalls.o
 .group         0x0000000000000000        0xc Src/syscalls.o
 .group         0x0000000000000000        0xc Src/syscalls.o
 .group         0x0000000000000000        0xc Src/syscalls.o
 .group         0x0000000000000000        0xc Src/syscalls.o
 .group         0x0000000000000000        0xc Src/syscalls.o
 .group         0x0000000000000000        0xc Src/syscalls.o
 .group         0x0000000000000000        0xc Src/syscalls.o
 .group         0x0000000000000000        0xc Src/syscalls.o
 .group         0x0000000000000000        0xc Src/syscalls.o
 .text          0x0000000000000000        0x0 Src/syscalls.o
 .data          0x0000000000000000        0x0 Src/syscalls.o
 .bss           0x0000000000000000        0x0 Src/syscalls.o
 .bss.__env     0x0000000000000000        0x4 Src/syscalls.o
 .data.environ  0x0000000000000000        0x4 Src/syscalls.o
 .text.initialise_monitor_handles
                0x0000000000000000        0xc Src/syscalls.o
 .text._getpid  0x0000000000000000        0xe Src/syscalls.o
 .text._kill    0x0000000000000000       0x20 Src/syscalls.o
 .text._exit    0x0000000000000000       0x14 Src/syscalls.o
 .text._read    0x0000000000000000       0x3a Src/syscalls.o
 .text._write   0x0000000000000000       0x38 Src/syscalls.o
 .text._close   0x0000000000000000       0x16 Src/syscalls.o
 .text._fstat   0x0000000000000000       0x1e Src/syscalls.o
 .text._isatty  0x0000000000000000       0x14 Src/syscalls.o
 .text._lseek   0x0000000000000000       0x18 Src/syscalls.o
 .text._open    0x0000000000000000       0x1a Src/syscalls.o
 .text._wait    0x0000000000000000       0x1e Src/syscalls.o
 .text._unlink  0x0000000000000000       0x1e Src/syscalls.o
 .text._times   0x0000000000000000       0x16 Src/syscalls.o
 .text._stat    0x0000000000000000       0x1e Src/syscalls.o
 .text._link    0x0000000000000000       0x20 Src/syscalls.o
 .text._fork    0x0000000000000000       0x16 Src/syscalls.o
 .text._execve  0x0000000000000000       0x22 Src/syscalls.o
 .debug_info    0x0000000000000000     0x1038 Src/syscalls.o
 .debug_abbrev  0x0000000000000000      0x254 Src/syscalls.o
 .debug_loc     0x0000000000000000      0x5b8 Src/syscalls.o
 .debug_aranges
                0x0000000000000000       0xa8 Src/syscalls.o
 .debug_ranges  0x0000000000000000       0x98 Src/syscalls.o
 .debug_macro   0x0000000000000000      0x243 Src/syscalls.o
 .debug_macro   0x0000000000000000      0xa60 Src/syscalls.o
 .debug_macro   0x0000000000000000       0x22 Src/syscalls.o
 .debug_macro   0x0000000000000000       0x40 Src/syscalls.o
 .debug_macro   0x0000000000000000       0x18 Src/syscalls.o
 .debug_macro   0x0000000000000000       0x94 Src/syscalls.o
 .debug_macro   0x0000000000000000       0x3c Src/syscalls.o
 .debug_macro   0x0000000000000000       0x34 Src/syscalls.o
 .debug_macro   0x0000000000000000       0x57 Src/syscalls.o
 .debug_macro   0x0000000000000000      0x174 Src/syscalls.o
 .debug_macro   0x0000000000000000      0x330 Src/syscalls.o
 .debug_macro   0x0000000000000000       0x52 Src/syscalls.o
 .debug_macro   0x0000000000000000       0x1f Src/syscalls.o
 .debug_macro   0x0000000000000000       0x43 Src/syscalls.o
 .debug_macro   0x0000000000000000       0x20 Src/syscalls.o
 .debug_macro   0x0000000000000000      0x1a3 Src/syscalls.o
 .debug_macro   0x0000000000000000       0x10 Src/syscalls.o
 .debug_macro   0x0000000000000000       0x35 Src/syscalls.o
 .debug_macro   0x0000000000000000       0x10 Src/syscalls.o
 .debug_macro   0x0000000000000000       0x10 Src/syscalls.o
 .debug_macro   0x0000000000000000       0x10 Src/syscalls.o
 .debug_macro   0x0000000000000000       0x6a Src/syscalls.o
 .debug_macro   0x0000000000000000       0x1c Src/syscalls.o
 .debug_macro   0x0000000000000000       0x52 Src/syscalls.o
 .debug_macro   0x0000000000000000       0x40 Src/syscalls.o
 .debug_macro   0x0000000000000000       0x10 Src/syscalls.o
 .debug_macro   0x0000000000000000       0x40 Src/syscalls.o
 .debug_macro   0x0000000000000000       0xd7 Src/syscalls.o
 .debug_macro   0x0000000000000000       0x1c Src/syscalls.o
 .debug_macro   0x0000000000000000       0x3d Src/syscalls.o
 .debug_macro   0x0000000000000000       0x35 Src/syscalls.o
 .debug_macro   0x0000000000000000      0x122 Src/syscalls.o
 .debug_macro   0x0000000000000000       0x16 Src/syscalls.o
 .debug_macro   0x0000000000000000       0x16 Src/syscalls.o
 .debug_macro   0x0000000000000000       0x29 Src/syscalls.o
 .debug_macro   0x0000000000000000       0x10 Src/syscalls.o
 .debug_macro   0x0000000000000000      0x241 Src/syscalls.o
 .debug_macro   0x0000000000000000       0x1c Src/syscalls.o
 .debug_macro   0x0000000000000000       0x10 Src/syscalls.o
 .debug_macro   0x0000000000000000       0x10 Src/syscalls.o
 .debug_macro   0x0000000000000000       0x16 Src/syscalls.o
 .debug_macro   0x0000000000000000      0x145 Src/syscalls.o
 .debug_macro   0x0000000000000000      0x189 Src/syscalls.o
 .debug_macro   0x0000000000000000       0x16 Src/syscalls.o
 .debug_macro   0x0000000000000000       0x88 Src/syscalls.o
 .debug_line    0x0000000000000000      0x739 Src/syscalls.o
 .debug_str     0x0000000000000000     0x889e Src/syscalls.o
 .comment       0x0000000000000000       0x7c Src/syscalls.o
 .debug_frame   0x0000000000000000      0x2ac Src/syscalls.o
 .ARM.attributes
                0x0000000000000000       0x33 Src/syscalls.o
 .group         0x0000000000000000        0xc Src/sysmem.o
 .group         0x0000000000000000        0xc Src/sysmem.o
 .group         0x0000000000000000        0xc Src/sysmem.o
 .group         0x0000000000000000        0xc Src/sysmem.o
 .group         0x0000000000000000        0xc Src/sysmem.o
 .group         0x0000000000000000        0xc Src/sysmem.o
 .group         0x0000000000000000        0xc Src/sysmem.o
 .group         0x0000000000000000        0xc Src/sysmem.o
 .group         0x0000000000000000        0xc Src/sysmem.o
 .group         0x0000000000000000        0xc Src/sysmem.o
 .group         0x0000000000000000        0xc Src/sysmem.o
 .group         0x0000000000000000        0xc Src/sysmem.o
 .group         0x0000000000000000        0xc Src/sysmem.o
 .group         0x0000000000000000        0xc Src/sysmem.o
 .group         0x0000000000000000        0xc Src/sysmem.o
 .group         0x0000000000000000        0xc Src/sysmem.o
 .group         0x0000000000000000        0xc Src/sysmem.o
 .group         0x0000000000000000        0xc Src/sysmem.o
 .group         0x0000000000000000        0xc Src/sysmem.o
 .text          0x0000000000000000        0x0 Src/sysmem.o
 .data          0x0000000000000000        0x0 Src/sysmem.o
 .bss           0x0000000000000000        0x0 Src/sysmem.o
 .bss.__sbrk_heap_end
                0x0000000000000000        0x4 Src/sysmem.o
 .text._sbrk    0x0000000000000000       0x6c Src/sysmem.o
 .debug_info    0x0000000000000000      0xa7c Src/sysmem.o
 .debug_abbrev  0x0000000000000000      0x18e Src/sysmem.o
 .debug_loc     0x0000000000000000       0x50 Src/sysmem.o
 .debug_aranges
                0x0000000000000000       0x20 Src/sysmem.o
 .debug_ranges  0x0000000000000000       0x10 Src/sysmem.o
 .debug_macro   0x0000000000000000       0xee Src/sysmem.o
 .debug_macro   0x0000000000000000      0xa60 Src/sysmem.o
 .debug_macro   0x0000000000000000       0x10 Src/sysmem.o
 .debug_macro   0x0000000000000000       0x22 Src/sysmem.o
 .debug_macro   0x0000000000000000       0x40 Src/sysmem.o
 .debug_macro   0x0000000000000000       0x18 Src/sysmem.o
 .debug_macro   0x0000000000000000       0x94 Src/sysmem.o
 .debug_macro   0x0000000000000000       0x3c Src/sysmem.o
 .debug_macro   0x0000000000000000       0x34 Src/sysmem.o
 .debug_macro   0x0000000000000000      0x174 Src/sysmem.o
 .debug_macro   0x0000000000000000       0x57 Src/sysmem.o
 .debug_macro   0x0000000000000000       0x52 Src/sysmem.o
 .debug_macro   0x0000000000000000       0x1f Src/sysmem.o
 .debug_macro   0x0000000000000000       0x43 Src/sysmem.o
 .debug_macro   0x0000000000000000       0x20 Src/sysmem.o
 .debug_macro   0x0000000000000000      0x1a3 Src/sysmem.o
 .debug_macro   0x0000000000000000      0x23b Src/sysmem.o
 .debug_macro   0x0000000000000000       0xef Src/sysmem.o
 .debug_macro   0x0000000000000000       0x6a Src/sysmem.o
 .debug_macro   0x0000000000000000      0x1df Src/sysmem.o
 .debug_line    0x0000000000000000      0x4c2 Src/sysmem.o
 .debug_str     0x0000000000000000     0x5f6c Src/sysmem.o
 .comment       0x0000000000000000       0x7c Src/sysmem.o
 .debug_frame   0x0000000000000000       0x34 Src/sysmem.o
 .ARM.attributes
                0x0000000000000000       0x33 Src/sysmem.o
 .text          0x0000000000000000       0x14 Startup/startup_stm32f103c6tx.o
 .data          0x0000000000000000        0x0 Startup/startup_stm32f103c6tx.o
 .bss           0x0000000000000000        0x0 Startup/startup_stm32f103c6tx.o
 .text          0x0000000000000000        0x0 c:/st/stm32cubeide_1.4.0/stm32cubeide/plugins/com.st.stm32cube.ide.mcu.externaltools.gnu-tools-for-stm32.7-2018-q2-update.win32_1.4.0.202007081208/tools/bin/../lib/gcc/arm-none-eabi/7.3.1/../../../../arm-none-eabi/lib/thumb/v7-m\libc_nano.a(lib_a-errno.o)
 .data          0x0000000000000000        0x0 c:/st/stm32cubeide_1.4.0/stm32cubeide/plugins/com.st.stm32cube.ide.mcu.externaltools.gnu-tools-for-stm32.7-2018-q2-update.win32_1.4.0.202007081208/tools/bin/../lib/gcc/arm-none-eabi/7.3.1/../../../../arm-none-eabi/lib/thumb/v7-m\libc_nano.a(lib_a-errno.o)
 .bss           0x0000000000000000        0x0 c:/st/stm32cubeide_1.4.0/stm32cubeide/plugins/com.st.stm32cube.ide.mcu.externaltools.gnu-tools-for-stm32.7-2018-q2-update.win32_1.4.0.202007081208/tools/bin/../lib/gcc/arm-none-eabi/7.3.1/../../../../arm-none-eabi/lib/thumb/v7-m\libc_nano.a(lib_a-errno.o)
 .text.__errno  0x0000000000000000        0xc c:/st/stm32cubeide_1.4.0/stm32cubeide/plugins/com.st.stm32cube.ide.mcu.externaltools.gnu-tools-for-stm32.7-2018-q2-update.win32_1.4.0.202007081208/tools/bin/../lib/gcc/arm-none-eabi/7.3.1/../../../../arm-none-eabi/lib/thumb/v7-m\libc_nano.a(lib_a-errno.o)
 .debug_frame   0x0000000000000000       0x20 c:/st/stm32cubeide_1.4.0/stm32cubeide/plugins/com.st.stm32cube.ide.mcu.externaltools.gnu-tools-for-stm32.7-2018-q2-update.win32_1.4.0.202007081208/tools/bin/../lib/gcc/arm-none-eabi/7.3.1/../../../../arm-none-eabi/lib/thumb/v7-m\libc_nano.a(lib_a-errno.o)
 .ARM.attributes
                0x0000000000000000       0x2d c:/st/stm32cubeide_1.4.0/stm32cubeide/plugins/com.st.stm32cube.ide.mcu.externaltools.gnu-tools-for-stm32.7-2018-q2-update.win32_1.4.0.202007081208/tools/bin/../lib/gcc/arm-none-eabi/7.3.1/../../../../arm-none-eabi/lib/thumb/v7-m\libc_nano.a(lib_a-errno.o)
 .text          0x0000000000000000        0x0 c:/st/stm32cubeide_1.4.0/stm32cubeide/plugins/com.st.stm32cube.ide.mcu.externaltools.gnu-tools-for-stm32.7-2018-q2-update.win32_1.4.0.202007081208/tools/bin/../lib/gcc/arm-none-eabi/7.3.1/../../../../arm-none-eabi/lib/thumb/v7-m\libc_nano.a(lib_a-exit.o)
 .data          0x0000000000000000        0x0 c:/st/stm32cubeide_1.4.0/stm32cubeide/plugins/com.st.stm32cube.ide.mcu.externaltools.gnu-tools-for-stm32.7-2018-q2-update.win32_1.4.0.202007081208/tools/bin/../lib/gcc/arm-none-eabi/7.3.1/../../../../arm-none-eabi/lib/thumb/v7-m\libc_nano.a(lib_a-exit.o)
 .bss           0x0000000000000000        0x0 c:/st/stm32cubeide_1.4.0/stm32cubeide/plugins/com.st.stm32cube.ide.mcu.externaltools.gnu-tools-for-stm32.7-2018-q2-update.win32_1.4.0.202007081208/tools/bin/../lib/gcc/arm-none-eabi/7.3.1/../../../../arm-none-eabi/lib/thumb/v7-m\libc_nano.a(lib_a-exit.o)
 .text.exit     0x0000000000000000       0x28 c:/st/stm32cubeide_1.4.0/stm32cubeide/plugins/com.st.stm32cube.ide.mcu.externaltools.gnu-tools-for-stm32.7-2018-q2-update.win32_1.4.0.202007081208/tools/bin/../lib/gcc/arm-none-eabi/7.3.1/../../../../arm-none-eabi/lib/thumb/v7-m\libc_nano.a(lib_a-exit.o)
 .debug_frame   0x0000000000000000       0x28 c:/st/stm32cubeide_1.4.0/stm32cubeide/plugins/com.st.stm32cube.ide.mcu.externaltools.gnu-tools-for-stm32.7-2018-q2-update.win32_1.4.0.202007081208/tools/bin/../lib/gcc/arm-none-eabi/7.3.1/../../../../arm-none-eabi/lib/thumb/v7-m\libc_nano.a(lib_a-exit.o)
 .ARM.attributes
                0x0000000000000000       0x2d c:/st/stm32cubeide_1.4.0/stm32cubeide/plugins/com.st.stm32cube.ide.mcu.externaltools.gnu-tools-for-stm32.7-2018-q2-update.win32_1.4.0.202007081208/tools/bin/../lib/gcc/arm-none-eabi/7.3.1/../../../../arm-none-eabi/lib/thumb/v7-m\libc_nano.a(lib_a-exit.o)
 .text          0x0000000000000000        0x0 c:/st/stm32cubeide_1.4.0/stm32cubeide/plugins/com.st.stm32cube.ide.mcu.externaltools.gnu-tools-for-stm32.7-2018-q2-update.win32_1.4.0.202007081208/tools/bin/../lib/gcc/arm-none-eabi/7.3.1/../../../../arm-none-eabi/lib/thumb/v7-m\libc_nano.a(lib_a-impure.o)
 .data          0x0000000000000000        0x0 c:/st/stm32cubeide_1.4.0/stm32cubeide/plugins/com.st.stm32cube.ide.mcu.externaltools.gnu-tools-for-stm32.7-2018-q2-update.win32_1.4.0.202007081208/tools/bin/../lib/gcc/arm-none-eabi/7.3.1/../../../../arm-none-eabi/lib/thumb/v7-m\libc_nano.a(lib_a-impure.o)
 .bss           0x0000000000000000        0x0 c:/st/stm32cubeide_1.4.0/stm32cubeide/plugins/com.st.stm32cube.ide.mcu.externaltools.gnu-tools-for-stm32.7-2018-q2-update.win32_1.4.0.202007081208/tools/bin/../lib/gcc/arm-none-eabi/7.3.1/../../../../arm-none-eabi/lib/thumb/v7-m\libc_nano.a(lib_a-impure.o)
 .data._impure_ptr
                0x0000000000000000        0x4 c:/st/stm32cubeide_1.4.0/stm32cubeide/plugins/com.st.stm32cube.ide.mcu.externaltools.gnu-tools-for-stm32.7-2018-q2-update.win32_1.4.0.202007081208/tools/bin/../lib/gcc/arm-none-eabi/7.3.1/../../../../arm-none-eabi/lib/thumb/v7-m\libc_nano.a(lib_a-impure.o)
 .data.impure_data
                0x0000000000000000       0x60 c:/st/stm32cubeide_1.4.0/stm32cubeide/plugins/com.st.stm32cube.ide.mcu.externaltools.gnu-tools-for-stm32.7-2018-q2-update.win32_1.4.0.202007081208/tools/bin/../lib/gcc/arm-none-eabi/7.3.1/../../../../arm-none-eabi/lib/thumb/v7-m\libc_nano.a(lib_a-impure.o)
 .rodata._global_impure_ptr
                0x0000000000000000        0x4 c:/st/stm32cubeide_1.4.0/stm32cubeide/plugins/com.st.stm32cube.ide.mcu.externaltools.gnu-tools-for-stm32.7-2018-q2-update.win32_1.4.0.202007081208/tools/bin/../lib/gcc/arm-none-eabi/7.3.1/../../../../arm-none-eabi/lib/thumb/v7-m\libc_nano.a(lib_a-impure.o)
 .ARM.attributes
                0x0000000000000000       0x2d c:/st/stm32cubeide_1.4.0/stm32cubeide/plugins/com.st.stm32cube.ide.mcu.externaltools.gnu-tools-for-stm32.7-2018-q2-update.win32_1.4.0.202007081208/tools/bin/../lib/gcc/arm-none-eabi/7.3.1/../../../../arm-none-eabi/lib/thumb/v7-m\libc_nano.a(lib_a-impure.o)
 .text          0x0000000000000000        0x0 c:/st/stm32cubeide_1.4.0/stm32cubeide/plugins/com.st.stm32cube.ide.mcu.externaltools.gnu-tools-for-stm32.7-2018-q2-update.win32_1.4.0.202007081208/tools/bin/../lib/gcc/arm-none-eabi/7.3.1/../../../../arm-none-eabi/lib/thumb/v7-m\libc_nano.a(lib_a-init.o)
 .data          0x0000000000000000        0x0 c:/st/stm32cubeide_1.4.0/stm32cubeide/plugins/com.st.stm32cube.ide.mcu.externaltools.gnu-tools-for-stm32.7-2018-q2-update.win32_1.4.0.202007081208/tools/bin/../lib/gcc/arm-none-eabi/7.3.1/../../../../arm-none-eabi/lib/thumb/v7-m\libc_nano.a(lib_a-init.o)
 .bss           0x0000000000000000        0x0 c:/st/stm32cubeide_1.4.0/stm32cubeide/plugins/com.st.stm32cube.ide.mcu.externaltools.gnu-tools-for-stm32.7-2018-q2-update.win32_1.4.0.202007081208/tools/bin/../lib/gcc/arm-none-eabi/7.3.1/../../../../arm-none-eabi/lib/thumb/v7-m\libc_nano.a(lib_a-init.o)
 .text          0x0000000000000000        0x0 c:/st/stm32cubeide_1.4.0/stm32cubeide/plugins/com.st.stm32cube.ide.mcu.externaltools.gnu-tools-for-stm32.7-2018-q2-update.win32_1.4.0.202007081208/tools/bin/../lib/gcc/arm-none-eabi/7.3.1/../../../../arm-none-eabi/lib/thumb/v7-m\libc_nano.a(lib_a-memset.o)
 .data          0x0000000000000000        0x0 c:/st/stm32cubeide_1.4.0/stm32cubeide/plugins/com.st.stm32cube.ide.mcu.externaltools.gnu-tools-for-stm32.7-2018-q2-update.win32_1.4.0.202007081208/tools/bin/../lib/gcc/arm-none-eabi/7.3.1/../../../../arm-none-eabi/lib/thumb/v7-m\libc_nano.a(lib_a-memset.o)
 .bss           0x0000000000000000        0x0 c:/st/stm32cubeide_1.4.0/stm32cubeide/plugins/com.st.stm32cube.ide.mcu.externaltools.gnu-tools-for-stm32.7-2018-q2-update.win32_1.4.0.202007081208/tools/bin/../lib/gcc/arm-none-eabi/7.3.1/../../../../arm-none-eabi/lib/thumb/v7-m\libc_nano.a(lib_a-memset.o)
 .text.memset   0x0000000000000000       0x10 c:/st/stm32cubeide_1.4.0/stm32cubeide/plugins/com.st.stm32cube.ide.mcu.externaltools.gnu-tools-for-stm32.7-2018-q2-update.win32_1.4.0.202007081208/tools/bin/../lib/gcc/arm-none-eabi/7.3.1/../../../../arm-none-eabi/lib/thumb/v7-m\libc_nano.a(lib_a-memset.o)
 .debug_frame   0x0000000000000000       0x20 c:/st/stm32cubeide_1.4.0/stm32cubeide/plugins/com.st.stm32cube.ide.mcu.externaltools.gnu-tools-for-stm32.7-2018-q2-update.win32_1.4.0.202007081208/tools/bin/../lib/gcc/arm-none-eabi/7.3.1/../../../../arm-none-eabi/lib/thumb/v7-m\libc_nano.a(lib_a-memset.o)
 .ARM.attributes
                0x0000000000000000       0x2d c:/st/stm32cubeide_1.4.0/stm32cubeide/plugins/com.st.stm32cube.ide.mcu.externaltools.gnu-tools-for-stm32.7-2018-q2-update.win32_1.4.0.202007081208/tools/bin/../lib/gcc/arm-none-eabi/7.3.1/../../../../arm-none-eabi/lib/thumb/v7-m\libc_nano.a(lib_a-memset.o)
 .text          0x0000000000000000        0x0 c:/st/stm32cubeide_1.4.0/stm32cubeide/plugins/com.st.stm32cube.ide.mcu.externaltools.gnu-tools-for-stm32.7-2018-q2-update.win32_1.4.0.202007081208/tools/bin/../lib/gcc/arm-none-eabi/7.3.1/thumb/v7-m/crtend.o
 .data          0x0000000000000000        0x0 c:/st/stm32cubeide_1.4.0/stm32cubeide/plugins/com.st.stm32cube.ide.mcu.externaltools.gnu-tools-for-stm32.7-2018-q2-update.win32_1.4.0.202007081208/tools/bin/../lib/gcc/arm-none-eabi/7.3.1/thumb/v7-m/crtend.o
 .bss           0x0000000000000000        0x0 c:/st/stm32cubeide_1.4.0/stm32cubeide/plugins/com.st.stm32cube.ide.mcu.externaltools.gnu-tools-for-stm32.7-2018-q2-update.win32_1.4.0.202007081208/tools/bin/../lib/gcc/arm-none-eabi/7.3.1/thumb/v7-m/crtend.o
 .eh_frame      0x0000000000000000        0x4 c:/st/stm32cubeide_1.4.0/stm32cubeide/plugins/com.st.stm32cube.ide.mcu.externaltools.gnu-tools-for-stm32.7-2018-q2-update.win32_1.4.0.202007081208/tools/bin/../lib/gcc/arm-none-eabi/7.3.1/thumb/v7-m/crtend.o
 .ARM.attributes
                0x0000000000000000       0x2d c:/st/stm32cubeide_1.4.0/stm32cubeide/plugins/com.st.stm32cube.ide.mcu.externaltools.gnu-tools-for-stm32.7-2018-q2-update.win32_1.4.0.202007081208/tools/bin/../lib/gcc/arm-none-eabi/7.3.1/thumb/v7-m/crtend.o
 .text          0x0000000000000000        0x0 c:/st/stm32cubeide_1.4.0/stm32cubeide/plugins/com.st.stm32cube.ide.mcu.externaltools.gnu-tools-for-stm32.7-2018-q2-update.win32_1.4.0.202007081208/tools/bin/../lib/gcc/arm-none-eabi/7.3.1/thumb/v7-m/crtn.o
 .data          0x0000000000000000        0x0 c:/st/stm32cubeide_1.4.0/stm32cubeide/plugins/com.st.stm32cube.ide.mcu.externaltools.gnu-tools-for-stm32.7-2018-q2-update.win32_1.4.0.202007081208/tools/bin/../lib/gcc/arm-none-eabi/7.3.1/thumb/v7-m/crtn.o
 .bss           0x0000000000000000        0x0 c:/st/stm32cubeide_1.4.0/stm32cubeide/plugins/com.st.stm32cube.ide.mcu.externaltools.gnu-tools-for-stm32.7-2018-q2-update.win32_1.4.0.202007081208/tools/bin/../lib/gcc/arm-none-eabi/7.3.1/thumb/v7-m/crtn.o

Memory Configuration

Name             Origin             Length             Attributes
RAM              0x0000000020000000 0x0000000000002800 xrw
ROM              0x0000000008000000 0x0000000000008000 xr
*default*        0x0000000000000000 0xffffffffffffffff

Linker script and memory map

LOAD c:/st/stm32cubeide_1.4.0/stm32cubeide/plugins/com.st.stm32cube.ide.mcu.externaltools.gnu-tools-for-stm32.7-2018-q2-update.win32_1.4.0.202007081208/tools/bin/../lib/gcc/arm-none-eabi/7.3.1/thumb/v7-m/crti.o
LOAD c:/st/stm32cubeide_1.4.0/stm32cubeide/plugins/com.st.stm32cube.ide.mcu.externaltools.gnu-tools-for-stm32.7-2018-q2-update.win32_1.4.0.202007081208/tools/bin/../lib/gcc/arm-none-eabi/7.3.1/thumb/v7-m/crtbegin.o
LOAD c:/st/stm32cubeide_1.4.0/stm32cubeide/plugins/com.st.stm32cube.ide.mcu.externaltools.gnu-tools-for-stm32.7-2018-q2-update.win32_1.4.0.202007081208/tools/bin/../lib/gcc/arm-none-eabi/7.3.1/../../../../arm-none-eabi/lib/thumb/v7-m/crt0.o
LOAD HAL/Keypad.o
LOAD HAL/LCD.o
LOAD STM32_F103C6_Driver/STM32F103C6_EXTI_Driver.o
LOAD STM32_F103C6_Driver/STM32F103C6_GPIO_Driver.o
LOAD Src/main.o
LOAD Src/syscalls.o
LOAD Src/sysmem.o
LOAD Startup/startup_stm32f103c6tx.o
START GROUP
LOAD c:/st/stm32cubeide_1.4.0/stm32cubeide/plugins/com.st.stm32cube.ide.mcu.externaltools.gnu-tools-for-stm32.7-2018-q2-update.win32_1.4.0.202007081208/tools/bin/../lib/gcc/arm-none-eabi/7.3.1/../../../../arm-none-eabi/lib/thumb/v7-m\libc_nano.a
LOAD c:/st/stm32cubeide_1.4.0/stm32cubeide/plugins/com.st.stm32cube.ide.mcu.externaltools.gnu-tools-for-stm32.7-2018-q2-update.win32_1.4.0.202007081208/tools/bin/../lib/gcc/arm-none-eabi/7.3.1/../../../../arm-none-eabi/lib/thumb/v7-m\libm.a
END GROUP
START GROUP
LOAD c:/st/stm32cubeide_1.4.0/stm32cubeide/plugins/com.st.stm32cube.ide.mcu.externaltools.gnu-tools-for-stm32.7-2018-q2-update.win32_1.4.0.202007081208/tools/bin/../lib/gcc/arm-none-eabi/7.3.1/thumb/v7-m\libgcc.a
LOAD c:/st/stm32cubeide_1.4.0/stm32cubeide/plugins/com.st.stm32cube.ide.mcu.externaltools.gnu-tools-for-stm32.7-2018-q2-update.win32_1.4.0.202007081208/tools/bin/../lib/gcc/arm-none-eabi/7.3.1/../../../../arm-none-eabi/lib/thumb/v7-m\libg_nano.a
LOAD c:/st/stm32cubeide_1.4.0/stm32cubeide/plugins/com.st.stm32cube.ide.mcu.externaltools.gnu-tools-for-stm32.7-2018-q2-update.win32_1.4.0.202007081208/tools/bin/../lib/gcc/arm-none-eabi/7.3.1/../../../../arm-none-eabi/lib/thumb/v7-m\libc_nano.a
END GROUP
START GROUP
LOAD c:/st/stm32cubeide_1.4.0/stm32cubeide/plugins/com.st.stm32cube.ide.mcu.externaltools.gnu-tools-for-stm32.7-2018-q2-update.win32_1.4.0.202007081208/tools/bin/../lib/gcc/arm-none-eabi/7.3.1/thumb/v7-m\libgcc.a
LOAD c:/st/stm32cubeide_1.4.0/stm32cubeide/plugins/com.st.stm32cube.ide.mcu.externaltools.gnu-tools-for-stm32.7-2018-q2-update.win32_1.4.0.202007081208/tools/bin/../lib/gcc/arm-none-eabi/7.3.1/../../../../arm-none-eabi/lib/thumb/v7-m\libc_nano.a
LOAD c:/st/stm32cubeide_1.4.0/stm32cubeide/plugins/com.st.stm32cube.ide.mcu.externaltools.gnu-tools-for-stm32.7-2018-q2-update.win32_1.4.0.202007081208/tools/bin/../lib/gcc/arm-none-eabi/7.3.1/../../../../arm-none-eabi/lib/thumb/v7-m\libnosys.a
END GROUP
START GROUP
LOAD c:/st/stm32cubeide_1.4.0/stm32cubeide/plugins/com.st.stm32cube.ide.mcu.externaltools.gnu-tools-for-stm32.7-2018-q2-update.win32_1.4.0.202007081208/tools/bin/../lib/gcc/arm-none-eabi/7.3.1/thumb/v7-m\libgcc.a
LOAD c:/st/stm32cubeide_1.4.0/stm32cubeide/plugins/com.st.stm32cube.ide.mcu.externaltools.gnu-tools-for-stm32.7-2018-q2-update.win32_1.4.0.202007081208/tools/bin/../lib/gcc/arm-none-eabi/7.3.1/../../../../arm-none-eabi/lib/thumb/v7-m\libc_nano.a
LOAD c:/st/stm32cubeide_1.4.0/stm32cubeide/plugins/com.st.stm32cube.ide.mcu.externaltools.gnu-tools-for-stm32.7-2018-q2-update.win32_1.4.0.202007081208/tools/bin/../lib/gcc/arm-none-eabi/7.3.1/../../../../arm-none-eabi/lib/thumb/v7-m\libnosys.a
END GROUP
LOAD c:/st/stm32cubeide_1.4.0/stm32cubeide/plugins/com.st.stm32cube.ide.mcu.externaltools.gnu-tools-for-stm32.7-2018-q2-update.win32_1.4.0.202007081208/tools/bin/../lib/gcc/arm-none-eabi/7.3.1/thumb/v7-m/crtend.o
LOAD c:/st/stm32cubeide_1.4.0/stm32cubeide/plugins/com.st.stm32cube.ide.mcu.externaltools.gnu-tools-for-stm32.7-2018-q2-update.win32_1.4.0.202007081208/tools/bin/../lib/gcc/arm-none-eabi/7.3.1/thumb/v7-m/crtn.o
                0x0000000020002800                _estack = (ORIGIN (RAM) + LENGTH (RAM))
                0x0000000000000200                _Min_Heap_Size = 0x200
                0x0000000000000400                _Min_Stack_Size = 0x400

.isr_vector     0x0000000008000000      0x130
                0x0000000008000000                . = ALIGN (0x4)
 *(.isr_vector)
 .isr_vector    0x0000000008000000      0x130 Startup/startup_stm32f103c6tx.o
                0x0000000008000000                g_pfnVectors
                0x0000000008000130                . = ALIGN (0x4)

.text           0x0000000008000130      0x758
                0x0000000008000130                . = ALIGN (0x4)
 *(.text)
 .text          0x0000000008000130       0x40 c:/st/stm32cubeide_1.4.0/stm32cubeide/plugins/com.st.stm32cube.ide.mcu.externaltools.gnu-tools-for-stm32.7-2018-q2-update.win32_1.4.0.202007081208/tools/bin/../lib/gcc/arm-none-eabi/7.3.1/thumb/v7-m/crtbegin.o
 *(.text*)
 .text.UPDATE_EXTI
                0x0000000008000170      0x234 STM32_F103C6_Driver/STM32F103C6_EXTI_Driver.o
                0x0000000008000170                UPDATE_EXTI
 .text.MCAL_EXTI_GPIO_Init
                0x00000000080003a4       0x16 STM32_F103C6_Driver/STM32F103C6_EXTI_Driver.o
                0x00000000080003a4                MCAL_EXTI_GPIO_Init
 *fill*         0x00000000080003ba        0x2 
 .text.EXTI0_IRQHandler
                0x00000000080003bc       0x24 STM32_F103C6_Driver/STM32F103C6_EXTI_Driver.o
                0x00000000080003bc                EXTI0_IRQHandler
 .text.EXTI1_IRQHandler
                0x00000000080003e0       0x24 STM32_F103C6_Driver/STM32F103C6_EXTI_Driver.o
                0x00000000080003e0                EXTI1_IRQHandler
 .text.EXTI2_IRQHandler
                0x0000000008000404       0x24 STM32_F103C6_Driver/STM32F103C6_EXTI_Driver.o
                0x0000000008000404                EXTI2_IRQHandler
 .text.EXTI3_IRQHandler
                0x0000000008000428       0x24 STM32_F103C6_Driver/STM32F103C6_EXTI_Driver.o
                0x0000000008000428                EXTI3_IRQHandler
 .text.EXTI4_IRQHandler
                0x000000000800044c       0x24 STM32_F103C6_Driver/STM32F103C6_EXTI_Driver.o
                0x000000000800044c                EXTI4_IRQHandler
 .text.EXTI9_5_IRQHandler
                0x0000000008000470       0xa8 STM32_F103C6_Driver/STM32F103C6_EXTI_Driver.o
                0x0000000008000470                EXTI9_5_IRQHandler
 .text.EXTI15_10_IRQHandler
                0x0000000008000518       0xc4 STM32_F103C6_Driver/STM32F103C6_EXTI_Driver.o
                0x0000000008000518                EXTI15_10_IRQHandler
 .text.Get_CRLH_Position
                0x00000000080005dc       0xc6 STM32_F103C6_Driver/STM32F103C6_GPIO_Driver.o
                0x00000000080005dc                Get_CRLH_Position
 .text.MCAL_GPIO_Init
                0x00000000080006a2       0xd0 STM32_F103C6_Driver/STM32F103C6_GPIO_Driver.o
                0x00000000080006a2                MCAL_GPIO_Init
 *fill*         0x0000000008000772        0x2 
 .text.EXTI9PB9_Callback
                0x0000000008000774       0x18 Src/main.o
                0x0000000008000774                EXTI9PB9_Callback
 .text.main     0x000000000800078c       0x48 Src/main.o
                0x000000000800078c                main
 .text.Reset_Handler
                0x00000000080007d4       0x50 Startup/startup_stm32f103c6tx.o
                0x00000000080007d4                Reset_Handler
 .text.Default_Handler
                0x0000000008000824        0x2 Startup/startup_stm32f103c6tx.o
                0x0000000008000824                TIM8_TRG_COM_IRQHandler
                0x0000000008000824                TIM8_CC_IRQHandler
                0x0000000008000824                DebugMon_Handler
                0x0000000008000824                TIM1_CC_IRQHandler
                0x0000000008000824                HardFault_Handler
                0x0000000008000824                TIM6_IRQHandler
                0x0000000008000824                SysTick_Handler
                0x0000000008000824                PVD_IRQHandler
                0x0000000008000824                SDIO_IRQHandler
                0x0000000008000824                PendSV_Handler
                0x0000000008000824                NMI_Handler
                0x0000000008000824                USB_HP_CAN_TX_IRQHandler
                0x0000000008000824                I2C2_EV_IRQHandler
                0x0000000008000824                UsageFault_Handler
                0x0000000008000824                ADC1_2_IRQHandler
                0x0000000008000824                SPI1_IRQHandler
                0x0000000008000824                CAN_SCE_IRQHandler
                0x0000000008000824                TAMPER_IRQHandler
                0x0000000008000824                TIM8_UP_IRQHandler
                0x0000000008000824                DMA2_Channel2_IRQHandler
                0x0000000008000824                DMA1_Channel4_IRQHandler
                0x0000000008000824                USART3_IRQHandler
                0x0000000008000824                RTC_IRQHandler
                0x0000000008000824                DMA1_Channel7_IRQHandler
                0x0000000008000824                UART5_IRQHandler
                0x0000000008000824                ADC3_IRQHandler
                0x0000000008000824                TIM4_IRQHandler
                0x0000000008000824                CAN_RX1_IRQHandler
                0x0000000008000824                DMA2_Channel1_IRQHandler
                0x0000000008000824                I2C1_EV_IRQHandler
                0x0000000008000824                DMA1_Channel6_IRQHandler
                0x0000000008000824                UART4_IRQHandler
                0x0000000008000824                TIM3_IRQHandler
                0x0000000008000824                RCC_IRQHandler
                0x0000000008000824                TIM1_TRG_COM_IRQHandler
                0x0000000008000824                DMA1_Channel1_IRQHandler
                0x0000000008000824                Default_Handler
                0x0000000008000824                TIM7_IRQHandler
                0x0000000008000824                TIM5_IRQHandler
                0x0000000008000824                SPI2_IRQHandler
                0x0000000008000824                USB_LP_CAN_RX0_IRQHandler
                0x0000000008000824                MemManage_Handler
                0x0000000008000824                SVC_Handler
                0x0000000008000824                DMA1_Channel5_IRQHandler
                0x0000000008000824                DMA1_Channel3_IRQHandler
                0x0000000008000824                FSMC_IRQHandler
                0x0000000008000824                TIM1_UP_IRQHandler
                0x0000000008000824                WWDG_IRQHandler
                0x0000000008000824                TIM2_IRQHandler
                0x0000000008000824                TIM1_BRK_IRQHandler
                0x0000000008000824                RTCAlarm_IRQHandler
                0x0000000008000824                DMA2_Channel4_5_IRQHandler
                0x0000000008000824                USART2_IRQHandler
                0x0000000008000824                I2C2_ER_IRQHandler
                0x0000000008000824                DMA1_Channel2_IRQHandler
                0x0000000008000824                TIM8_BRK_IRQHandler
                0x0000000008000824                FLASH_IRQHandler
                0x0000000008000824                BusFault_Handler
                0x0000000008000824                USART1_IRQHandler
                0x0000000008000824                SPI3_IRQHandler
                0x0000000008000824                I2C1_ER_IRQHandler
                0x0000000008000824                DMA2_Channel3_IRQHandler
 *fill*         0x0000000008000826        0x2 
 .text.__libc_init_array
                0x0000000008000828       0x48 c:/st/stm32cubeide_1.4.0/stm32cubeide/plugins/com.st.stm32cube.ide.mcu.externaltools.gnu-tools-for-stm32.7-2018-q2-update.win32_1.4.0.202007081208/tools/bin/../lib/gcc/arm-none-eabi/7.3.1/../../../../arm-none-eabi/lib/thumb/v7-m\libc_nano.a(lib_a-init.o)
                0x0000000008000828                __libc_init_array
 *(.glue_7)
 .glue_7        0x0000000008000870        0x0 linker stubs
 *(.glue_7t)
 .glue_7t       0x0000000008000870        0x0 linker stubs
 *(.eh_frame)
 .eh_frame      0x0000000008000870        0x0 c:/st/stm32cubeide_1.4.0/stm32cubeide/plugins/com.st.stm32cube.ide.mcu.externaltools.gnu-tools-for-stm32.7-2018-q2-update.win32_1.4.0.202007081208/tools/bin/../lib/gcc/arm-none-eabi/7.3.1/thumb/v7-m/crtbegin.o
 *(.init)
 .init          0x0000000008000870        0x4 c:/st/stm32cubeide_1.4.0/stm32cubeide/plugins/com.st.stm32cube.ide.mcu.externaltools.gnu-tools-for-stm32.7-2018-q2-update.win32_1.4.0.202007081208/tools/bin/../lib/gcc/arm-none-eabi/7.3.1/thumb/v7-m/crti.o
                0x0000000008000870                _init
 .init          0x0000000008000874        0x8 c:/st/stm32cubeide_1.4.0/stm32cubeide/plugins/com.st.stm32cube.ide.mcu.externaltools.gnu-tools-for-stm32.7-2018-q2-update.win32_1.4.0.202007081208/tools/bin/../lib/gcc/arm-none-eabi/7.3.1/thumb/v7-m/crtn.o
 *(.fini)
 .fini          0x000000000800087c        0x4 c:/st/stm32cubeide_1.4.0/stm32cubeide/plugins/com.st.stm32cube.ide.mcu.externaltools.gnu-tools-for-stm32.7-2018-q2-update.win32_1.4.0.202007081208/tools/bin/../lib/gcc/arm-none-eabi/7.3.1/thumb/v7-m/crti.o
                0x000000000800087c                _fini
 .fini          0x0000000008000880        0x8 c:/st/stm32cubeide_1.4.0/stm32cubeide/plugins/com.st.stm32cube.ide.mcu.externaltools.gnu-tools-for-stm32.7-2018-q2-update.win32_1.4.0.202007081208/tools/bin/../lib/gcc/arm-none-eabi/7.3.1/thumb/v7-m/crtn.o
                0x0000000008000888                . = ALIGN (0x4)
                0x0000000008000888                _etext = .

.vfp11_veneer   0x0000000008000888        0x0
 .vfp11_veneer  0x0000000008000888        0x0 linker stubs

.v4_bx          0x0000000008000888        0x0
 .v4_bx         0x0000000008000888        0x0 linker stubs

.iplt           0x0000000008000888        0x0
 .iplt          0x0000000008000888        0x0 c:/st/stm32cubeide_1.4.0/stm32cubeide/plugins/com.st.stm32cube.ide.mcu.externaltools.gnu-tools-for-stm32.7-2018-q2-update.win32_1.4.0.202007081208/tools/bin/../lib/gcc/arm-none-eabi/7.3.1/thumb/v7-m/crtbegin.o

.rodata         0x0000000008000888        0xc
                0x0000000008000888                . = ALIGN (0x4)
 *(.rodata)
 .rodata        0x0000000008000888        0xc Src/main.o
 *(.rodata*)
                0x0000000008000894                . = ALIGN (0x4)

.rel.dyn        0x0000000008000894        0x0
 .rel.iplt      0x0000000008000894        0x0 c:/st/stm32cubeide_1.4.0/stm32cubeide/plugins/com.st.stm32cube.ide.mcu.externaltools.gnu-tools-for-stm32.7-2018-q2-update.win32_1.4.0.202007081208/tools/bin/../lib/gcc/arm-none-eabi/7.3.1/thumb/v7-m/crtbegin.o

.ARM.extab      0x0000000008000894        0x0
                0x0000000008000894                . = ALIGN (0x4)
 *(.ARM.extab* .gnu.linkonce.armextab.*)
                0x0000000008000894                . = ALIGN (0x4)

.ARM            0x0000000008000894        0x0
                0x0000000008000894                . = ALIGN (0x4)
                0x0000000008000894                __exidx_start = .
 *(.ARM.exidx*)
                0x0000000008000894                __exidx_end = .
                0x0000000008000894                . = ALIGN (0x4)

.preinit_array  0x0000000008000894        0x0
                0x0000000008000894                . = ALIGN (0x4)
                0x0000000008000894                PROVIDE (__preinit_array_start = .)
 *(.preinit_array*)
                0x0000000008000894                PROVIDE (__preinit_array_end = .)
                0x0000000008000894                . = ALIGN (0x4)

.init_array     0x0000000008000894        0x4
                0x0000000008000894                . = ALIGN (0x4)
                0x0000000008000894                PROVIDE (__init_array_start = .)
 *(SORT_BY_NAME(.init_array.*))
 *(.init_array*)
 .init_array    0x0000000008000894        0x4 c:/st/stm32cubeide_1.4.0/stm32cubeide/plugins/com.st.stm32cube.ide.mcu.externaltools.gnu-tools-for-stm32.7-2018-q2-update.win32_1.4.0.202007081208/tools/bin/../lib/gcc/arm-none-eabi/7.3.1/thumb/v7-m/crtbegin.o
                0x0000000008000898                PROVIDE (__init_array_end = .)
                0x0000000008000898                . = ALIGN (0x4)

.fini_array     0x0000000008000898        0x4
                0x0000000008000898                . = ALIGN (0x4)
                [!provide]                        PROVIDE (__fini_array_start = .)
 *(SORT_BY_NAME(.fini_array.*))
 *(.fini_array*)
 .fini_array    0x0000000008000898        0x4 c:/st/stm32cubeide_1.4.0/stm32cubeide/plugins/com.st.stm32cube.ide.mcu.externaltools.gnu-tools-for-stm32.7-2018-q2-update.win32_1.4.0.202007081208/tools/bin/../lib/gcc/arm-none-eabi/7.3.1/thumb/v7-m/crtbegin.o
                [!provide]                        PROVIDE (__fini_array_end = .)
                0x000000000800089c                . = ALIGN (0x4)
                0x000000000800089c                _sidata = LOADADDR (.data)

.data           0x0000000020000000        0x0 load address 0x000000000800089c
                0x0000000020000000                . = ALIGN (0x4)
                0x0000000020000000                _sdata = .
 *(.data)
 *(.data*)
                0x0000000020000000                . = ALIGN (0x4)
                0x0000000020000000                _edata = .

.igot.plt       0x0000000020000000        0x0 load address 0x000000000800089c
 .igot.plt      0x0000000020000000        0x0 c:/st/stm32cubeide_1.4.0/stm32cubeide/plugins/com.st.stm32cube.ide.mcu.externaltools.gnu-tools-for-stm32.7-2018-q2-update.win32_1.4.0.202007081208/tools/bin/../lib/gcc/arm-none-eabi/7.3.1/thumb/v7-m/crtbegin.o
                0x0000000020000000                . = ALIGN (0x4)

.bss            0x0000000020000000       0x5c load address 0x000000000800089c
                0x0000000020000000                _sbss = .
                0x0000000020000000                __bss_start__ = _sbss
 *(.bss)
 .bss           0x0000000020000000       0x1c c:/st/stm32cubeide_1.4.0/stm32cubeide/plugins/com.st.stm32cube.ide.mcu.externaltools.gnu-tools-for-stm32.7-2018-q2-update.win32_1.4.0.202007081208/tools/bin/../lib/gcc/arm-none-eabi/7.3.1/thumb/v7-m/crtbegin.o
 *(.bss*)
 *(COMMON)
 COMMON         0x000000002000001c       0x3c STM32_F103C6_Driver/STM32F103C6_EXTI_Driver.o
                0x000000002000001c                GP_IRQ_CALLBACK
 COMMON         0x0000000020000058        0x4 Src/main.o
                0x0000000020000058                IRQ_Flag
                0x000000002000005c                . = ALIGN (0x4)
                0x000000002000005c                _ebss = .
                0x000000002000005c                __bss_end__ = _ebss

._user_heap_stack
                0x000000002000005c      0x604 load address 0x000000000800089c
                0x0000000020000060                . = ALIGN (0x8)
 *fill*         0x000000002000005c        0x4 
                [!provide]                        PROVIDE (end = .)
                0x0000000020000060                PROVIDE (_end = .)
                0x0000000020000260                . = (. + _Min_Heap_Size)
 *fill*         0x0000000020000060      0x200 
                0x0000000020000660                . = (. + _Min_Stack_Size)
 *fill*         0x0000000020000260      0x400 
                0x0000000020000660                . = ALIGN (0x8)

/DISCARD/
 libc.a(*)
 libm.a(*)
 libgcc.a(*)

.ARM.attributes
                0x0000000000000000       0x29
 *(.ARM.attributes)
 .ARM.attributes
                0x0000000000000000       0x1d c:/st/stm32cubeide_1.4.0/stm32cubeide/plugins/com.st.stm32cube.ide.mcu.externaltools.gnu-tools-for-stm32.7-2018-q2-update.win32_1.4.0.202007081208/tools/bin/../lib/gcc/arm-none-eabi/7.3.1/thumb/v7-m/crti.o
 .ARM.attributes
                0x000000000000001d       0x2d c:/st/stm32cubeide_1.4.0/stm32cubeide/plugins/com.st.stm32cube.ide.mcu.externaltools.gnu-tools-for-stm32.7-2018-q2-update.win32_1.4.0.202007081208/tools/bin/../lib/gcc/arm-none-eabi/7.3.1/thumb/v7-m/crtbegin.o
 .ARM.attributes
                0x000000000000004a       0x33 STM32_F103C6_Driver/STM32F103C6_EXTI_Driver.o
 .ARM.attributes
                0x000000000000007d       0x33 STM32_F103C6_Driver/STM32F103C6_GPIO_Driver.o
 .ARM.attributes
                0x00000000000000b0       0x33 Src/main.o
 .ARM.attributes
                0x00000000000000e3       0x21 Startup/startup_stm32f103c6tx.o
 .ARM.attributes
                0x0000000000000104       0x2d c:/st/stm32cubeide_1.4.0/stm32cubeide/plugins/com.st.stm32cube.ide.mcu.externaltools.gnu-tools-for-stm32.7-2018-q2-update.win32_1.4.0.202007081208/tools/bin/../lib/gcc/arm-none-eabi/7.3.1/../../../../arm-none-eabi/lib/thumb/v7-m\libc_nano.a(lib_a-init.o)
 .ARM.attributes
                0x0000000000000131       0x1d c:/st/stm32cubeide_1.4.0/stm32cubeide/plugins/com.st.stm32cube.ide.mcu.externaltools.gnu-tools-for-stm32.7-2018-q2-update.win32_1.4.0.202007081208/tools/bin/../lib/gcc/arm-none-eabi/7.3.1/thumb/v7-m/crtn.o
OUTPUT(unit7_L4_lab1_STM32F103C6_Driver.elf elf32-littlearm)

.debug_info     0x0000000000000000     0x278b
 .debug_info    0x0000000000000000      0xd5f STM32_F103C6_Driver/STM32F103C6_EXTI_Driver.o
 .debug_info    0x0000000000000d5f      0xdd4 STM32_F103C6_Driver/STM32F103C6_GPIO_Driver.o
 .debug_info    0x0000000000001b33      0xc36 Src/main.o
 .debug_info    0x0000000000002769       0x22 Startup/startup_stm32f103c6tx.o

.debug_abbrev   0x0000000000000000      0x5c9
 .debug_abbrev  0x0000000000000000      0x1e5 STM32_F103C6_Driver/STM32F103C6_EXTI_Driver.o
 .debug_abbrev  0x00000000000001e5      0x1f4 STM32_F103C6_Driver/STM32F103C6_GPIO_Driver.o
 .debug_abbrev  0x00000000000003d9      0x1de Src/main.o
 .debug_abbrev  0x00000000000005b7       0x12 Startup/startup_stm32f103c6tx.o

.debug_loc      0x0000000000000000      0x780
 .debug_loc     0x0000000000000000      0x268 STM32_F103C6_Driver/STM32F103C6_EXTI_Driver.o
 .debug_loc     0x0000000000000268      0x3b8 STM32_F103C6_Driver/STM32F103C6_GPIO_Driver.o
 .debug_loc     0x0000000000000620      0x160 Src/main.o

.debug_aranges  0x0000000000000000      0x148
 .debug_aranges
                0x0000000000000000       0x70 STM32_F103C6_Driver/STM32F103C6_EXTI_Driver.o
 .debug_aranges
                0x0000000000000070       0x70 STM32_F103C6_Driver/STM32F103C6_GPIO_Driver.o
 .debug_aranges
                0x00000000000000e0       0x40 Src/main.o
 .debug_aranges
                0x0000000000000120       0x28 Startup/startup_stm32f103c6tx.o

.debug_ranges   0x0000000000000000      0x110
 .debug_ranges  0x0000000000000000       0x60 STM32_F103C6_Driver/STM32F103C6_EXTI_Driver.o
 .debug_ranges  0x0000000000000060       0x60 STM32_F103C6_Driver/STM32F103C6_GPIO_Driver.o
 .debug_ranges  0x00000000000000c0       0x30 Src/main.o
 .debug_ranges  0x00000000000000f0       0x20 Startup/startup_stm32f103c6tx.o

.debug_macro    0x0000000000000000      0x9ff
 .debug_macro   0x0000000000000000      0x14e STM32_F103C6_Driver/STM32F103C6_EXTI_Driver.o
 .debug_macro   0x000000000000014e      0x21a STM32_F103C6_Driver/STM32F103C6_EXTI_Driver.o
 .debug_macro   0x0000000000000368       0xd0 STM32_F103C6_Driver/STM32F103C6_EXTI_Driver.o
 .debug_macro   0x0000000000000438      0x13f STM32_F103C6_Driver/STM32F103C6_GPIO_Driver.o
 .debug_macro   0x0000000000000577      0x15e Src/main.o
 .debug_macro   0x00000000000006d5      0x220 Src/main.o
 .debug_macro   0x00000000000008f5       0x52 Src/main.o
 .debug_macro   0x0000000000000947       0xb8 Src/main.o

.debug_line     0x0000000000000000     0x14c0
 .debug_line    0x0000000000000000      0x724 STM32_F103C6_Driver/STM32F103C6_EXTI_Driver.o
 .debug_line    0x0000000000000724      0x6b1 STM32_F103C6_Driver/STM32F103C6_GPIO_Driver.o
 .debug_line    0x0000000000000dd5      0x667 Src/main.o
 .debug_line    0x000000000000143c       0x84 Startup/startup_stm32f103c6tx.o

.debug_str      0x0000000000000000     0x947e
 .debug_str     0x0000000000000000     0x8f08 STM32_F103C6_Driver/STM32F103C6_EXTI_Driver.o
                                       0x9169 (size before relaxing)
 .debug_str     0x0000000000008f08      0x171 STM32_F103C6_Driver/STM32F103C6_GPIO_Driver.o
                                       0x7e1c (size before relaxing)
 .debug_str     0x0000000000009079      0x3d4 Src/main.o
                                       0x935e (size before relaxing)
 .debug_str     0x000000000000944d       0x31 Startup/startup_stm32f103c6tx.o
                                         0x8f (size before relaxing)

.comment        0x0000000000000000       0x7b
 .comment       0x0000000000000000       0x7b STM32_F103C6_Driver/STM32F103C6_EXTI_Driver.o
                                         0x7c (size before relaxing)
 .comment       0x000000000000007b       0x7c STM32_F103C6_Driver/STM32F103C6_GPIO_Driver.o
 .comment       0x000000000000007b       0x7c Src/main.o

.debug_frame    0x0000000000000000      0x3fc
 .debug_frame   0x0000000000000000      0x160 STM32_F103C6_Driver/STM32F103C6_EXTI_Driver.o
 .debug_frame   0x0000000000000160      0x1b8 STM32_F103C6_Driver/STM32F103C6_GPIO_Driver.o
 .debug_frame   0x0000000000000318       0xb8 Src/main.o
 .debug_frame   0x00000000000003d0       0x2c c:/st/stm32cubeide_1.4.0/stm32cubeide/plugins/com.st.stm32cube.ide.mcu.externaltools.gnu-tools-for-stm32.7-2018-q2-update.win32_1.4.0.202007081208/tools/bin/../lib/gcc/arm-none-eabi/7.3.1/../../../../arm-none-eabi/lib/thumb/v7-m\libc_nano.a(lib_a-init.o)
