
Allocating common symbols
Common symbol       size              file

PSD_state           0x4               PSD.o
AAD_state_id        0x1               main.o
PSD_state_id        0x1               PSD.o
ALG_state           0x4               main.o
M_state             0x4               main.o
ALG_state_id        0x1               main.o
M_state_id          0x1               main.o
AAD_state_ptr       0x4               main.o

Memory Configuration

Name             Origin             Length             Attributes
flash            0x08000000         0x00020000         xr
sram             0x20000000         0x00005000         xrw
*default*        0x00000000         0xffffffff

Linker script and memory map


.text           0x08000000      0x540
 *(.vectors*)
 .vectors       0x08000000       0x1c startup.o
                0x08000000                g_ptr_func_vectors
 *(.text*)
 .text          0x0800001c       0x90 PSD.o
                0x0800001c                PSD_init
                0x08000028                ST_PSD_reading
                0x08000050                ST_PSD_sending
                0x08000078                ST_PSD_waiting
 .text          0x080000ac       0xc4 startup.o
                0x080000ac                _reset
                0x08000164                _BUS_FAULT_handler
                0x08000164                _NMI_handler
                0x08000164                _DEFAULT_handler
                0x08000164                _MM_FAULT_handler
                0x08000164                _USAGE_FAULT_handler
                0x08000164                _HARD_FAULT_handler
 .text          0x08000170       0xd4 main.o
                0x08000170                setup
                0x080001cc                main
 .text          0x08000244       0x8c ALG.o
                0x08000244                set_pressure_val
                0x080002a4                ST_detection
 .text          0x080002d0       0xa4 MonitorAlarm.o
                0x080002d0                high_pressure_detect
                0x080002ec                ST_M_alarmOFF
                0x08000304                ST_M_alarmON
                0x08000330                ST_M_waiting
 .text          0x08000374       0xc0 AAD.o
                0x08000374                AAD_init
                0x08000380                ST_AAD_waitingf
                0x080003ac                ST_AAD_startf
                0x080003cc                ST_AAD_stopf
                0x080003ec                start_alarm
                0x08000410                stop_alarm
 .text          0x08000434      0x10c driver.o
                0x08000434                Delay
                0x08000458                getPressureVal
                0x08000470                Set_Alarm_actuator
                0x080004c0                GPIO_INITIALIZATION
 *(.rodata)
                0x08000540                _E_TEXT = .

.glue_7         0x08000540        0x0
 .glue_7        0x00000000        0x0 linker stubs

.glue_7t        0x08000540        0x0
 .glue_7t       0x00000000        0x0 linker stubs

.vfp11_veneer   0x08000540        0x0
 .vfp11_veneer  0x00000000        0x0 linker stubs

.v4_bx          0x08000540        0x0
 .v4_bx         0x00000000        0x0 linker stubs

.iplt           0x08000540        0x0
 .iplt          0x00000000        0x0 PSD.o

.rel.dyn        0x08000540        0x0
 .rel.iplt      0x00000000        0x0 PSD.o

.data           0x20000000        0x8 load address 0x08000540
                0x20000000                _S_DATA = .
 *(.data)
 .data          0x20000000        0x0 PSD.o
 .data          0x20000000        0x0 startup.o
 .data          0x20000000        0x0 main.o
 .data          0x20000000        0x4 ALG.o
 .data          0x20000004        0x4 MonitorAlarm.o
 .data          0x20000008        0x0 AAD.o
 .data          0x20000008        0x0 driver.o
                0x20000008                . = ALIGN (0x4)
                0x20000008                _E_DATA = .

.igot.plt       0x20000008        0x0 load address 0x08000548
 .igot.plt      0x00000000        0x0 PSD.o

.bss            0x20000008     0x1424 load address 0x08000548
                0x20000008                _S_BSS = .
 *(.bss*)
 .bss           0x20000008        0x4 PSD.o
 .bss           0x2000000c      0x400 startup.o
 .bss           0x2000040c        0x0 main.o
 .bss           0x2000040c        0x4 ALG.o
 .bss           0x20000410        0x0 MonitorAlarm.o
 .bss           0x20000410        0x0 AAD.o
 .bss           0x20000410        0x0 driver.o
                0x20000410                _E_BSS = .
                0x20000410                . = ALIGN (0x4)
                0x20001410                . = (. + 0x1000)
 *fill*         0x20000410     0x1000 
                0x20001410                _STACK_TOP = .
 COMMON         0x20001410        0x5 PSD.o
                0x20001410                PSD_state
                0x20001414                PSD_state_id
 *fill*         0x20001415        0x3 
 COMMON         0x20001418       0x14 main.o
                0x20001418                AAD_state_id
                0x2000141c                ALG_state
                0x20001420                M_state
                0x20001424                ALG_state_id
                0x20001425                M_state_id
                0x20001428                AAD_state_ptr
LOAD PSD.o
LOAD startup.o
LOAD main.o
LOAD ALG.o
LOAD MonitorAlarm.o
LOAD AAD.o
LOAD driver.o
OUTPUT(pressure_detection_project.elf elf32-littlearm)

.debug_info     0x00000000      0x926
 .debug_info    0x00000000      0x12b PSD.o
 .debug_info    0x0000012b      0x18f startup.o
 .debug_info    0x000002ba      0x1db main.o
 .debug_info    0x00000495      0x11a ALG.o
 .debug_info    0x000005af      0x130 MonitorAlarm.o
 .debug_info    0x000006df      0x144 AAD.o
 .debug_info    0x00000823      0x103 driver.o

.debug_abbrev   0x00000000      0x4c2
 .debug_abbrev  0x00000000       0xa1 PSD.o
 .debug_abbrev  0x000000a1       0xd7 startup.o
 .debug_abbrev  0x00000178       0xbf main.o
 .debug_abbrev  0x00000237       0xb4 ALG.o
 .debug_abbrev  0x000002eb       0xa8 MonitorAlarm.o
 .debug_abbrev  0x00000393       0x92 AAD.o
 .debug_abbrev  0x00000425       0x9d driver.o

.debug_loc      0x00000000      0x45c
 .debug_loc     0x00000000       0xb0 PSD.o
 .debug_loc     0x000000b0       0x64 startup.o
 .debug_loc     0x00000114       0x64 main.o
 .debug_loc     0x00000178       0x64 ALG.o
 .debug_loc     0x000001dc       0xb0 MonitorAlarm.o
 .debug_loc     0x0000028c      0x108 AAD.o
 .debug_loc     0x00000394       0xc8 driver.o

.debug_aranges  0x00000000       0xe0
 .debug_aranges
                0x00000000       0x20 PSD.o
 .debug_aranges
                0x00000020       0x20 startup.o
 .debug_aranges
                0x00000040       0x20 main.o
 .debug_aranges
                0x00000060       0x20 ALG.o
 .debug_aranges
                0x00000080       0x20 MonitorAlarm.o
 .debug_aranges
                0x000000a0       0x20 AAD.o
 .debug_aranges
                0x000000c0       0x20 driver.o

.debug_line     0x00000000      0x31e
 .debug_line    0x00000000       0x4e PSD.o
 .debug_line    0x0000004e       0xad startup.o
 .debug_line    0x000000fb       0x8c main.o
 .debug_line    0x00000187       0x48 ALG.o
 .debug_line    0x000001cf       0x61 MonitorAlarm.o
 .debug_line    0x00000230       0x53 AAD.o
 .debug_line    0x00000283       0x9b driver.o

.debug_str      0x00000000      0x322
 .debug_str     0x00000000       0xed PSD.o
                                0x14f (size before relaxing)
 .debug_str     0x000000ed       0x8d startup.o
                                0x15b (size before relaxing)
 .debug_str     0x0000017a       0x7f main.o
                                0x1b6 (size before relaxing)
 .debug_str     0x000001f9       0x3b ALG.o
                                0x134 (size before relaxing)
 .debug_str     0x00000234       0x5a MonitorAlarm.o
                                0x15f (size before relaxing)
 .debug_str     0x0000028e       0x48 AAD.o
                                0x15e (size before relaxing)
 .debug_str     0x000002d6       0x4c driver.o
                                0x128 (size before relaxing)

.comment        0x00000000       0x11
 .comment       0x00000000       0x11 PSD.o
                                 0x12 (size before relaxing)
 .comment       0x00000000       0x12 startup.o
 .comment       0x00000000       0x12 main.o
 .comment       0x00000000       0x12 ALG.o
 .comment       0x00000000       0x12 MonitorAlarm.o
 .comment       0x00000000       0x12 AAD.o
 .comment       0x00000000       0x12 driver.o

.ARM.attributes
                0x00000000       0x33
 .ARM.attributes
                0x00000000       0x33 PSD.o
 .ARM.attributes
                0x00000033       0x33 startup.o
 .ARM.attributes
                0x00000066       0x33 main.o
 .ARM.attributes
                0x00000099       0x33 ALG.o
 .ARM.attributes
                0x000000cc       0x33 MonitorAlarm.o
 .ARM.attributes
                0x000000ff       0x33 AAD.o
 .ARM.attributes
                0x00000132       0x33 driver.o

.debug_frame    0x00000000      0x300
 .debug_frame   0x00000000       0x7c PSD.o
 .debug_frame   0x0000007c       0x4c startup.o
 .debug_frame   0x000000c8       0x4c main.o
 .debug_frame   0x00000114       0x48 ALG.o
 .debug_frame   0x0000015c       0x7c MonitorAlarm.o
 .debug_frame   0x000001d8       0xb0 AAD.o
 .debug_frame   0x00000288       0x78 driver.o
