
Memory Configuration

Name             Origin             Length             Attributes
flash            0x00000000         0x20000000         xr
sram             0x20000000         0x20000000         xrw
*default*        0x00000000         0xffffffff

Linker script and memory map


.text           0x00000000      0x1a8
 *(.vectors*)
 .vectors       0x00000000       0x1c startup.o
                0x00000000                g_p_fn_vectors
 *(.text*)
 .text          0x0000001c       0xc4 startup.o
                0x0000001c                _reset
                0x000000d4                _BUS_FAULT_handler
                0x000000d4                _NMI_handler
                0x000000d4                _DEFAULT_handler
                0x000000d4                _MM_FAULT_handler
                0x000000d4                _USAGE_FAULT_handler
                0x000000d4                _HARD_FAULT_handler
 .text          0x000000e0       0xc8 main.o
                0x000000e0                main
 *(.rodata)
                0x000001a8                _E_TEXT = .

.glue_7         0x000001a8        0x0
 .glue_7        0x00000000        0x0 linker stubs

.glue_7t        0x000001a8        0x0
 .glue_7t       0x00000000        0x0 linker stubs

.vfp11_veneer   0x000001a8        0x0
 .vfp11_veneer  0x00000000        0x0 linker stubs

.v4_bx          0x000001a8        0x0
 .v4_bx         0x00000000        0x0 linker stubs

.iplt           0x000001a8        0x0
 .iplt          0x00000000        0x0 startup.o

.rel.dyn        0x000001a8        0x0
 .rel.iplt      0x00000000        0x0 startup.o

.data           0x20000000        0x0 load address 0x000001a8
                0x20000000                _S_DATA = .
 *(.data)
 .data          0x20000000        0x0 startup.o
 .data          0x20000000        0x0 main.o
                0x20000000                . = ALIGN (0x4)
                0x20000000                _E_DATA = .

.igot.plt       0x20000000        0x0 load address 0x000001a8
 .igot.plt      0x00000000        0x0 startup.o

.bss            0x20000000      0x400 load address 0x000001a8
                0x20000000                _S_BSS = .
 *(.bss*)
 .bss           0x20000000      0x400 startup.o
 .bss           0x20000400        0x0 main.o
                0x20000400                _E_BSS = .
                0x20000400                . = ALIGN (0x4)
LOAD startup.o
LOAD main.o
OUTPUT(unit3_lab4_cortexM4.elf elf32-littlearm)

.debug_info     0x00000000      0x1f4
 .debug_info    0x00000000      0x18f startup.o
 .debug_info    0x0000018f       0x65 main.o

.debug_abbrev   0x00000000      0x131
 .debug_abbrev  0x00000000       0xd7 startup.o
 .debug_abbrev  0x000000d7       0x5a main.o

.debug_loc      0x00000000       0x9c
 .debug_loc     0x00000000       0x64 startup.o
 .debug_loc     0x00000064       0x38 main.o

.debug_aranges  0x00000000       0x40
 .debug_aranges
                0x00000000       0x20 startup.o
 .debug_aranges
                0x00000020       0x20 main.o

.debug_line     0x00000000      0x111
 .debug_line    0x00000000       0xad startup.o
 .debug_line    0x000000ad       0x64 main.o

.debug_str      0x00000000      0x133
 .debug_str     0x00000000      0x11b startup.o
                                0x14f (size before relaxing)
 .debug_str     0x0000011b       0x18 main.o
                                 0x5e (size before relaxing)

.comment        0x00000000       0x11
 .comment       0x00000000       0x11 startup.o
                                 0x12 (size before relaxing)
 .comment       0x00000000       0x12 main.o

.ARM.attributes
                0x00000000       0x33
 .ARM.attributes
                0x00000000       0x33 startup.o
 .ARM.attributes
                0x00000033       0x33 main.o

.debug_frame    0x00000000       0x78
 .debug_frame   0x00000000       0x4c startup.o
 .debug_frame   0x0000004c       0x2c main.o
