STM32F103C6_EXTI_Driver.c:38:6:UPDATE_EXTI	24	static
STM32F103C6_EXTI_Driver.c:122:6:MCAL_EXTI_GPIO_DeInit	4	static
STM32F103C6_EXTI_Driver.c:152:6:MCAL_EXTI_GPIO_Init	16	static
STM32F103C6_EXTI_Driver.c:159:6:MCAL_EXTI_GPIO_Update	16	static
STM32F103C6_EXTI_Driver.c:170:6:EXTI0_IRQHandler	8	static
STM32F103C6_EXTI_Driver.c:178:6:EXTI1_IRQHandler	8	static
STM32F103C6_EXTI_Driver.c:186:6:EXTI2_IRQHandler	8	static
STM32F103C6_EXTI_Driver.c:194:6:EXTI3_IRQHandler	8	static
STM32F103C6_EXTI_Driver.c:202:6:EXTI4_IRQHandler	8	static
STM32F103C6_EXTI_Driver.c:210:6:EXTI9_5_IRQHandler	8	static
STM32F103C6_EXTI_Driver.c:220:6:EXTI15_10_IRQHandler	8	static
