STM32F103C6_USART_Driver.c:55:6:MCAL_UART_Init	16	static
STM32F103C6_USART_Driver.c:125:6:MCAL_UART_DeInit	16	static
STM32F103C6_USART_Driver.c:153:6:MCAL_UART_GPIO_SetPins	24	static
STM32F103C6_USART_Driver.c:274:6:MCAL_UART_SendData	32	static
STM32F103C6_USART_Driver.c:301:6:MCAL_UART_ReceiveData	32	static
STM32F103C6_USART_Driver.c:338:6:MCAL_UART_WAIT_TC	16	static
STM32F103C6_USART_Driver.c:350:6:USART1_IRQHandler	8	static
STM32F103C6_USART_Driver.c:355:6:USART2_IRQHandler	8	static
STM32F103C6_USART_Driver.c:360:6:USART3_IRQHandler	8	static
